Archive member included to satisfy reference by file (symbol)

/usr/lib/gcc/arm-none-eabi/13.2.1/../../../arm-none-eabi/lib/thumb/v7e-m+fp/hard/libg.a(libc_a-strlen.o)
                              build/parser.o (strlen)
/usr/lib/gcc/arm-none-eabi/13.2.1/../../../arm-none-eabi/lib/thumb/v7e-m+fp/hard/libg.a(libc_a-memset.o)
                              /usr/lib/gcc/arm-none-eabi/13.2.1/../../../arm-none-eabi/lib/thumb/v7e-m+fp/hard/crt0.o (memset)
/usr/lib/gcc/arm-none-eabi/13.2.1/../../../arm-none-eabi/lib/thumb/v7e-m+fp/hard/libg.a(libc_a-strtok.o)
                              build/parser.o (strtok)
/usr/lib/gcc/arm-none-eabi/13.2.1/../../../arm-none-eabi/lib/thumb/v7e-m+fp/hard/libg.a(libc_a-strtoul.o)
                              build/parser.o (strtoul)
/usr/lib/gcc/arm-none-eabi/13.2.1/../../../arm-none-eabi/lib/thumb/v7e-m+fp/hard/libg.a(libc_a-setvbuf.o)
                              build/terminal.o (setvbuf)
/usr/lib/gcc/arm-none-eabi/13.2.1/../../../arm-none-eabi/lib/thumb/v7e-m+fp/hard/libg.a(libc_a-errno.o)
                              build/syscall.o (__errno)
/usr/lib/gcc/arm-none-eabi/13.2.1/../../../arm-none-eabi/lib/thumb/v7e-m+fp/hard/libg.a(libc_a-impure.o)
                              build/terminal.o (_impure_ptr)
/usr/lib/gcc/arm-none-eabi/13.2.1/../../../arm-none-eabi/lib/thumb/v7e-m+fp/hard/libg.a(libc_a-strcasecmp.o)
                              build/parser.o (strcasecmp)
/usr/lib/gcc/arm-none-eabi/13.2.1/../../../arm-none-eabi/lib/thumb/v7e-m+fp/hard/libg.a(libc_a-putchar.o)
                              build/parser.o (putchar)
/usr/lib/gcc/arm-none-eabi/13.2.1/../../../arm-none-eabi/lib/thumb/v7e-m+fp/hard/libg.a(libc_a-freer.o)
                              /usr/lib/gcc/arm-none-eabi/13.2.1/../../../arm-none-eabi/lib/thumb/v7e-m+fp/hard/libg.a(libc_a-setvbuf.o) (_free_r)
/usr/lib/gcc/arm-none-eabi/13.2.1/../../../arm-none-eabi/lib/thumb/v7e-m+fp/hard/libg.a(libc_a-strtok_r.o)
                              /usr/lib/gcc/arm-none-eabi/13.2.1/../../../arm-none-eabi/lib/thumb/v7e-m+fp/hard/libg.a(libc_a-strtok.o) (__strtok_r)
/usr/lib/gcc/arm-none-eabi/13.2.1/../../../arm-none-eabi/lib/thumb/v7e-m+fp/hard/libg.a(libc_a-strtol.o)
                              build/parser.o (strtol)
/usr/lib/gcc/arm-none-eabi/13.2.1/../../../arm-none-eabi/lib/thumb/v7e-m+fp/hard/libg.a(libc_a-malloc.o)
                              /usr/lib/gcc/arm-none-eabi/13.2.1/../../../arm-none-eabi/lib/thumb/v7e-m+fp/hard/libg.a(libc_a-setvbuf.o) (malloc)
/usr/lib/gcc/arm-none-eabi/13.2.1/../../../arm-none-eabi/lib/thumb/v7e-m+fp/hard/libg.a(libc_a-putc.o)
                              /usr/lib/gcc/arm-none-eabi/13.2.1/../../../arm-none-eabi/lib/thumb/v7e-m+fp/hard/libg.a(libc_a-putchar.o) (_putc_r)
/usr/lib/gcc/arm-none-eabi/13.2.1/../../../arm-none-eabi/lib/thumb/v7e-m+fp/hard/libg.a(libc_a-sysconf.o)
                              /usr/lib/gcc/arm-none-eabi/13.2.1/../../../arm-none-eabi/lib/thumb/v7e-m+fp/hard/libg.a(libc_a-freer.o) (sysconf)
/usr/lib/gcc/arm-none-eabi/13.2.1/../../../arm-none-eabi/lib/thumb/v7e-m+fp/hard/libg.a(libc_a-init.o)
                              /usr/lib/gcc/arm-none-eabi/13.2.1/../../../arm-none-eabi/lib/thumb/v7e-m+fp/hard/crt0.o (__libc_init_array)
/usr/lib/gcc/arm-none-eabi/13.2.1/../../../arm-none-eabi/lib/thumb/v7e-m+fp/hard/libg.a(libc_a-wbuf.o)
                              /usr/lib/gcc/arm-none-eabi/13.2.1/../../../arm-none-eabi/lib/thumb/v7e-m+fp/hard/libg.a(libc_a-putc.o) (__swbuf_r)
/usr/lib/gcc/arm-none-eabi/13.2.1/../../../arm-none-eabi/lib/thumb/v7e-m+fp/hard/libg.a(libc_a-mlock.o)
                              /usr/lib/gcc/arm-none-eabi/13.2.1/../../../arm-none-eabi/lib/thumb/v7e-m+fp/hard/libg.a(libc_a-freer.o) (__malloc_lock)
/usr/lib/gcc/arm-none-eabi/13.2.1/../../../arm-none-eabi/lib/thumb/v7e-m+fp/hard/libg.a(libc_a-findfp.o)
                              /usr/lib/gcc/arm-none-eabi/13.2.1/../../../arm-none-eabi/lib/thumb/v7e-m+fp/hard/libg.a(libc_a-setvbuf.o) (__sinit)
/usr/lib/gcc/arm-none-eabi/13.2.1/../../../arm-none-eabi/lib/thumb/v7e-m+fp/hard/libg.a(libc_a-puts.o)
                              build/main.o (puts)
/usr/lib/gcc/arm-none-eabi/13.2.1/../../../arm-none-eabi/lib/thumb/v7e-m+fp/hard/libg.a(libc_a-fvwrite.o)
                              /usr/lib/gcc/arm-none-eabi/13.2.1/../../../arm-none-eabi/lib/thumb/v7e-m+fp/hard/libg.a(libc_a-puts.o) (__sfvwrite_r)
/usr/lib/gcc/arm-none-eabi/13.2.1/../../../arm-none-eabi/lib/thumb/v7e-m+fp/hard/libg.a(libc_a-exit.o)
                              /usr/lib/gcc/arm-none-eabi/13.2.1/../../../arm-none-eabi/lib/thumb/v7e-m+fp/hard/crt0.o (exit)
/usr/lib/gcc/arm-none-eabi/13.2.1/../../../arm-none-eabi/lib/thumb/v7e-m+fp/hard/libg.a(libc_a-ctype_.o)
                              build/parser.o (_ctype_)
/usr/lib/gcc/arm-none-eabi/13.2.1/../../../arm-none-eabi/lib/thumb/v7e-m+fp/hard/libg.a(libc_a-atexit.o)
[...]
Memory Configuration

Name             Origin             Length             Attributes
FLASH            0x08000000         0x00040000         xr
RAM              0x20000000         0x0000a000         xrw
CCMRAM           0x10000000         0x00002000         rw
*default*        0x00000000         0xffffffff

Linker script and memory map

LOAD /usr/lib/gcc/arm-none-eabi/13.2.1/thumb/v7e-m+fp/hard/crti.o
LOAD /usr/lib/gcc/arm-none-eabi/13.2.1/thumb/v7e-m+fp/hard/crtbegin.o
LOAD /usr/lib/gcc/arm-none-eabi/13.2.1/../../../arm-none-eabi/lib/thumb/v7e-m+fp/hard/crt0.o
LOAD build/main.o
LOAD build/mycode.o
LOAD build/mytest.o
LOAD build/mes/scao8658_hook.o
LOAD build/mes/scao8658_asm.o
LOAD build/monitor.o
LOAD build/parser.o
LOAD build/dump.o
LOAD build/syscall.o
LOAD build/terminal.o
LOAD build/decoder/decoder.o
LOAD build/decoder/STM32F30x_decoder.o
LOAD build/Drivers/CMSIS/Device/ST/STM32F3xx/Source/Templates/system_stm32f3xx.o
LOAD build/Drivers/STM32F3xx_HAL_Driver/Src/stm32f3xx_hal_rcc.o
LOAD build/Drivers/STM32F3xx_HAL_Driver/Src/stm32f3xx_hal.o
LOAD build/Drivers/STM32F3xx_HAL_Driver/Src/stm32f3xx_hal_cortex.o
LOAD build/Drivers/STM32F3xx_HAL_Driver/Src/stm32f3xx_hal_uart.o
LOAD build/Drivers/STM32F3xx_HAL_Driver/Src/stm32f3xx_hal_gpio.o
LOAD build/Drivers/STM32F3xx_HAL_Driver/Src/stm32f3xx_hal_pcd.o
LOAD build/Drivers/STM32F3xx_HAL_Driver/Src/stm32f3xx_hal_pcd_ex.o
LOAD build/Drivers/STM32F3xx_HAL_Driver/Src/stm32f3xx_hal_i2c.o
LOAD build/Drivers/STM32F3xx_HAL_Driver/Src/stm32f3xx_hal_spi.o
LOAD build/Drivers/STM32_USB_Device_Library/Core/Src/usbd_core.o
LOAD build/Drivers/STM32_USB_Device_Library/Core/Src/usbd_ctlreq.o
LOAD build/Drivers/STM32_USB_Device_Library/Core/Src/usbd_ioreq.o
LOAD build/Drivers/STM32_USB_Device_Library/Class/CDC/Src/usbd_cdc.o
LOAD build/usbd_conf.o
LOAD build/usbd_desc.o
LOAD build/usbd_cdc_interface.o
LOAD build/Drivers/BSP/STM32F3-Discovery/stm32f3_discovery.o
LOAD build/Drivers/BSP/STM32F3-Discovery/stm32f3_discovery_accelerometer.o
LOAD build/Drivers/BSP/STM32F3-Discovery/stm32f3_discovery_gyroscope.o
LOAD build/Drivers/BSP/Components/lsm303dlhc/lsm303dlhc.o
LOAD build/Drivers/BSP/Components/l3gd20/l3gd20.o
LOAD build/Drivers/BSP/Components/i3g4250d/i3g4250d.o
LOAD build/Drivers/BSP/Components/lsm303agr/lsm303agr.o
LOAD build/Drivers/CMSIS/Device/ST/STM32F3xx/Source/Templates/gcc/startup_stm32f303xc.o
START GROUP
LOAD /usr/lib/gcc/arm-none-eabi/13.2.1/thumb/v7e-m+fp/hard/libgcc.a
LOAD /usr/lib/gcc/arm-none-eabi/13.2.1/../../../arm-none-eabi/lib/thumb/v7e-m+fp/hard/libg.a
LOAD /usr/lib/gcc/arm-none-eabi/13.2.1/../../../arm-none-eabi/lib/thumb/v7e-m+fp/hard/libc.a
END GROUP
START GROUP
LOAD /usr/lib/gcc/arm-none-eabi/13.2.1/thumb/v7e-m+fp/hard/libgcc.a
LOAD /usr/lib/gcc/arm-none-eabi/13.2.1/../../../arm-none-eabi/lib/thumb/v7e-m+fp/hard/libc.a
LOAD /usr/lib/gcc/arm-none-eabi/13.2.1/../../../arm-none-eabi/lib/thumb/v7e-m+fp/hard/libnosys.a
END GROUP
LOAD /usr/lib/gcc/arm-none-eabi/13.2.1/thumb/v7e-m+fp/hard/crtend.o
LOAD /usr/lib/gcc/arm-none-eabi/13.2.1/thumb/v7e-m+fp/hard/crtn.o
                0x20008000                        _estack = 0x20008000
                0x00001000                        _Min_Heap_Size = 0x1000
                0x00000400                        _Min_Stack_Size = 0x400

.isr_vector     0x08000000      0x188
                0x08000000                        . = ALIGN (0x4)
 *(.isr_vector)
 .isr_vector    0x08000000      0x188 build/Drivers/CMSIS/Device/ST/STM32F3xx/Source/Templates/gcc/startup_stm32f303xc.o
                0x08000000                g_pfnVectors
                0x08000188                        . = ALIGN (0x4)

.text           0x080001c0     0xad3c
                0x080001c0                        . = ALIGN (0x4)
 *(.text)
 .text          0x080001c0       0x88 /usr/lib/gcc/arm-none-eabi/13.2.1/thumb/v7e-m+fp/hard/crtbegin.o
 .text          0x08000248       0x34 build/mycode.o
                0x08000248                mytest
                0x0800025c                my_Tick
                0x08000270                my_Loop
                0x08000274                my_Init
 .text          0x0800027c       0xa0 build/mes/scao8658_asm.o
                0x0800027c                scao8658_add_test
                0x080002ae                scao8658_string_test
                0x080002c0                scao8658_a2
                0x080002fa                busy_delay
 *fill*         0x0800031c       0x24 
 .text          0x08000340       0xd8 /usr/lib/gcc/arm-none-eabi/13.2.1/../../../arm-none-eabi/lib/thumb/v7e-m+fp/hard/libg.a(libc_a-strlen.o)
                0x08000340                strlen
 .text          0x08000418       0xa4 /usr/lib/gcc/arm-none-eabi/13.2.1/../../../arm-none-eabi/lib/thumb/v7e-m+fp/hard/libg.a(libc_a-memset.o)
                0x08000418                memset
 .text          0x080004bc       0x10 /usr/lib/gcc/arm-none-eabi/13.2.1/../../../arm-none-eabi/lib/thumb/v7e-m+fp/hard/libg.a(libc_a-strtok.o)
                0x080004bc                strtok
 .text          0x080004cc      0x168 /usr/lib/gcc/arm-none-eabi/13.2.1/../../../arm-none-eabi/lib/thumb/v7e-m+fp/hard/libg.a(libc_a-strtoul.o)
                0x08000600                _strtoul_r
                0x08000604                strtoul_l
                0x0800061c                strtoul
 .text          0x08000634      0x164 /usr/lib/gcc/arm-none-eabi/13.2.1/../../../arm-none-eabi/lib/thumb/v7e-m+fp/hard/libg.a(libc_a-setvbuf.o)
                0x08000634                setvbuf
 .text          0x08000798        0xc /usr/lib/gcc/arm-none-eabi/13.2.1/../../../arm-none-eabi/lib/thumb/v7e-m+fp/hard/libg.a(libc_a-errno.o)
                0x08000798                __errno
 .text          0x080007a4       0x4c /usr/lib/gcc/arm-none-eabi/13.2.1/../../../arm-none-eabi/lib/thumb/v7e-m+fp/hard/libg.a(libc_a-strcasecmp.o)
                0x080007a4                strcasecmp
 .text          0x080007f0       0x18 /usr/lib/gcc/arm-none-eabi/13.2.1/../../../arm-none-eabi/lib/thumb/v7e-m+fp/hard/libg.a(libc_a-putchar.o)
                0x080007f0                _putchar_r
                0x080007f8                putchar
 .text          0x08000808      0x2b0 /usr/lib/gcc/arm-none-eabi/13.2.1/../../../arm-none-eabi/lib/thumb/v7e-m+fp/hard/libg.a(libc_a-freer.o)
                0x08000808                _malloc_trim_r
                0x080008c0                _free_r
 .text          0x08000ab8       0x6c /usr/lib/gcc/arm-none-eabi/13.2.1/../../../arm-none-eabi/lib/thumb/v7e-m+fp/hard/libg.a(libc_a-strtok_r.o)
                0x08000ab8                __strtok_r
                0x08000b1c                strtok_r
 .text          0x08000b24       0x20 /usr/lib/gcc/arm-none-eabi/13.2.1/../../../arm-none-eabi/lib/thumb/v7e-m+fp/hard/libg.a(libc_a-malloc.o)
                0x08000b24                malloc
                0x08000b34                free
 .text          0x08000b44       0xa4 /usr/lib/gcc/arm-none-eabi/13.2.1/../../../arm-none-eabi/lib/thumb/v7e-m+fp/hard/libg.a(libc_a-putc.o)
                0x08000b44                _putc_r
                0x08000b90                putc
 .text          0x08000be8       0x1c /usr/lib/gcc/arm-none-eabi/13.2.1/../../../arm-none-eabi/lib/thumb/v7e-m+fp/hard/libg.a(libc_a-sysconf.o)
                0x08000be8                sysconf
 .text          0x08000c04       0x50 /usr/lib/gcc/arm-none-eabi/13.2.1/../../../arm-none-eabi/lib/thumb/v7e-m+fp/hard/libg.a(libc_a-init.o)
                0x08000c04                __libc_init_array
 .text          0x08000c54       0xc4 /usr/lib/gcc/arm-none-eabi/13.2.1/../../../arm-none-eabi/lib/thumb/v7e-m+fp/hard/libg.a(libc_a-wbuf.o)
                0x08000c54                __swbuf_r
                0x08000d00                __swbuf
 .text          0x08000d18        0x8 /usr/lib/gcc/arm-none-eabi/13.2.1/../../../arm-none-eabi/lib/thumb/v7e-m+fp/hard/libg.a(libc_a-mlock.o)
                0x08000d18                __malloc_lock
                0x08000d1c                __malloc_unlock
 .text          0x08000d20      0x224 /usr/lib/gcc/arm-none-eabi/13.2.1/../../../arm-none-eabi/lib/thumb/v7e-m+fp/hard/libg.a(libc_a-findfp.o)
                0x08000e50                __sfp
                0x08000ef4                __sinit
                0x08000f14                __sfp_lock_acquire
                0x08000f18                __sfp_lock_release
                0x08000f1c                __fp_lock_all
                0x08000f30                __fp_unlock_all
 .text          0x08000f44       0x7c /usr/lib/gcc/arm-none-eabi/13.2.1/../../../arm-none-eabi/lib/thumb/v7e-m+fp/hard/libg.a(libc_a-puts.o)
                0x08000f44                _puts_r
                0x08000fb0                puts
 .text          0x08000fc0      0x300 /usr/lib/gcc/arm-none-eabi/13.2.1/../../../arm-none-eabi/lib/thumb/v7e-m+fp/hard/libg.a(libc_a-fvwrite.o)
                0x08000fc0                __sfvwrite_r
 .text          0x080012c0        0xc /usr/lib/gcc/arm-none-eabi/13.2.1/../../../arm-none-eabi/lib/thumb/v7e-m+fp/hard/libg.a(libc_a-atexit.o)
                0x080012c0                atexit
 .text          0x080012cc       0x48 /usr/lib/gcc/arm-none-eabi/13.2.1/../../../arm-none-eabi/lib/thumb/v7e-m+fp/hard/libg.a(libc_a-printf.o)
                0x080012cc                _printf_r
                0x080012ec                printf
 .text          0x08001314       0xbc /usr/lib/gcc/arm-none-eabi/13.2.1/../../../arm-none-eabi/lib/thumb/v7e-m+fp/hard/libg.a(libc_a-strcpy.o)
                0x08001314                strcpy
 .text          0x080013d0       0x28 /usr/lib/gcc/arm-none-eabi/13.2.1/../../../arm-none-eabi/lib/thumb/v7e-m+fp/hard/libg.a(libc_a-fini.o)
                0x080013d0                __libc_fini_array
 .text          0x080013f8       0x44 /usr/lib/gcc/arm-none-eabi/13.2.1/../../../arm-none-eabi/lib/thumb/v7e-m+fp/hard/libg.a(libc_a-fwalk.o)
                0x080013f8                _fwalk_sglue
 *fill*         0x0800143c        0x4 
 .text          0x08001440     0x14ac /usr/lib/gcc/arm-none-eabi/13.2.1/../../../arm-none-eabi/lib/thumb/v7e-m+fp/hard/libg.a(libc_a-vfprintf.o)
                0x08001440                _vfprintf_r
                0x08002864                vfprintf
 .text          0x080028ec      0x13c /usr/lib/gcc/arm-none-eabi/13.2.1/../../../arm-none-eabi/lib/thumb/v7e-m+fp/hard/libg.a(libc_a-makebuf.o)
                0x080028ec                __smakebuf_r
                0x080029c8                __swhatbuf_r
 *fill*         0x08002a28        0x8 
 .text          0x08002a30       0xa0 /usr/lib/gcc/arm-none-eabi/13.2.1/../../../arm-none-eabi/lib/thumb/v7e-m+fp/hard/libg.a(libc_a-memchr.o)
                0x08002a30                memchr
 .text          0x08002ad0      0x1ac /usr/lib/gcc/arm-none-eabi/13.2.1/../../../arm-none-eabi/lib/thumb/v7e-m+fp/hard/libg.a(libc_a-fflush.o)
                0x08002ad0                __sflush_r
                0x08002c08                _fflush_r
                0x08002c34                fflush
 .text          0x08002c7c      0x100 /usr/lib/gcc/arm-none-eabi/13.2.1/../../../arm-none-eabi/lib/thumb/v7e-m+fp/hard/libg.a(libc_a-memmove.o)
                0x08002c7c                memmove
 .text          0x08002d7c      0x554 /usr/lib/gcc/arm-none-eabi/13.2.1/../../../arm-none-eabi/lib/thumb/v7e-m+fp/hard/libg.a(libc_a-mallocr.o)
                0x08002d7c                _malloc_r
 .text          0x080032d0      0xfb0 /usr/lib/gcc/arm-none-eabi/13.2.1/../../../arm-none-eabi/lib/thumb/v7e-m+fp/hard/libg.a(libc_a-dtoa.o)
                0x080033fc                _dtoa_r
 .text          0x08004280       0xc4 /usr/lib/gcc/arm-none-eabi/13.2.1/../../../arm-none-eabi/lib/thumb/v7e-m+fp/hard/libg.a(libc_a-wsetup.o)
                0x08004280                __swsetup_r
 .text          0x08004344       0x90 /usr/lib/gcc/arm-none-eabi/13.2.1/../../../arm-none-eabi/lib/thumb/v7e-m+fp/hard/libg.a(libc_a-fclose.o)
                0x08004344                _fclose_r
                0x080043c4                fclose
 .text          0x080043d4      0x134 /usr/lib/gcc/arm-none-eabi/13.2.1/../../../arm-none-eabi/lib/thumb/v7e-m+fp/hard/libg.a(libc_a-memcpy.o)
                0x080043d4                memcpy
 .text          0x08004508       0x94 /usr/lib/gcc/arm-none-eabi/13.2.1/../../../arm-none-eabi/lib/thumb/v7e-m+fp/hard/libg.a(libc_a-stdio.o)
                0x08004508                __sread
                0x0800452c                __seofread
                0x08004530                __swrite
                0x08004570                __sseek
                0x08004594                __sclose
 .text          0x0800459c       0x64 /usr/lib/gcc/arm-none-eabi/13.2.1/../../../arm-none-eabi/lib/thumb/v7e-m+fp/hard/libg.a(libc_a-__atexit.o)
                0x0800459c                __register_exitproc
 .text          0x08004600      0x344 /usr/lib/gcc/arm-none-eabi/13.2.1/../../../arm-none-eabi/lib/thumb/v7e-m+fp/hard/libg.a(libc_a-reallocr.o)
                0x08004600                _realloc_r
 .text          0x08004944       0x20 /usr/lib/gcc/arm-none-eabi/13.2.1/../../../arm-none-eabi/lib/thumb/v7e-m+fp/hard/libg.a(libc_a-sprint_r.o)
                0x08004944                __sprint_r
 .text          0x08004964       0x4c /usr/lib/gcc/arm-none-eabi/13.2.1/../../../arm-none-eabi/lib/thumb/v7e-m+fp/hard/libg.a(libc_a-assert.o)
                0x08004964                __assert_func
                0x080049a4                __assert
 .text          0x080049b0      0xab8 /usr/lib/gcc/arm-none-eabi/13.2.1/../../../arm-none-eabi/lib/thumb/v7e-m+fp/hard/libg.a(libc_a-mprec.o)
                0x080049b0                _Balloc
                0x080049fc                _Bfree
                0x08004a10                __multadd
                0x08004ab0                __s2b
                0x08004b64                __hi0bits
                0x08004ba8                __lo0bits
                0x08004c08                __i2b
                0x08004c64                __multiply
                0x08004dd0                __pow5mult
                0x08004e84                __lshift
                0x08004f74                __mcmp
                0x08004fb8                __mdiff
                0x08005130                __ulp
                0x08005194                __b2d
                0x08005250                __d2b
                0x08005310                __ratio
                0x08005370                _mprec_log10
                0x080053b0                __copybits
                0x0800540c                __any_on
 .text          0x08005468       0x14 /usr/lib/gcc/arm-none-eabi/13.2.1/../../../arm-none-eabi/lib/thumb/v7e-m+fp/hard/libg.a(libc_a-localeconv.o)
                0x08005468                __localeconv_l
                0x0800546c                _localeconv_r
                0x08005474                localeconv
 .text          0x0800547c       0x40 /usr/lib/gcc/arm-none-eabi/13.2.1/../../../arm-none-eabi/lib/thumb/v7e-m+fp/hard/libg.a(libc_a-mbtowc_r.o)
                0x0800547c                _mbtowc_r
                0x08005490                __ascii_mbtowc
 .text          0x080054bc       0x10 /usr/lib/gcc/arm-none-eabi/13.2.1/../../../arm-none-eabi/lib/thumb/v7e-m+fp/hard/libg.a(libc_a-abort.o)
                0x080054bc                abort
 .text          0x080054cc       0x6c /usr/lib/gcc/arm-none-eabi/13.2.1/../../../arm-none-eabi/lib/thumb/v7e-m+fp/hard/libg.a(libc_a-callocr.o)
                0x080054cc                _calloc_r
 .text          0x08005538       0x44 /usr/lib/gcc/arm-none-eabi/13.2.1/../../../arm-none-eabi/lib/thumb/v7e-m+fp/hard/libg.a(libc_a-fiprintf.o)
                0x08005538                _fiprintf_r
                0x08005554                fiprintf
 .text          0x0800557c       0x30 /usr/lib/gcc/arm-none-eabi/13.2.1/../../../arm-none-eabi/lib/thumb/v7e-m+fp/hard/libg.a(libc_a-wctomb_r.o)
                0x0800557c                _wctomb_r
                0x08005590                __ascii_wctomb
 .text          0x080055ac      0x280 /usr/lib/gcc/arm-none-eabi/13.2.1/../../../arm-none-eabi/lib/thumb/v7e-m+fp/hard/libg.a(libc_a-signal.o)
                0x080055ac                _init_signal_r
                0x080055dc                _signal_r
                0x0800562c                _raise_r
                0x08005680                __sigtramp_r
                0x080056e4                raise
                0x0800573c                signal
                0x0800578c                _init_signal
                0x080057c4                __sigtramp
 .text          0x0800582c       0x30 /usr/lib/gcc/arm-none-eabi/13.2.1/../../../arm-none-eabi/lib/thumb/v7e-m+fp/hard/libg.a(libc_a-signalr.o)
                0x0800582c                _kill_r
                0x08005858                _getpid_r
 .text          0x0800585c      0xb44 /usr/lib/gcc/arm-none-eabi/13.2.1/../../../arm-none-eabi/lib/thumb/v7e-m+fp/hard/libg.a(libc_a-vfiprintf.o)
                0x0800585c                _vfiprintf_r
                0x08006318                vfiprintf
 .text          0x080063a0      0x378 /usr/lib/gcc/arm-none-eabi/13.2.1/thumb/v7e-m+fp/hard/libgcc.a(_arm_addsubdf3.o)
                0x080063a0                __aeabi_drsub
                0x080063a8                __aeabi_dsub
                0x080063a8                __subdf3
                0x080063ac                __adddf3
                0x080063ac                __aeabi_dadd
                0x08006624                __aeabi_ui2d
                0x08006624                __floatunsidf
                0x08006644                __floatsidf
                0x08006644                __aeabi_i2d
                0x08006668                __extendsfdf2
                0x08006668                __aeabi_f2d
                0x080066ac                __aeabi_ul2d
                0x080066ac                __floatundidf
                0x080066bc                __floatdidf
                0x080066bc                __aeabi_l2d
 .text          0x08006718      0x424 /usr/lib/gcc/arm-none-eabi/13.2.1/thumb/v7e-m+fp/hard/libgcc.a(_arm_muldivdf3.o)
                0x08006718                __aeabi_dmul
                0x08006718                __muldf3
                0x0800696c                __aeabi_ddiv
                0x0800696c                __divdf3
 .text          0x08006b3c      0x110 /usr/lib/gcc/arm-none-eabi/13.2.1/thumb/v7e-m+fp/hard/libgcc.a(_arm_cmpdf2.o)
                0x08006b3c                __gtdf2
                0x08006b3c                __gedf2
                0x08006b44                __ltdf2
                0x08006b44                __ledf2
                0x08006b4c                __cmpdf2
                0x08006b4c                __eqdf2
                0x08006b4c                __nedf2
                0x08006bc8                __aeabi_cdrcmple
                0x08006bd8                __aeabi_cdcmple
                0x08006bd8                __aeabi_cdcmpeq
                0x08006be8                __aeabi_dcmpeq
                0x08006bfc                __aeabi_dcmplt
                0x08006c10                __aeabi_dcmple
                0x08006c24                __aeabi_dcmpge
                0x08006c38                __aeabi_dcmpgt
 .text          0x08006c4c       0x2c /usr/lib/gcc/arm-none-eabi/13.2.1/thumb/v7e-m+fp/hard/libgcc.a(_arm_unorddf2.o)
                0x08006c4c                __aeabi_dcmpun
                0x08006c4c                __unorddf2
 .text          0x08006c78       0x50 /usr/lib/gcc/arm-none-eabi/13.2.1/thumb/v7e-m+fp/hard/libgcc.a(_arm_fixdfsi.o)
                0x08006c78                __fixdfsi
                0x08006c78                __aeabi_d2iz
 .text          0x08006cc8       0x10 /usr/lib/gcc/arm-none-eabi/13.2.1/../../../arm-none-eabi/lib/thumb/v7e-m+fp/hard/libnosys.a(getpid.o)
                0x08006cc8                _getpid
 .text          0x08006cd8       0x10 /usr/lib/gcc/arm-none-eabi/13.2.1/../../../arm-none-eabi/lib/thumb/v7e-m+fp/hard/libnosys.a(kill.o)
                0x08006cd8                _kill
 .text          0x08006ce8        0x4 /usr/lib/gcc/arm-none-eabi/13.2.1/../../../arm-none-eabi/lib/thumb/v7e-m+fp/hard/libnosys.a(_exit.o)
                0x08006ce8                _exit
 *(.text*)
 .text.CmdLED   0x08006cec       0x5c build/main.o
                0x08006cec                CmdLED
 .text.CmdGyro  0x08006d48       0x4c build/main.o
                0x08006d48                CmdGyro
 .text.CmdButton
                0x08006d94       0x2c build/main.o
                0x08006d94                CmdButton
 .text.Error_Handler
                0x08006dc0        0xa build/main.o
                0x08006dc0                Error_Handler
 *fill*         0x08006dca        0x2 
 .text.startup.main
                0x08006dcc       0x8c build/main.o
                0x08006dcc                main
 .text.SysTick_Handler
                0x08006e58        0xe build/main.o
                0x08006e58                SysTick_Handler
 *fill*         0x08006e66        0x2 
 .text.CmdTest  0x08006e68       0x30 build/mytest.o
                0x08006e68                CmdTest
 .text.scao8658_StringTest
                0x08006e98       0x3c build/mes/scao8658_hook.o
                0x08006e98                scao8658_StringTest
 .text.AddTest  0x08006ed4       0x44 build/mes/scao8658_hook.o
                0x08006ed4                AddTest
 .text._scao8658_Assignment2
                0x08006f18       0x50 build/mes/scao8658_hook.o
                0x08006f18                _scao8658_Assignment2
 .text.CmdW     0x08006f68       0x1c build/monitor.o
                0x08006f68                CmdW
 .text.CmdR     0x08006f84       0x20 build/monitor.o
                0x08006f84                CmdR
 .text.parse    0x08006fa4       0xf0 build/parser.o
                0x08006fa4                parse
 .text.TaskInput
                0x08007094      0x13c build/parser.o
                0x08007094                TaskInput
 .text.fetch_uint32_arg
                0x080071d0       0x28 build/parser.o
                0x080071d0                fetch_uint32_arg
 .text.fetch_string_arg
                0x080071f8       0x20 build/parser.o
                0x080071f8                fetch_string_arg
 .text.DumpBuffer
                0x08007218       0xa8 build/dump.o
                0x08007218                DumpBuffer
 .text.CmdDump  0x080072c0       0x54 build/dump.o
                0x080072c0                CmdDump
 .text._sbrk_r  0x08007314       0x30 build/syscall.o
                0x08007314                _sbrk_r
 .text._close_r
                0x08007344        0x6 build/syscall.o
                0x08007344                _close_r
 .text._fstat_r
                0x0800734a        0xa build/syscall.o
                0x0800734a                _fstat_r
 .text._isatty_r
                0x08007354        0x4 build/syscall.o
                0x08007354                _isatty_r
 .text._lseek_r
                0x08007358        0x4 build/syscall.o
                0x08007358                _lseek_r
 .text.USBD_CDC_DataIn
                0x0800735c       0x7c build/terminal.o
 .text.CmdStats
                0x080073d8       0x48 build/terminal.o
                0x080073d8                CmdStats
 .text.TerminalInit
                0x08007420       0x7c build/terminal.o
                0x08007420                TerminalInit
 .text.TerminalRead
                0x0800749c       0x4c build/terminal.o
                0x0800749c                TerminalRead
 .text._read_r  0x080074e8        0xa build/terminal.o
                0x080074e8                _read_r
 .text.TerminalReadNonBlock
                0x080074f2       0x10 build/terminal.o
                0x080074f2                TerminalReadNonBlock
 .text.TerminalReadAnyNonBlock
                0x08007502       0x12 build/terminal.o
                0x08007502                TerminalReadAnyNonBlock
 .text.TerminalOutputBufferWrite
                0x08007514       0xec build/terminal.o
                0x08007514                TerminalOutputBufferWrite
 .text._write_r
                0x08007600       0x40 build/terminal.o
                0x08007600                _write_r
 .text.TerminalInputBufferWrite
                0x08007640       0x64 build/terminal.o
                0x08007640                TerminalInputBufferWrite
 .text.USB_LP_CAN_RX0_IRQHandler
                0x080076a4        0xc build/terminal.o
                0x080076a4                USB_LP_CAN_RX0_IRQHandler
 .text.Uncompress
                0x080076b0       0x7c build/decoder/decoder.o
 .text.DecodeReadRegister
                0x0800772c       0x54 build/decoder/decoder.o
                0x0800772c                DecodeReadRegister
 .text.DecodeWriteRegister
                0x08007780       0x54 build/decoder/decoder.o
                0x08007780                DecodeWriteRegister
 .text.DecodeField
                0x080077d4       0x4c build/decoder/decoder.o
                0x080077d4                DecodeField
 .text.DecodeRegister
                0x08007820       0x5c build/decoder/decoder.o
                0x08007820                DecodeRegister
 .text.DecodePeripheral
                0x0800787c       0x54 build/decoder/decoder.o
                0x0800787c                DecodePeripheral
 .text.DecodePrintPeripherals
                0x080078d0       0x54 build/decoder/decoder.o
                0x080078d0                DecodePrintPeripherals
 .text.DecodePrintRegisters
                0x08007924       0x64 build/decoder/decoder.o
                0x08007924                DecodePrintRegisters
 .text.CmdDecode
                0x08007988      0x270 build/decoder/decoder.o
                0x08007988                CmdDecode
 .text.SystemInit
                0x08007bf8       0x68 build/Drivers/CMSIS/Device/ST/STM32F3xx/Source/Templates/system_stm32f3xx.o
                0x08007bf8                SystemInit
 .text.HAL_RCC_OscConfig
                0x08007c60      0x58c build/Drivers/STM32F3xx_HAL_Driver/Src/stm32f3xx_hal_rcc.o
                0x08007c60                HAL_RCC_OscConfig
 .text.HAL_RCC_ClockConfig
                0x080081ec      0x298 build/Drivers/STM32F3xx_HAL_Driver/Src/stm32f3xx_hal_rcc.o
                0x080081ec                HAL_RCC_ClockConfig
 .text.HAL_RCC_GetSysClockFreq
                0x08008484       0x6c build/Drivers/STM32F3xx_HAL_Driver/Src/stm32f3xx_hal_rcc.o
                0x08008484                HAL_RCC_GetSysClockFreq
 .text.HAL_RCC_GetHCLKFreq
                0x080084f0       0x38 build/Drivers/STM32F3xx_HAL_Driver/Src/stm32f3xx_hal_rcc.o
                0x080084f0                HAL_RCC_GetHCLKFreq
 .text.HAL_MspInit
                0x08008528        0x2 build/Drivers/STM32F3xx_HAL_Driver/Src/stm32f3xx_hal.o
                0x08008528                HAL_MspInit
 .text.HAL_InitTick
                0x0800852a       0x24 build/Drivers/STM32F3xx_HAL_Driver/Src/stm32f3xx_hal.o
                0x0800852a                HAL_InitTick
 *fill*         0x0800854e        0x2 
 .text.HAL_Init
                0x08008550       0x24 build/Drivers/STM32F3xx_HAL_Driver/Src/stm32f3xx_hal.o
                0x08008550                HAL_Init
 .text.HAL_IncTick
                0x08008574       0x10 build/Drivers/STM32F3xx_HAL_Driver/Src/stm32f3xx_hal.o
                0x08008574                HAL_IncTick
 .text.HAL_GetTick
                0x08008584        0xc build/Drivers/STM32F3xx_HAL_Driver/Src/stm32f3xx_hal.o
                0x08008584                HAL_GetTick
 .text.HAL_Delay
                0x08008590       0x1a build/Drivers/STM32F3xx_HAL_Driver/Src/stm32f3xx_hal.o
                0x08008590                HAL_Delay
 *fill*         0x080085aa        0x2 
 .text.HAL_NVIC_SetPriorityGrouping
                0x080085ac       0x24 build/Drivers/STM32F3xx_HAL_Driver/Src/stm32f3xx_hal_cortex.o
                0x080085ac                HAL_NVIC_SetPriorityGrouping
 .text.HAL_NVIC_SetPriority
                0x080085d0       0x64 build/Drivers/STM32F3xx_HAL_Driver/Src/stm32f3xx_hal_cortex.o
                0x080085d0                HAL_NVIC_SetPriority
 .text.HAL_NVIC_EnableIRQ
                0x08008634       0x18 build/Drivers/STM32F3xx_HAL_Driver/Src/stm32f3xx_hal_cortex.o
                0x08008634                HAL_NVIC_EnableIRQ
 .text.HAL_SYSTICK_Config
                0x0800864c       0x28 build/Drivers/STM32F3xx_HAL_Driver/Src/stm32f3xx_hal_cortex.o
                0x0800864c                HAL_SYSTICK_Config
 .text.HAL_GPIO_Init
                0x08008674      0x17c build/Drivers/STM32F3xx_HAL_Driver/Src/stm32f3xx_hal_gpio.o
                0x08008674                HAL_GPIO_Init
 .text.HAL_GPIO_ReadPin
                0x080087f0        0xc build/Drivers/STM32F3xx_HAL_Driver/Src/stm32f3xx_hal_gpio.o
                0x080087f0                HAL_GPIO_ReadPin
 .text.HAL_GPIO_WritePin
                0x080087fc        0xa build/Drivers/STM32F3xx_HAL_Driver/Src/stm32f3xx_hal_gpio.o
                0x080087fc                HAL_GPIO_WritePin
 .text.HAL_GPIO_TogglePin
                0x08008806        0x8 build/Drivers/STM32F3xx_HAL_Driver/Src/stm32f3xx_hal_gpio.o
                0x08008806                HAL_GPIO_TogglePin
 .text.HAL_PCD_Init
                0x0800880e       0x92 build/Drivers/STM32F3xx_HAL_Driver/Src/stm32f3xx_hal_pcd.o
                0x0800880e                HAL_PCD_Init
 .text.HAL_PCD_Start
                0x080088a0        0xc build/Drivers/STM32F3xx_HAL_Driver/Src/stm32f3xx_hal_pcd.o
                0x080088a0                HAL_PCD_Start
 .text.HAL_PCD_SetAddress
                0x080088ac       0x2c build/Drivers/STM32F3xx_HAL_Driver/Src/stm32f3xx_hal_pcd.o
                0x080088ac                HAL_PCD_SetAddress
 .text.HAL_PCD_EP_Open
                0x080088d8      0x2e8 build/Drivers/STM32F3xx_HAL_Driver/Src/stm32f3xx_hal_pcd.o
                0x080088d8                HAL_PCD_EP_Open
 .text.HAL_PCD_EP_Close
                0x08008bc0      0x1be build/Drivers/STM32F3xx_HAL_Driver/Src/stm32f3xx_hal_pcd.o
                0x08008bc0                HAL_PCD_EP_Close
 *fill*         0x08008d7e        0x2 
 .text.HAL_PCD_EP_Receive
                0x08008d80       0xc8 build/Drivers/STM32F3xx_HAL_Driver/Src/stm32f3xx_hal_pcd.o
                0x08008d80                HAL_PCD_EP_Receive
 .text.HAL_PCD_EP_GetRxCount
                0x08008e48       0x10 build/Drivers/STM32F3xx_HAL_Driver/Src/stm32f3xx_hal_pcd.o
                0x08008e48                HAL_PCD_EP_GetRxCount
 .text.HAL_PCD_EP_Transmit
                0x08008e58      0x116 build/Drivers/STM32F3xx_HAL_Driver/Src/stm32f3xx_hal_pcd.o
                0x08008e58                HAL_PCD_EP_Transmit
 *fill*         0x08008f6e        0x2 
 .text.HAL_PCD_IRQHandler
                0x08008f70      0x488 build/Drivers/STM32F3xx_HAL_Driver/Src/stm32f3xx_hal_pcd.o
                0x08008f70                HAL_PCD_IRQHandler
 .text.HAL_PCD_EP_SetStall
                0x080093f8       0xa2 build/Drivers/STM32F3xx_HAL_Driver/Src/stm32f3xx_hal_pcd.o
                0x080093f8                HAL_PCD_EP_SetStall
 .text.HAL_PCD_EP_ClrStall
                0x0800949a       0xbe build/Drivers/STM32F3xx_HAL_Driver/Src/stm32f3xx_hal_pcd.o
                0x0800949a                HAL_PCD_EP_ClrStall
 .text.HAL_PCDEx_PMAConfig
                0x08009558       0x36 build/Drivers/STM32F3xx_HAL_Driver/Src/stm32f3xx_hal_pcd_ex.o
                0x08009558                HAL_PCDEx_PMAConfig
 .text.PCD_WritePMA
                0x0800958e       0x1c build/Drivers/STM32F3xx_HAL_Driver/Src/stm32f3xx_hal_pcd_ex.o
                0x0800958e                PCD_WritePMA
 .text.PCD_ReadPMA
                0x080095aa       0x1c build/Drivers/STM32F3xx_HAL_Driver/Src/stm32f3xx_hal_pcd_ex.o
                0x080095aa                PCD_ReadPMA
 .text.HAL_PCDEx_SetConnectionState
                0x080095c6        0x2 build/Drivers/STM32F3xx_HAL_Driver/Src/stm32f3xx_hal_pcd_ex.o
                0x080095c6                HAL_PCDEx_SetConnectionState
 .text.SPI_WaitFifoStateUntilTimeout
                0x080095c8       0x94 build/Drivers/STM32F3xx_HAL_Driver/Src/stm32f3xx_hal_spi.o
 .text.SPI_WaitFlagStateUntilTimeout
                0x0800965c       0x82 build/Drivers/STM32F3xx_HAL_Driver/Src/stm32f3xx_hal_spi.o
 .text.SPI_EndRxTxTransaction
                0x080096de       0x48 build/Drivers/STM32F3xx_HAL_Driver/Src/stm32f3xx_hal_spi.o
 .text.HAL_SPI_MspInit
                0x08009726        0x2 build/Drivers/STM32F3xx_HAL_Driver/Src/stm32f3xx_hal_spi.o
                0x08009726                HAL_SPI_MspInit
 .text.HAL_SPI_Init
                0x08009728       0xa4 build/Drivers/STM32F3xx_HAL_Driver/Src/stm32f3xx_hal_spi.o
                0x08009728                HAL_SPI_Init
 .text.HAL_SPI_MspDeInit
                0x080097cc        0x2 build/Drivers/STM32F3xx_HAL_Driver/Src/stm32f3xx_hal_spi.o
                0x080097cc                HAL_SPI_MspDeInit
 .text.HAL_SPI_DeInit
                0x080097ce       0x2a build/Drivers/STM32F3xx_HAL_Driver/Src/stm32f3xx_hal_spi.o
                0x080097ce                HAL_SPI_DeInit
 .text.HAL_SPI_TransmitReceive
                0x080097f8      0x274 build/Drivers/STM32F3xx_HAL_Driver/Src/stm32f3xx_hal_spi.o
                0x080097f8                HAL_SPI_TransmitReceive
 .text.HAL_SPI_GetState
                0x08009a6c        0x6 build/Drivers/STM32F3xx_HAL_Driver/Src/stm32f3xx_hal_spi.o
                0x08009a6c                HAL_SPI_GetState
 .text.USBD_Init
                0x08009a72       0x2a build/Drivers/STM32_USB_Device_Library/Core/Src/usbd_core.o
                0x08009a72                USBD_Init
 .text.USBD_RegisterClass
                0x08009a9c        0xe build/Drivers/STM32_USB_Device_Library/Core/Src/usbd_core.o
                0x08009a9c                USBD_RegisterClass
 .text.USBD_Start
                0x08009aaa        0xa build/Drivers/STM32_USB_Device_Library/Core/Src/usbd_core.o
                0x08009aaa                USBD_Start
 .text.USBD_SetClassConfig
                0x08009ab4       0x1a build/Drivers/STM32_USB_Device_Library/Core/Src/usbd_core.o
                0x08009ab4                USBD_SetClassConfig
 .text.USBD_ClrClassConfig
                0x08009ace        0xe build/Drivers/STM32_USB_Device_Library/Core/Src/usbd_core.o
                0x08009ace                USBD_ClrClassConfig
 .text.USBD_LL_SetupStage
                0x08009adc       0x5a build/Drivers/STM32_USB_Device_Library/Core/Src/usbd_core.o
                0x08009adc                USBD_LL_SetupStage
 .text.USBD_LL_DataOutStage
                0x08009b36       0x60 build/Drivers/STM32_USB_Device_Library/Core/Src/usbd_core.o
                0x08009b36                USBD_LL_DataOutStage
 .text.USBD_LL_DataInStage
                0x08009b96       0x8c build/Drivers/STM32_USB_Device_Library/Core/Src/usbd_core.o
                0x08009b96                USBD_LL_DataInStage
 .text.USBD_LL_Reset
                0x08009c22       0x3e build/Drivers/STM32_USB_Device_Library/Core/Src/usbd_core.o
                0x08009c22                USBD_LL_Reset
 .text.USBD_LL_SetSpeed
                0x08009c60        0x6 build/Drivers/STM32_USB_Device_Library/Core/Src/usbd_core.o
                0x08009c60                USBD_LL_SetSpeed
 .text.USBD_LL_SOF
                0x08009c66       0x18 build/Drivers/STM32_USB_Device_Library/Core/Src/usbd_core.o
                0x08009c66                USBD_LL_SOF
 .text.USBD_CtlError.constprop.0
                0x08009c7e       0x16 build/Drivers/STM32_USB_Device_Library/Core/Src/usbd_ctlreq.o
 .text.USBD_StdDevReq
                0x08009c94      0x1f4 build/Drivers/STM32_USB_Device_Library/Core/Src/usbd_ctlreq.o
                0x08009c94                USBD_StdDevReq
 .text.USBD_StdItfReq
                0x08009e88       0x30 build/Drivers/STM32_USB_Device_Library/Core/Src/usbd_ctlreq.o
                0x08009e88                USBD_StdItfReq
 .text.USBD_StdEPReq
                0x08009eb8       0xb8 build/Drivers/STM32_USB_Device_Library/Core/Src/usbd_ctlreq.o
                0x08009eb8                USBD_StdEPReq
 .text.USBD_ParseSetupRequest
                0x08009f70       0x16 build/Drivers/STM32_USB_Device_Library/Core/Src/usbd_ctlreq.o
                0x08009f70                USBD_ParseSetupRequest
 .text.USBD_GetString
                0x08009f86       0x38 build/Drivers/STM32_USB_Device_Library/Core/Src/usbd_ctlreq.o
                0x08009f86                USBD_GetString
 .text.USBD_CtlSendData
                0x08009fbe       0x1a build/Drivers/STM32_USB_Device_Library/Core/Src/usbd_ioreq.o
                0x08009fbe                USBD_CtlSendData
 .text.USBD_CtlContinueSendData
                0x08009fd8       0x10 build/Drivers/STM32_USB_Device_Library/Core/Src/usbd_ioreq.o
                0x08009fd8                USBD_CtlContinueSendData
 .text.USBD_CtlPrepareRx
                0x08009fe8       0x1a build/Drivers/STM32_USB_Device_Library/Core/Src/usbd_ioreq.o
                0x08009fe8                USBD_CtlPrepareRx
 .text.USBD_CtlContinueRx
                0x0800a002       0x10 build/Drivers/STM32_USB_Device_Library/Core/Src/usbd_ioreq.o
                0x0800a002                USBD_CtlContinueRx
 .text.USBD_CtlSendStatus
                0x0800a012       0x16 build/Drivers/STM32_USB_Device_Library/Core/Src/usbd_ioreq.o
                0x0800a012                USBD_CtlSendStatus
 .text.USBD_CtlReceiveStatus
                0x0800a028       0x16 build/Drivers/STM32_USB_Device_Library/Core/Src/usbd_ioreq.o
                0x0800a028                USBD_CtlReceiveStatus
 .text.USBD_CDC_DataIn
                0x0800a03e       0x12 build/Drivers/STM32_USB_Device_Library/Class/CDC/Src/usbd_cdc.o
 .text.USBD_CDC_EP0_RxReady
                0x0800a050       0x28 build/Drivers/STM32_USB_Device_Library/Class/CDC/Src/usbd_cdc.o
 .text.USBD_CDC_GetFSCfgDesc
                0x0800a078        0xc build/Drivers/STM32_USB_Device_Library/Class/CDC/Src/usbd_cdc.o
 .text.USBD_CDC_GetHSCfgDesc
                0x0800a084        0xc build/Drivers/STM32_USB_Device_Library/Class/CDC/Src/usbd_cdc.o
 .text.USBD_CDC_GetOtherSpeedCfgDesc
                0x0800a090        0xc build/Drivers/STM32_USB_Device_Library/Class/CDC/Src/usbd_cdc.o
 .text.USBD_CDC_GetDeviceQualifierDescriptor
                0x0800a09c        0xc build/Drivers/STM32_USB_Device_Library/Class/CDC/Src/usbd_cdc.o
                0x0800a09c                USBD_CDC_GetDeviceQualifierDescriptor
 .text.USBD_CDC_DataOut
                0x0800a0a8       0x2e build/Drivers/STM32_USB_Device_Library/Class/CDC/Src/usbd_cdc.o
 .text.USBD_CDC_Setup
                0x0800a0d6       0x56 build/Drivers/STM32_USB_Device_Library/Class/CDC/Src/usbd_cdc.o
 .text.USBD_CDC_DeInit
                0x0800a12c       0x3a build/Drivers/STM32_USB_Device_Library/Class/CDC/Src/usbd_cdc.o
 .text.USBD_CDC_Init
                0x0800a166       0x7e build/Drivers/STM32_USB_Device_Library/Class/CDC/Src/usbd_cdc.o
 .text.USBD_CDC_RegisterInterface
                0x0800a1e4        0xe build/Drivers/STM32_USB_Device_Library/Class/CDC/Src/usbd_cdc.o
                0x0800a1e4                USBD_CDC_RegisterInterface
 .text.USBD_CDC_SetTxBuffer
                0x0800a1f2       0x10 build/Drivers/STM32_USB_Device_Library/Class/CDC/Src/usbd_cdc.o
                0x0800a1f2                USBD_CDC_SetTxBuffer
 .text.USBD_CDC_SetRxBuffer
                0x0800a202        0xc build/Drivers/STM32_USB_Device_Library/Class/CDC/Src/usbd_cdc.o
                0x0800a202                USBD_CDC_SetRxBuffer
 .text.USBD_CDC_TransmitPacket
                0x0800a20e       0x2e build/Drivers/STM32_USB_Device_Library/Class/CDC/Src/usbd_cdc.o
                0x0800a20e                USBD_CDC_TransmitPacket
 .text.USBD_CDC_ReceivePacket
                0x0800a23c       0x26 build/Drivers/STM32_USB_Device_Library/Class/CDC/Src/usbd_cdc.o
                0x0800a23c                USBD_CDC_ReceivePacket
 *fill*         0x0800a262        0x2 
 .text.HAL_PCD_MspInit
                0x0800a264       0x98 build/usbd_conf.o
                0x0800a264                HAL_PCD_MspInit
 .text.HAL_PCD_SetupStageCallback
                0x0800a2fc        0xc build/usbd_conf.o
                0x0800a2fc                HAL_PCD_SetupStageCallback
 .text.HAL_PCD_DataOutStageCallback
                0x0800a308       0x12 build/usbd_conf.o
                0x0800a308                HAL_PCD_DataOutStageCallback
 .text.HAL_PCD_DataInStageCallback
                0x0800a31a       0x10 build/usbd_conf.o
                0x0800a31a                HAL_PCD_DataInStageCallback
 .text.HAL_PCD_SOFCallback
                0x0800a32a        0x8 build/usbd_conf.o
                0x0800a32a                HAL_PCD_SOFCallback
 .text.HAL_PCD_ResetCallback
                0x0800a332       0x1a build/usbd_conf.o
                0x0800a332                HAL_PCD_ResetCallback
 .text.HAL_PCD_SuspendCallback
                0x0800a34c        0x2 build/usbd_conf.o
                0x0800a34c                HAL_PCD_SuspendCallback
 .text.HAL_PCD_ResumeCallback
                0x0800a34e        0x2 build/usbd_conf.o
                0x0800a34e                HAL_PCD_ResumeCallback
 .text.USBD_LL_Init
                0x0800a350       0x7c build/usbd_conf.o
                0x0800a350                USBD_LL_Init
 .text.USBD_LL_Start
                0x0800a3cc        0xe build/usbd_conf.o
                0x0800a3cc                USBD_LL_Start
 .text.USBD_LL_OpenEP
                0x0800a3da       0x14 build/usbd_conf.o
                0x0800a3da                USBD_LL_OpenEP
 .text.USBD_LL_CloseEP
                0x0800a3ee        0xe build/usbd_conf.o
                0x0800a3ee                USBD_LL_CloseEP
 .text.USBD_LL_StallEP
                0x0800a3fc        0xe build/usbd_conf.o
                0x0800a3fc                USBD_LL_StallEP
 .text.USBD_LL_ClearStallEP
                0x0800a40a        0xe build/usbd_conf.o
                0x0800a40a                USBD_LL_ClearStallEP
 .text.USBD_LL_IsStallEP
                0x0800a418       0x26 build/usbd_conf.o
                0x0800a418                USBD_LL_IsStallEP
 .text.USBD_LL_SetUSBAddress
                0x0800a43e        0xe build/usbd_conf.o
                0x0800a43e                USBD_LL_SetUSBAddress
 .text.USBD_LL_Transmit
                0x0800a44c        0xe build/usbd_conf.o
                0x0800a44c                USBD_LL_Transmit
 .text.USBD_LL_PrepareReceive
                0x0800a45a        0xe build/usbd_conf.o
                0x0800a45a                USBD_LL_PrepareReceive
 .text.USBD_LL_GetRxDataSize
                0x0800a468        0xc build/usbd_conf.o
                0x0800a468                USBD_LL_GetRxDataSize
 .text.USBD_static_malloc
                0x0800a474        0x8 build/usbd_conf.o
                0x0800a474                USBD_static_malloc
 .text.USBD_static_free
                0x0800a47c        0x2 build/usbd_conf.o
                0x0800a47c                USBD_static_free
 *fill*         0x0800a47e        0x2 
 .text.USBD_VCP_DeviceDescriptor
                0x0800a480        0xc build/usbd_desc.o
                0x0800a480                USBD_VCP_DeviceDescriptor
 .text.USBD_VCP_LangIDStrDescriptor
                0x0800a48c        0xc build/usbd_desc.o
                0x0800a48c                USBD_VCP_LangIDStrDescriptor
 .text.IntToUnicode
                0x0800a498       0x2a build/usbd_desc.o
 *fill*         0x0800a4c2        0x2 
 .text.USBD_VCP_SerialStrDescriptor
                0x0800a4c4       0x3c build/usbd_desc.o
                0x0800a4c4                USBD_VCP_SerialStrDescriptor
 .text.USBD_VCP_ProductStrDescriptor
                0x0800a500       0x1c build/usbd_desc.o
                0x0800a500                USBD_VCP_ProductStrDescriptor
 .text.USBD_VCP_ManufacturerStrDescriptor
                0x0800a51c       0x1c build/usbd_desc.o
                0x0800a51c                USBD_VCP_ManufacturerStrDescriptor
 .text.USBD_VCP_ConfigStrDescriptor
                0x0800a538       0x1c build/usbd_desc.o
                0x0800a538                USBD_VCP_ConfigStrDescriptor
 .text.USBD_VCP_InterfaceStrDescriptor
                0x0800a554       0x1c build/usbd_desc.o
                0x0800a554                USBD_VCP_InterfaceStrDescriptor
 .text.CDC_Itf_DeInit
                0x0800a570        0x4 build/usbd_cdc_interface.o
 .text.CDC_Itf_Control
                0x0800a574       0x48 build/usbd_cdc_interface.o
 .text.CDC_Itf_Receive
                0x0800a5bc       0x1c build/usbd_cdc_interface.o
 .text.CDC_Itf_Init
                0x0800a5d8       0x18 build/usbd_cdc_interface.o
 .text.SPIx_Init
                0x0800a5f0       0x88 build/Drivers/BSP/STM32F3-Discovery/stm32f3_discovery.o
 .text.SPIx_WriteRead
                0x0800a678       0x40 build/Drivers/BSP/STM32F3-Discovery/stm32f3_discovery.o
 .text.BSP_LED_Init
                0x0800a6b8       0x5c build/Drivers/BSP/STM32F3-Discovery/stm32f3_discovery.o
                0x0800a6b8                BSP_LED_Init
 .text.BSP_LED_On
                0x0800a714       0x1c build/Drivers/BSP/STM32F3-Discovery/stm32f3_discovery.o
                0x0800a714                BSP_LED_On
 .text.BSP_LED_Off
                0x0800a730       0x1c build/Drivers/BSP/STM32F3-Discovery/stm32f3_discovery.o
                0x0800a730                BSP_LED_Off
 .text.BSP_LED_Toggle
                0x0800a74c       0x18 build/Drivers/BSP/STM32F3-Discovery/stm32f3_discovery.o
                0x0800a74c                BSP_LED_Toggle
 .text.BSP_PB_Init
                0x0800a764       0x74 build/Drivers/BSP/STM32F3-Discovery/stm32f3_discovery.o
                0x0800a764                BSP_PB_Init
 .text.BSP_PB_GetState
                0x0800a7d8       0x14 build/Drivers/BSP/STM32F3-Discovery/stm32f3_discovery.o
                0x0800a7d8                BSP_PB_GetState
 .text.GYRO_IO_Init
                0x0800a7ec       0x64 build/Drivers/BSP/STM32F3-Discovery/stm32f3_discovery.o
                0x0800a7ec                GYRO_IO_Init
 .text.GYRO_IO_Write
                0x0800a850       0x44 build/Drivers/BSP/STM32F3-Discovery/stm32f3_discovery.o
                0x0800a850                GYRO_IO_Write
 .text.GYRO_IO_Read
                0x0800a894       0x48 build/Drivers/BSP/STM32F3-Discovery/stm32f3_discovery.o
                0x0800a894                GYRO_IO_Read
 .text.BSP_GYRO_Init
                0x0800a8dc       0x68 build/Drivers/BSP/STM32F3-Discovery/stm32f3_discovery_gyroscope.o
                0x0800a8dc                BSP_GYRO_Init
 .text.BSP_GYRO_GetXYZ
                0x0800a944       0x10 build/Drivers/BSP/STM32F3-Discovery/stm32f3_discovery_gyroscope.o
                0x0800a944                BSP_GYRO_GetXYZ
 .text.L3GD20_DeInit
                0x0800a954        0x2 build/Drivers/BSP/Components/l3gd20/l3gd20.o
                0x0800a954                L3GD20_DeInit
 .text.L3GD20_Init
                0x0800a956       0x34 build/Drivers/BSP/Components/l3gd20/l3gd20.o
                0x0800a956                L3GD20_Init
 .text.L3GD20_LowPower
                0x0800a98a       0x18 build/Drivers/BSP/Components/l3gd20/l3gd20.o
                0x0800a98a                L3GD20_LowPower
 .text.L3GD20_ReadID
                0x0800a9a2       0x1c build/Drivers/BSP/Components/l3gd20/l3gd20.o
                0x0800a9a2                L3GD20_ReadID
 .text.L3GD20_RebootCmd
                0x0800a9be       0x2c build/Drivers/BSP/Components/l3gd20/l3gd20.o
                0x0800a9be                L3GD20_RebootCmd
 .text.L3GD20_INT1InterruptConfig
                0x0800a9ea       0x5e build/Drivers/BSP/Components/l3gd20/l3gd20.o
                0x0800a9ea                L3GD20_INT1InterruptConfig
 .text.L3GD20_EnableIT
                0x0800aa48       0x40 build/Drivers/BSP/Components/l3gd20/l3gd20.o
                0x0800aa48                L3GD20_EnableIT
 .text.L3GD20_DisableIT
                0x0800aa88       0x3c build/Drivers/BSP/Components/l3gd20/l3gd20.o
                0x0800aa88                L3GD20_DisableIT
 .text.L3GD20_FilterConfig
                0x0800aac4       0x2e build/Drivers/BSP/Components/l3gd20/l3gd20.o
                0x0800aac4                L3GD20_FilterConfig
 .text.L3GD20_FilterCmd
                0x0800aaf2       0x2e build/Drivers/BSP/Components/l3gd20/l3gd20.o
                0x0800aaf2                L3GD20_FilterCmd
 .text.L3GD20_ReadXYZAngRate
                0x0800ab20       0xc8 build/Drivers/BSP/Components/l3gd20/l3gd20.o
                0x0800ab20                L3GD20_ReadXYZAngRate
 .text.I3G4250D_DeInit
                0x0800abe8        0x2 build/Drivers/BSP/Components/i3g4250d/i3g4250d.o
                0x0800abe8                I3G4250D_DeInit
 .text.I3G4250D_Init
                0x0800abea       0x34 build/Drivers/BSP/Components/i3g4250d/i3g4250d.o
                0x0800abea                I3G4250D_Init
 .text.I3G4250D_LowPower
                0x0800ac1e       0x18 build/Drivers/BSP/Components/i3g4250d/i3g4250d.o
                0x0800ac1e                I3G4250D_LowPower
 .text.I3G4250D_ReadID
                0x0800ac36       0x1c build/Drivers/BSP/Components/i3g4250d/i3g4250d.o
                0x0800ac36                I3G4250D_ReadID
 .text.I3G4250D_RebootCmd
                0x0800ac52       0x2c build/Drivers/BSP/Components/i3g4250d/i3g4250d.o
                0x0800ac52                I3G4250D_RebootCmd
 .text.I3G4250D_INT1InterruptConfig
                0x0800ac7e       0x5e build/Drivers/BSP/Components/i3g4250d/i3g4250d.o
                0x0800ac7e                I3G4250D_INT1InterruptConfig
 .text.I3G4250D_EnableIT
                0x0800acdc       0x40 build/Drivers/BSP/Components/i3g4250d/i3g4250d.o
                0x0800acdc                I3G4250D_EnableIT
 .text.I3G4250D_DisableIT
                0x0800ad1c       0x3c build/Drivers/BSP/Components/i3g4250d/i3g4250d.o
                0x0800ad1c                I3G4250D_DisableIT
 .text.I3G4250D_FilterConfig
                0x0800ad58       0x2e build/Drivers/BSP/Components/i3g4250d/i3g4250d.o
                0x0800ad58                I3G4250D_FilterConfig
 .text.I3G4250D_FilterCmd
                0x0800ad86       0x2e build/Drivers/BSP/Components/i3g4250d/i3g4250d.o
                0x0800ad86                I3G4250D_FilterCmd
 .text.I3G4250D_ReadXYZAngRate
                0x0800adb4       0xc8 build/Drivers/BSP/Components/i3g4250d/i3g4250d.o
                0x0800adb4                I3G4250D_ReadXYZAngRate
 .text.Reset_Handler
                0x0800ae7c       0x50 build/Drivers/CMSIS/Device/ST/STM32F3xx/Source/Templates/gcc/startup_stm32f303xc.o
                0x0800ae7c                Reset_Handler
 .text.Default_Handler
                0x0800aecc        0x2 build/Drivers/CMSIS/Device/ST/STM32F3xx/Source/Templates/gcc/startup_stm32f303xc.o
                0x0800aecc                RTC_Alarm_IRQHandler
                0x0800aecc                TIM8_TRG_COM_IRQHandler
                0x0800aecc                TIM8_CC_IRQHandler
                0x0800aecc                DebugMon_Handler
                0x0800aecc                TIM1_CC_IRQHandler
                0x0800aecc                HardFault_Handler
                0x0800aecc                USB_HP_IRQHandler
                0x0800aecc                PVD_IRQHandler
                0x0800aecc                TAMP_STAMP_IRQHandler
                0x0800aecc                PendSV_Handler
                0x0800aecc                NMI_Handler
                0x0800aecc                EXTI3_IRQHandler
                0x0800aecc                USB_HP_CAN_TX_IRQHandler
                0x0800aecc                EXTI0_IRQHandler
                0x0800aecc                I2C2_EV_IRQHandler
                0x0800aecc                FPU_IRQHandler
                0x0800aecc                TIM1_UP_TIM16_IRQHandler
                0x0800aecc                UsageFault_Handler
                0x0800aecc                ADC1_2_IRQHandler
                0x0800aecc                SPI1_IRQHandler
                0x0800aecc                CAN_SCE_IRQHandler
                0x0800aecc                TIM6_DAC_IRQHandler
                0x0800aecc                TIM8_UP_IRQHandler
                0x0800aecc                DMA2_Channel2_IRQHandler
                0x0800aecc                DMA1_Channel4_IRQHandler
                0x0800aecc                USART3_IRQHandler
                0x0800aecc                DMA1_Channel7_IRQHandler
                0x0800aecc                UART5_IRQHandler
                0x0800aecc                ADC3_IRQHandler
                0x0800aecc                TIM4_IRQHandler
                0x0800aecc                CAN_RX1_IRQHandler
                0x0800aecc                DMA2_Channel1_IRQHandler
                0x0800aecc                I2C1_EV_IRQHandler
                0x0800aecc                DMA1_Channel6_IRQHandler
                0x0800aecc                UART4_IRQHandler
                0x0800aecc                DMA2_Channel4_IRQHandler
                0x0800aecc                TIM3_IRQHandler
                0x0800aecc                RCC_IRQHandler
                0x0800aecc                DMA1_Channel1_IRQHandler
                0x0800aecc                Default_Handler
                0x0800aecc                USBWakeUp_RMP_IRQHandler
                0x0800aecc                EXTI15_10_IRQHandler
                0x0800aecc                TIM7_IRQHandler
                0x0800aecc                EXTI9_5_IRQHandler
                0x0800aecc                RTC_WKUP_IRQHandler
                0x0800aecc                SPI2_IRQHandler
                0x0800aecc                MemManage_Handler
                0x0800aecc                SVC_Handler
                0x0800aecc                DMA2_Channel5_IRQHandler
                0x0800aecc                DMA1_Channel5_IRQHandler
                0x0800aecc                USB_LP_IRQHandler
                0x0800aecc                EXTI4_IRQHandler
                0x0800aecc                TIM1_TRG_COM_TIM17_IRQHandler
                0x0800aecc                DMA1_Channel3_IRQHandler
                0x0800aecc                ADC4_IRQHandler
                0x0800aecc                WWDG_IRQHandler
                0x0800aecc                TIM2_IRQHandler
                0x0800aecc                COMP7_IRQHandler
                0x0800aecc                COMP1_2_3_IRQHandler
                0x0800aecc                EXTI1_IRQHandler
                0x0800aecc                USART2_IRQHandler
                0x0800aecc                COMP4_5_6_IRQHandler
                0x0800aecc                I2C2_ER_IRQHandler
                0x0800aecc                DMA1_Channel2_IRQHandler
                0x0800aecc                TIM8_BRK_IRQHandler
                0x0800aecc                FLASH_IRQHandler
                0x0800aecc                BusFault_Handler
                0x0800aecc                USART1_IRQHandler
                0x0800aecc                SPI3_IRQHandler
                0x0800aecc                I2C1_ER_IRQHandler
                0x0800aecc                USBWakeUp_IRQHandler
                0x0800aecc                DMA2_Channel3_IRQHandler
                0x0800aecc                EXTI2_TSC_IRQHandler
                0x0800aecc                TIM1_BRK_TIM15_IRQHandler
 *fill*         0x0800aece        0x2 
 .text.startup  0x0800aed0       0x14 /usr/lib/gcc/arm-none-eabi/13.2.1/../../../arm-none-eabi/lib/thumb/v7e-m+fp/hard/libg.a(libc_a-__call_atexit.o)
 *(.glue_7)
 .glue_7        0x0800aee4        0x0 linker stubs
 *(.glue_7t)
 .glue_7t       0x0800aee4        0x0 linker stubs
 *(.eh_frame)
 .eh_frame      0x0800aee4        0x0 /usr/lib/gcc/arm-none-eabi/13.2.1/thumb/v7e-m+fp/hard/crtbegin.o
 *(.init)
 .init          0x0800aee4        0x4 /usr/lib/gcc/arm-none-eabi/13.2.1/thumb/v7e-m+fp/hard/crti.o
                0x0800aee4                _init
 .init          0x0800aee8        0x8 /usr/lib/gcc/arm-none-eabi/13.2.1/thumb/v7e-m+fp/hard/crtn.o
 *(.fini)
 .fini          0x0800aef0        0x4 /usr/lib/gcc/arm-none-eabi/13.2.1/thumb/v7e-m+fp/hard/crti.o
                0x0800aef0                _fini
 .fini          0x0800aef4        0x8 /usr/lib/gcc/arm-none-eabi/13.2.1/thumb/v7e-m+fp/hard/crtn.o
                0x0800aefc                        . = ALIGN (0x4)
                0x0800aefc                        _etext = .

.vfp11_veneer   0x0800aefc        0x0
 .vfp11_veneer  0x0800aefc        0x0 linker stubs

.v4_bx          0x0800aefc        0x0
 .v4_bx         0x0800aefc        0x0 linker stubs

.iplt           0x0800aefc        0x0
 .iplt          0x0800aefc        0x0 /usr/lib/gcc/arm-none-eabi/13.2.1/thumb/v7e-m+fp/hard/crtbegin.o

.rodata         0x0800af00     0xfaa8
                0x0800af00                        . = ALIGN (0x4)
 *(.rodata)
 .rodata        0x0800af00      0x494 build/decoder/STM32F30x_decoder.o
 .rodata        0x0800b394      0x101 /usr/lib/gcc/arm-none-eabi/13.2.1/../../../arm-none-eabi/lib/thumb/v7e-m+fp/hard/libg.a(libc_a-ctype_.o)
                0x0800b394                _ctype_
 *fill*         0x0800b495        0x3 
 .rodata        0x0800b498       0x20 /usr/lib/gcc/arm-none-eabi/13.2.1/../../../arm-none-eabi/lib/thumb/v7e-m+fp/hard/libg.a(libc_a-vfprintf.o)
 .rodata        0x0800b4b8      0x128 /usr/lib/gcc/arm-none-eabi/13.2.1/../../../arm-none-eabi/lib/thumb/v7e-m+fp/hard/libg.a(libc_a-mprec.o)
                0x0800b4c8                __mprec_tens
                0x0800b590                __mprec_tinytens
                0x0800b5b8                __mprec_bigtens
 .rodata        0x0800b5e0       0x20 /usr/lib/gcc/arm-none-eabi/13.2.1/../../../arm-none-eabi/lib/thumb/v7e-m+fp/hard/libg.a(libc_a-vfiprintf.o)
 *(.rodata*)
 .rodata.CmdLED.str1.1
                0x0800b600     0x352a build/main.o
                                 0x68 (size before relaxing)
 .rodata.CmdGyro.str1.1
                0x0800eb2a       0x2f build/main.o
 .rodata.CmdButton.str1.1
                0x0800eb2a       0x2a build/main.o
 .rodata.main.str1.1
                0x0800eb2a       0x1f build/main.o
 .rodata.str1.1
                0x0800eb2a       0x7b build/main.o
 .rodata.LEDs   0x0800eb2a        0x8 build/main.o
                0x0800eb2a                LEDs
 .rodata.CmdTest.str1.1
                0x0800eb32       0x47 build/mytest.o
 .rodata.str1.1
                0x0800eb32       0x16 build/mytest.o
 .rodata.scao8658_StringTest.str1.1
                0x0800eb32       0x5a build/mes/scao8658_hook.o
 .rodata.AddTest.str1.1
                0x0800eb32       0x64 build/mes/scao8658_hook.o
 .rodata._scao8658_Assignment2.str1.1
                0x0800eb32       0x57 build/mes/scao8658_hook.o
 .rodata.str1.1
                0x0800eb32       0x6d build/mes/scao8658_hook.o
 .rodata.CmdR.str1.1
                0x0800eb32       0x10 build/monitor.o
 .rodata.str1.1
                0x0800eb32       0x3d build/monitor.o
 .rodata.parse.str1.1
                0x0800eb32       0xd6 build/parser.o
 .rodata.TaskInput.str1.1
                0x0800eb32        0xe build/parser.o
 .rodata.__FUNCTION__.0
                0x0800eb32        0x6 build/parser.o
 .rodata.DumpBuffer.str1.1
                0x0800eb38       0x16 build/dump.o
 .rodata.CmdDump.str1.1
                0x0800eb38      0x1ca build/dump.o
 .rodata.str1.1
                0x0800eb38       0x1e build/dump.o
 .rodata.CmdStats.str1.1
                0x0800eb38       0x78 build/terminal.o
 .rodata._write_r.str1.1
                0x0800eb38        0x2 build/terminal.o
 .rodata.str1.1
                0x0800eb38       0x32 build/terminal.o
 .rodata.Uncompress.str1.1
                0x0800eb38       0x26 build/decoder/decoder.o
 .rodata.DecodeReadRegister.str1.1
                0x0800eb38       0x35 build/decoder/decoder.o
 .rodata.DecodeField.str1.1
                0x0800eb38       0x35 build/decoder/decoder.o
 .rodata.DecodeRegister.str1.1
                0x0800eb38       0x3b build/decoder/decoder.o
 .rodata.DecodePeripheral.str1.1
                0x0800eb38       0x28 build/decoder/decoder.o
 .rodata.DecodePrintPeripherals.str1.1
                0x0800eb38        0x9 build/decoder/decoder.o
 .rodata.CmdDecode.str1.1
                0x0800eb38      0x405 build/decoder/decoder.o
 .rodata.str1.1
                0x0800eb38       0x28 build/decoder/decoder.o
 .rodata.str1.1
                0x0800eb38     0x2921 build/decoder/STM32F30x_decoder.o
 .rodata.Peripherals
                0x0800eb38      0x370 build/decoder/STM32F30x_decoder.o
                0x0800eb38                Peripherals
 .rodata.DBGMCU_registers
                0x0800eea8       0x40 build/decoder/STM32F30x_decoder.o
                0x0800eea8                DBGMCU_registers
 .rodata.DBGMCU_APB2FZ_fields
                0x0800eee8       0x20 build/decoder/STM32F30x_decoder.o
                0x0800eee8                DBGMCU_APB2FZ_fields
 .rodata.DBGMCU_APB1FZ_fields
                0x0800ef08       0x80 build/decoder/STM32F30x_decoder.o
                0x0800ef08                DBGMCU_APB1FZ_fields
 .rodata.DBGMCU_CR_fields
                0x0800ef88       0x28 build/decoder/STM32F30x_decoder.o
                0x0800ef88                DBGMCU_CR_fields
 .rodata.DBGMCU_IDCODE_fields
                0x0800efb0       0x10 build/decoder/STM32F30x_decoder.o
                0x0800efb0                DBGMCU_IDCODE_fields
 .rodata.FPU_registers
                0x0800efc0       0x60 build/decoder/STM32F30x_decoder.o
                0x0800efc0                FPU_registers
 .rodata.FPU_MVFR1_fields
                0x0800f020       0x20 build/decoder/STM32F30x_decoder.o
                0x0800f020                FPU_MVFR1_fields
 .rodata.FPU_MVFR0_fields
                0x0800f040       0x40 build/decoder/STM32F30x_decoder.o
                0x0800f040                FPU_MVFR0_fields
 .rodata.FPU_FPDSCR_fields
                0x0800f080       0x20 build/decoder/STM32F30x_decoder.o
                0x0800f080                FPU_FPDSCR_fields
 .rodata.FPU_FPCAR_fields
                0x0800f0a0        0x8 build/decoder/STM32F30x_decoder.o
                0x0800f0a0                FPU_FPCAR_fields
 .rodata.FPU_FPCCR_fields
                0x0800f0a8       0x48 build/decoder/STM32F30x_decoder.o
                0x0800f0a8                FPU_FPCCR_fields
 .rodata.FPU_CPACR_fields
                0x0800f0f0       0x50 build/decoder/STM32F30x_decoder.o
                0x0800f0f0                FPU_CPACR_fields
 .rodata.NVIC_registers
                0x0800f140      0x260 build/decoder/STM32F30x_decoder.o
                0x0800f140                NVIC_registers
 .rodata.NVIC_STIR_fields
                0x0800f3a0        0x8 build/decoder/STM32F30x_decoder.o
                0x0800f3a0                NVIC_STIR_fields
 .rodata.NVIC_IPR20_fields
                0x0800f3a8       0x20 build/decoder/STM32F30x_decoder.o
                0x0800f3a8                NVIC_IPR20_fields
 .rodata.NVIC_IPR19_fields
                0x0800f3c8       0x20 build/decoder/STM32F30x_decoder.o
                0x0800f3c8                NVIC_IPR19_fields
 .rodata.NVIC_IPR18_fields
                0x0800f3e8       0x20 build/decoder/STM32F30x_decoder.o
                0x0800f3e8                NVIC_IPR18_fields
 .rodata.NVIC_IPR17_fields
                0x0800f408       0x20 build/decoder/STM32F30x_decoder.o
                0x0800f408                NVIC_IPR17_fields
 .rodata.NVIC_IPR16_fields
                0x0800f428       0x20 build/decoder/STM32F30x_decoder.o
                0x0800f428                NVIC_IPR16_fields
 .rodata.NVIC_IPR15_fields
                0x0800f448       0x20 build/decoder/STM32F30x_decoder.o
                0x0800f448                NVIC_IPR15_fields
 .rodata.NVIC_IPR14_fields
                0x0800f468       0x20 build/decoder/STM32F30x_decoder.o
                0x0800f468                NVIC_IPR14_fields
 .rodata.NVIC_IPR13_fields
                0x0800f488       0x20 build/decoder/STM32F30x_decoder.o
                0x0800f488                NVIC_IPR13_fields
 .rodata.NVIC_IPR12_fields
                0x0800f4a8       0x20 build/decoder/STM32F30x_decoder.o
                0x0800f4a8                NVIC_IPR12_fields
 .rodata.NVIC_IPR11_fields
                0x0800f4c8       0x20 build/decoder/STM32F30x_decoder.o
                0x0800f4c8                NVIC_IPR11_fields
 .rodata.NVIC_IPR10_fields
                0x0800f4e8       0x20 build/decoder/STM32F30x_decoder.o
                0x0800f4e8                NVIC_IPR10_fields
 .rodata.NVIC_IPR9_fields
                0x0800f508       0x20 build/decoder/STM32F30x_decoder.o
                0x0800f508                NVIC_IPR9_fields
 .rodata.NVIC_IPR8_fields
                0x0800f528       0x20 build/decoder/STM32F30x_decoder.o
                0x0800f528                NVIC_IPR8_fields
 .rodata.NVIC_IPR7_fields
                0x0800f548       0x20 build/decoder/STM32F30x_decoder.o
                0x0800f548                NVIC_IPR7_fields
 .rodata.NVIC_IPR6_fields
                0x0800f568       0x20 build/decoder/STM32F30x_decoder.o
                0x0800f568                NVIC_IPR6_fields
 .rodata.NVIC_IPR5_fields
                0x0800f588       0x20 build/decoder/STM32F30x_decoder.o
                0x0800f588                NVIC_IPR5_fields
 .rodata.NVIC_IPR4_fields
                0x0800f5a8       0x20 build/decoder/STM32F30x_decoder.o
                0x0800f5a8                NVIC_IPR4_fields
 .rodata.NVIC_IPR3_fields
                0x0800f5c8       0x20 build/decoder/STM32F30x_decoder.o
                0x0800f5c8                NVIC_IPR3_fields
 .rodata.NVIC_IPR2_fields
                0x0800f5e8       0x20 build/decoder/STM32F30x_decoder.o
                0x0800f5e8                NVIC_IPR2_fields
 .rodata.NVIC_IPR1_fields
                0x0800f608       0x20 build/decoder/STM32F30x_decoder.o
                0x0800f608                NVIC_IPR1_fields
 .rodata.NVIC_IPR0_fields
                0x0800f628       0x20 build/decoder/STM32F30x_decoder.o
                0x0800f628                NVIC_IPR0_fields
 .rodata.NVIC_IABR2_fields
                0x0800f648        0x8 build/decoder/STM32F30x_decoder.o
                0x0800f648                NVIC_IABR2_fields
 .rodata.NVIC_IABR1_fields
                0x0800f650        0x8 build/decoder/STM32F30x_decoder.o
                0x0800f650                NVIC_IABR1_fields
 .rodata.NVIC_IABR0_fields
                0x0800f658        0x8 build/decoder/STM32F30x_decoder.o
                0x0800f658                NVIC_IABR0_fields
 .rodata.NVIC_ICPR2_fields
                0x0800f660        0x8 build/decoder/STM32F30x_decoder.o
                0x0800f660                NVIC_ICPR2_fields
 .rodata.NVIC_ICPR1_fields
                0x0800f668        0x8 build/decoder/STM32F30x_decoder.o
                0x0800f668                NVIC_ICPR1_fields
 .rodata.NVIC_ICPR0_fields
                0x0800f670        0x8 build/decoder/STM32F30x_decoder.o
                0x0800f670                NVIC_ICPR0_fields
 .rodata.NVIC_ISPR2_fields
                0x0800f678        0x8 build/decoder/STM32F30x_decoder.o
                0x0800f678                NVIC_ISPR2_fields
 .rodata.NVIC_ISPR1_fields
                0x0800f680        0x8 build/decoder/STM32F30x_decoder.o
                0x0800f680                NVIC_ISPR1_fields
 .rodata.NVIC_ISPR0_fields
                0x0800f688        0x8 build/decoder/STM32F30x_decoder.o
                0x0800f688                NVIC_ISPR0_fields
 .rodata.NVIC_ICER2_fields
                0x0800f690        0x8 build/decoder/STM32F30x_decoder.o
                0x0800f690                NVIC_ICER2_fields
 .rodata.NVIC_ICER1_fields
                0x0800f698        0x8 build/decoder/STM32F30x_decoder.o
                0x0800f698                NVIC_ICER1_fields
 .rodata.NVIC_ICER0_fields
                0x0800f6a0        0x8 build/decoder/STM32F30x_decoder.o
                0x0800f6a0                NVIC_ICER0_fields
 .rodata.NVIC_ISER2_fields
                0x0800f6a8        0x8 build/decoder/STM32F30x_decoder.o
                0x0800f6a8                NVIC_ISER2_fields
 .rodata.NVIC_ISER1_fields
                0x0800f6b0        0x8 build/decoder/STM32F30x_decoder.o
                0x0800f6b0                NVIC_ISER1_fields
 .rodata.NVIC_ISER0_fields
                0x0800f6b8        0x8 build/decoder/STM32F30x_decoder.o
                0x0800f6b8                NVIC_ISER0_fields
 .rodata.NVIC_ICTR_fields
                0x0800f6c0        0x8 build/decoder/STM32F30x_decoder.o
                0x0800f6c0                NVIC_ICTR_fields
 .rodata.ADC1_2_registers
                0x0800f6c8       0x30 build/decoder/STM32F30x_decoder.o
                0x0800f6c8                ADC1_2_registers
 .rodata.ADC1_2_CDR_fields
                0x0800f6f8       0x10 build/decoder/STM32F30x_decoder.o
                0x0800f6f8                ADC1_2_CDR_fields
 .rodata.ADC1_2_CCR_fields
                0x0800f708       0x40 build/decoder/STM32F30x_decoder.o
                0x0800f708                ADC1_2_CCR_fields
 .rodata.ADC1_2_CSR_fields
                0x0800f748       0xb0 build/decoder/STM32F30x_decoder.o
                0x0800f748                ADC1_2_CSR_fields
 .rodata.ADC1_registers
                0x0800f7f8      0x1b0 build/decoder/STM32F30x_decoder.o
                0x0800f7f8                ADC1_registers
 .rodata.ADC1_CALFACT_fields
                0x0800f9a8       0x10 build/decoder/STM32F30x_decoder.o
                0x0800f9a8                ADC1_CALFACT_fields
 .rodata.ADC1_DIFSEL_fields
                0x0800f9b8       0x10 build/decoder/STM32F30x_decoder.o
                0x0800f9b8                ADC1_DIFSEL_fields
 .rodata.ADC1_AWD3CR_fields
                0x0800f9c8        0x8 build/decoder/STM32F30x_decoder.o
                0x0800f9c8                ADC1_AWD3CR_fields
 .rodata.ADC1_AWD2CR_fields
                0x0800f9d0        0x8 build/decoder/STM32F30x_decoder.o
                0x0800f9d0                ADC1_AWD2CR_fields
 .rodata.ADC1_JDR4_fields
                0x0800f9d8        0x8 build/decoder/STM32F30x_decoder.o
                0x0800f9d8                ADC1_JDR4_fields
 .rodata.ADC1_JDR3_fields
                0x0800f9e0        0x8 build/decoder/STM32F30x_decoder.o
                0x0800f9e0                ADC1_JDR3_fields
 .rodata.ADC1_JDR2_fields
                0x0800f9e8        0x8 build/decoder/STM32F30x_decoder.o
                0x0800f9e8                ADC1_JDR2_fields
 .rodata.ADC1_JDR1_fields
                0x0800f9f0        0x8 build/decoder/STM32F30x_decoder.o
                0x0800f9f0                ADC1_JDR1_fields
 .rodata.ADC1_OFR4_fields
                0x0800f9f8       0x18 build/decoder/STM32F30x_decoder.o
                0x0800f9f8                ADC1_OFR4_fields
 .rodata.ADC1_OFR3_fields
                0x0800fa10       0x18 build/decoder/STM32F30x_decoder.o
                0x0800fa10                ADC1_OFR3_fields
 .rodata.ADC1_OFR2_fields
                0x0800fa28       0x18 build/decoder/STM32F30x_decoder.o
                0x0800fa28                ADC1_OFR2_fields
 .rodata.ADC1_OFR1_fields
                0x0800fa40       0x18 build/decoder/STM32F30x_decoder.o
                0x0800fa40                ADC1_OFR1_fields
 .rodata.ADC1_JSQR_fields
                0x0800fa58       0x38 build/decoder/STM32F30x_decoder.o
                0x0800fa58                ADC1_JSQR_fields
 .rodata.ADC1_DR_fields
                0x0800fa90        0x8 build/decoder/STM32F30x_decoder.o
                0x0800fa90                ADC1_DR_fields
 .rodata.ADC1_SQR4_fields
                0x0800fa98       0x10 build/decoder/STM32F30x_decoder.o
                0x0800fa98                ADC1_SQR4_fields
 .rodata.ADC1_SQR3_fields
                0x0800faa8       0x28 build/decoder/STM32F30x_decoder.o
                0x0800faa8                ADC1_SQR3_fields
 .rodata.ADC1_SQR2_fields
                0x0800fad0       0x28 build/decoder/STM32F30x_decoder.o
                0x0800fad0                ADC1_SQR2_fields
 .rodata.ADC1_SQR1_fields
                0x0800faf8       0x28 build/decoder/STM32F30x_decoder.o
                0x0800faf8                ADC1_SQR1_fields
 .rodata.ADC1_TR3_fields
                0x0800fb20       0x10 build/decoder/STM32F30x_decoder.o
                0x0800fb20                ADC1_TR3_fields
 .rodata.ADC1_TR2_fields
                0x0800fb30       0x10 build/decoder/STM32F30x_decoder.o
                0x0800fb30                ADC1_TR2_fields
 .rodata.ADC1_TR1_fields
                0x0800fb40       0x10 build/decoder/STM32F30x_decoder.o
                0x0800fb40                ADC1_TR1_fields
 .rodata.ADC1_SMPR2_fields
                0x0800fb50       0x48 build/decoder/STM32F30x_decoder.o
                0x0800fb50                ADC1_SMPR2_fields
 .rodata.ADC1_SMPR1_fields
                0x0800fb98       0x48 build/decoder/STM32F30x_decoder.o
                0x0800fb98                ADC1_SMPR1_fields
 .rodata.ADC1_CFGR_fields
                0x0800fbe0       0x98 build/decoder/STM32F30x_decoder.o
                0x0800fbe0                ADC1_CFGR_fields
 .rodata.ADC1_CR_fields
                0x0800fc78       0x50 build/decoder/STM32F30x_decoder.o
                0x0800fc78                ADC1_CR_fields
 .rodata.ADC1_IER_fields
                0x0800fcc8       0x58 build/decoder/STM32F30x_decoder.o
                0x0800fcc8                ADC1_IER_fields
 .rodata.ADC1_ISR_fields
                0x0800fd20       0x58 build/decoder/STM32F30x_decoder.o
                0x0800fd20                ADC1_ISR_fields
 .rodata.GPIOB_registers
                0x0800fd78       0xb0 build/decoder/STM32F30x_decoder.o
                0x0800fd78                GPIOB_registers
 .rodata.GPIOB_BRR_fields
                0x0800fe28       0x80 build/decoder/STM32F30x_decoder.o
                0x0800fe28                GPIOB_BRR_fields
 .rodata.GPIOB_AFRH_fields
                0x0800fea8       0x40 build/decoder/STM32F30x_decoder.o
                0x0800fea8                GPIOB_AFRH_fields
 .rodata.GPIOB_AFRL_fields
                0x0800fee8       0x40 build/decoder/STM32F30x_decoder.o
                0x0800fee8                GPIOB_AFRL_fields
 .rodata.GPIOB_LCKR_fields
                0x0800ff28       0x88 build/decoder/STM32F30x_decoder.o
                0x0800ff28                GPIOB_LCKR_fields
 .rodata.GPIOB_BSRR_fields
                0x0800ffb0      0x100 build/decoder/STM32F30x_decoder.o
                0x0800ffb0                GPIOB_BSRR_fields
 .rodata.GPIOB_ODR_fields
                0x080100b0       0x80 build/decoder/STM32F30x_decoder.o
                0x080100b0                GPIOB_ODR_fields
 .rodata.GPIOB_IDR_fields
                0x08010130       0x80 build/decoder/STM32F30x_decoder.o
                0x08010130                GPIOB_IDR_fields
 .rodata.GPIOB_PUPDR_fields
                0x080101b0       0x80 build/decoder/STM32F30x_decoder.o
                0x080101b0                GPIOB_PUPDR_fields
 .rodata.GPIOB_OSPEEDR_fields
                0x08010230       0x80 build/decoder/STM32F30x_decoder.o
                0x08010230                GPIOB_OSPEEDR_fields
 .rodata.GPIOB_OTYPER_fields
                0x080102b0       0x80 build/decoder/STM32F30x_decoder.o
                0x080102b0                GPIOB_OTYPER_fields
 .rodata.GPIOB_MODER_fields
                0x08010330       0x80 build/decoder/STM32F30x_decoder.o
                0x08010330                GPIOB_MODER_fields
 .rodata.GPIOA_registers
                0x080103b0       0xb0 build/decoder/STM32F30x_decoder.o
                0x080103b0                GPIOA_registers
 .rodata.GPIOA_BRR_fields
                0x08010460       0x80 build/decoder/STM32F30x_decoder.o
                0x08010460                GPIOA_BRR_fields
 .rodata.GPIOA_AFRH_fields
                0x080104e0       0x40 build/decoder/STM32F30x_decoder.o
                0x080104e0                GPIOA_AFRH_fields
 .rodata.GPIOA_AFRL_fields
                0x08010520       0x40 build/decoder/STM32F30x_decoder.o
                0x08010520                GPIOA_AFRL_fields
 .rodata.GPIOA_LCKR_fields
                0x08010560       0x88 build/decoder/STM32F30x_decoder.o
                0x08010560                GPIOA_LCKR_fields
 .rodata.GPIOA_BSRR_fields
                0x080105e8      0x100 build/decoder/STM32F30x_decoder.o
                0x080105e8                GPIOA_BSRR_fields
 .rodata.GPIOA_ODR_fields
                0x080106e8       0x80 build/decoder/STM32F30x_decoder.o
                0x080106e8                GPIOA_ODR_fields
 .rodata.GPIOA_IDR_fields
                0x08010768       0x80 build/decoder/STM32F30x_decoder.o
                0x08010768                GPIOA_IDR_fields
 .rodata.GPIOA_PUPDR_fields
                0x080107e8       0x80 build/decoder/STM32F30x_decoder.o
                0x080107e8                GPIOA_PUPDR_fields
 .rodata.GPIOA_OSPEEDR_fields
                0x08010868       0x80 build/decoder/STM32F30x_decoder.o
                0x08010868                GPIOA_OSPEEDR_fields
 .rodata.GPIOA_OTYPER_fields
                0x080108e8       0x80 build/decoder/STM32F30x_decoder.o
                0x080108e8                GPIOA_OTYPER_fields
 .rodata.GPIOA_MODER_fields
                0x08010968       0x80 build/decoder/STM32F30x_decoder.o
                0x08010968                GPIOA_MODER_fields
 .rodata.TSC_registers
                0x080109e8      0x110 build/decoder/STM32F30x_decoder.o
                0x080109e8                TSC_registers
 .rodata.TSC_IOG8CR_fields
                0x08010af8        0x8 build/decoder/STM32F30x_decoder.o
                0x08010af8                TSC_IOG8CR_fields
 .rodata.TSC_IOG7CR_fields
                0x08010b00        0x8 build/decoder/STM32F30x_decoder.o
                0x08010b00                TSC_IOG7CR_fields
 .rodata.TSC_IOG6CR_fields
                0x08010b08        0x8 build/decoder/STM32F30x_decoder.o
                0x08010b08                TSC_IOG6CR_fields
 .rodata.TSC_IOG5CR_fields
                0x08010b10        0x8 build/decoder/STM32F30x_decoder.o
                0x08010b10                TSC_IOG5CR_fields
 .rodata.TSC_IOG4CR_fields
                0x08010b18        0x8 build/decoder/STM32F30x_decoder.o
                0x08010b18                TSC_IOG4CR_fields
 .rodata.TSC_IOG3CR_fields
                0x08010b20        0x8 build/decoder/STM32F30x_decoder.o
                0x08010b20                TSC_IOG3CR_fields
 .rodata.TSC_IOG2CR_fields
                0x08010b28        0x8 build/decoder/STM32F30x_decoder.o
                0x08010b28                TSC_IOG2CR_fields
 .rodata.TSC_IOG1CR_fields
                0x08010b30        0x8 build/decoder/STM32F30x_decoder.o
                0x08010b30                TSC_IOG1CR_fields
 .rodata.TSC_IOGCSR_fields
                0x08010b38       0x80 build/decoder/STM32F30x_decoder.o
                0x08010b38                TSC_IOGCSR_fields
 .rodata.TSC_IOCCR_fields
                0x08010bb8      0x100 build/decoder/STM32F30x_decoder.o
                0x08010bb8                TSC_IOCCR_fields
 .rodata.TSC_IOSCR_fields
                0x08010cb8      0x100 build/decoder/STM32F30x_decoder.o
                0x08010cb8                TSC_IOSCR_fields
 .rodata.TSC_IOASCR_fields
                0x08010db8      0x100 build/decoder/STM32F30x_decoder.o
                0x08010db8                TSC_IOASCR_fields
 .rodata.TSC_IOHCR_fields
                0x08010eb8      0x100 build/decoder/STM32F30x_decoder.o
                0x08010eb8                TSC_IOHCR_fields
 .rodata.TSC_ISR_fields
                0x08010fb8       0x10 build/decoder/STM32F30x_decoder.o
                0x08010fb8                TSC_ISR_fields
 .rodata.TSC_ICR_fields
                0x08010fc8       0x10 build/decoder/STM32F30x_decoder.o
                0x08010fc8                TSC_ICR_fields
 .rodata.TSC_IER_fields
                0x08010fd8       0x10 build/decoder/STM32F30x_decoder.o
                0x08010fd8                TSC_IER_fields
 .rodata.TSC_CR_fields
                0x08010fe8       0x60 build/decoder/STM32F30x_decoder.o
                0x08010fe8                TSC_CR_fields
 .rodata.CRC_registers
                0x08011048       0x50 build/decoder/STM32F30x_decoder.o
                0x08011048                CRC_registers
 .rodata.CRC_POL_fields
                0x08011098        0x8 build/decoder/STM32F30x_decoder.o
                0x08011098                CRC_POL_fields
 .rodata.CRC_INIT_fields
                0x080110a0        0x8 build/decoder/STM32F30x_decoder.o
                0x080110a0                CRC_INIT_fields
 .rodata.CRC_CR_fields
                0x080110a8       0x20 build/decoder/STM32F30x_decoder.o
                0x080110a8                CRC_CR_fields
 .rodata.CRC_IDR_fields
                0x080110c8        0x8 build/decoder/STM32F30x_decoder.o
                0x080110c8                CRC_IDR_fields
 .rodata.CRC_DR_fields
                0x080110d0        0x8 build/decoder/STM32F30x_decoder.o
                0x080110d0                CRC_DR_fields
 .rodata.Flash_registers
                0x080110d8       0x80 build/decoder/STM32F30x_decoder.o
                0x080110d8                Flash_registers
 .rodata.Flash_WRPR_fields
                0x08011158        0x8 build/decoder/STM32F30x_decoder.o
                0x08011158                Flash_WRPR_fields
 .rodata.Flash_OBR_fields
                0x08011160       0x58 build/decoder/STM32F30x_decoder.o
                0x08011160                Flash_OBR_fields
 .rodata.Flash_AR_fields
                0x080111b8        0x8 build/decoder/STM32F30x_decoder.o
                0x080111b8                Flash_AR_fields
 .rodata.Flash_CR_fields
                0x080111c0       0x58 build/decoder/STM32F30x_decoder.o
                0x080111c0                Flash_CR_fields
 .rodata.Flash_SR_fields
                0x08011218       0x20 build/decoder/STM32F30x_decoder.o
                0x08011218                Flash_SR_fields
 .rodata.Flash_OPTKEYR_fields
                0x08011238        0x8 build/decoder/STM32F30x_decoder.o
                0x08011238                Flash_OPTKEYR_fields
 .rodata.Flash_KEYR_fields
                0x08011240        0x8 build/decoder/STM32F30x_decoder.o
                0x08011240                Flash_KEYR_fields
 .rodata.Flash_ACR_fields
                0x08011248       0x18 build/decoder/STM32F30x_decoder.o
                0x08011248                Flash_ACR_fields
 .rodata.RCC_registers
                0x08011260       0xd0 build/decoder/STM32F30x_decoder.o
                0x08011260                RCC_registers
 .rodata.RCC_CFGR3_fields
                0x08011330       0x48 build/decoder/STM32F30x_decoder.o
                0x08011330                RCC_CFGR3_fields
 .rodata.RCC_CFGR2_fields
                0x08011378       0x18 build/decoder/STM32F30x_decoder.o
                0x08011378                RCC_CFGR2_fields
 .rodata.RCC_AHBRSTR_fields
                0x08011390       0x48 build/decoder/STM32F30x_decoder.o
                0x08011390                RCC_AHBRSTR_fields
 .rodata.RCC_CSR_fields
                0x080113d8       0x50 build/decoder/STM32F30x_decoder.o
                0x080113d8                RCC_CSR_fields
 .rodata.RCC_BDCR_fields
                0x08011428       0x38 build/decoder/STM32F30x_decoder.o
                0x08011428                RCC_BDCR_fields
 .rodata.RCC_APB1ENR_fields
                0x08011460       0x78 build/decoder/STM32F30x_decoder.o
                0x08011460                RCC_APB1ENR_fields
 .rodata.RCC_APB2ENR_fields
                0x080114d8       0x40 build/decoder/STM32F30x_decoder.o
                0x080114d8                RCC_APB2ENR_fields
 .rodata.RCC_AHBENR_fields
                0x08011518       0x70 build/decoder/STM32F30x_decoder.o
                0x08011518                RCC_AHBENR_fields
 .rodata.RCC_APB1RSTR_fields
                0x08011588       0x90 build/decoder/STM32F30x_decoder.o
                0x08011588                RCC_APB1RSTR_fields
 .rodata.RCC_APB2RSTR_fields
                0x08011618       0x40 build/decoder/STM32F30x_decoder.o
                0x08011618                RCC_APB2RSTR_fields
 .rodata.RCC_CIR_fields
                0x08011658       0x88 build/decoder/STM32F30x_decoder.o
                0x08011658                RCC_CIR_fields
 .rodata.RCC_CFGR_fields
                0x080116e0       0x60 build/decoder/STM32F30x_decoder.o
                0x080116e0                RCC_CFGR_fields
 .rodata.RCC_CR_fields
                0x08011740       0x50 build/decoder/STM32F30x_decoder.o
                0x08011740                RCC_CR_fields
 .rodata.DMA1_registers
                0x08011790      0x1e0 build/decoder/STM32F30x_decoder.o
                0x08011790                DMA1_registers
 .rodata.DMA1_CMAR7_fields
                0x08011970        0x8 build/decoder/STM32F30x_decoder.o
                0x08011970                DMA1_CMAR7_fields
 .rodata.DMA1_CPAR7_fields
                0x08011978        0x8 build/decoder/STM32F30x_decoder.o
                0x08011978                DMA1_CPAR7_fields
 .rodata.DMA1_CNDTR7_fields
                0x08011980        0x8 build/decoder/STM32F30x_decoder.o
                0x08011980                DMA1_CNDTR7_fields
 .rodata.DMA1_CCR7_fields
                0x08011988       0x60 build/decoder/STM32F30x_decoder.o
                0x08011988                DMA1_CCR7_fields
 .rodata.DMA1_CMAR6_fields
                0x080119e8        0x8 build/decoder/STM32F30x_decoder.o
                0x080119e8                DMA1_CMAR6_fields
 .rodata.DMA1_CPAR6_fields
                0x080119f0        0x8 build/decoder/STM32F30x_decoder.o
                0x080119f0                DMA1_CPAR6_fields
 .rodata.DMA1_CNDTR6_fields
                0x080119f8        0x8 build/decoder/STM32F30x_decoder.o
                0x080119f8                DMA1_CNDTR6_fields
 .rodata.DMA1_CCR6_fields
                0x08011a00       0x60 build/decoder/STM32F30x_decoder.o
                0x08011a00                DMA1_CCR6_fields
 .rodata.DMA1_CMAR5_fields
                0x08011a60        0x8 build/decoder/STM32F30x_decoder.o
                0x08011a60                DMA1_CMAR5_fields
 .rodata.DMA1_CPAR5_fields
                0x08011a68        0x8 build/decoder/STM32F30x_decoder.o
                0x08011a68                DMA1_CPAR5_fields
 .rodata.DMA1_CNDTR5_fields
                0x08011a70        0x8 build/decoder/STM32F30x_decoder.o
                0x08011a70                DMA1_CNDTR5_fields
 .rodata.DMA1_CCR5_fields
                0x08011a78       0x60 build/decoder/STM32F30x_decoder.o
                0x08011a78                DMA1_CCR5_fields
 .rodata.DMA1_CMAR4_fields
                0x08011ad8        0x8 build/decoder/STM32F30x_decoder.o
                0x08011ad8                DMA1_CMAR4_fields
 .rodata.DMA1_CPAR4_fields
                0x08011ae0        0x8 build/decoder/STM32F30x_decoder.o
                0x08011ae0                DMA1_CPAR4_fields
 .rodata.DMA1_CNDTR4_fields
                0x08011ae8        0x8 build/decoder/STM32F30x_decoder.o
                0x08011ae8                DMA1_CNDTR4_fields
 .rodata.DMA1_CCR4_fields
                0x08011af0       0x60 build/decoder/STM32F30x_decoder.o
                0x08011af0                DMA1_CCR4_fields
 .rodata.DMA1_CMAR3_fields
                0x08011b50        0x8 build/decoder/STM32F30x_decoder.o
                0x08011b50                DMA1_CMAR3_fields
 .rodata.DMA1_CPAR3_fields
                0x08011b58        0x8 build/decoder/STM32F30x_decoder.o
                0x08011b58                DMA1_CPAR3_fields
 .rodata.DMA1_CNDTR3_fields
                0x08011b60        0x8 build/decoder/STM32F30x_decoder.o
                0x08011b60                DMA1_CNDTR3_fields
 .rodata.DMA1_CCR3_fields
                0x08011b68       0x60 build/decoder/STM32F30x_decoder.o
                0x08011b68                DMA1_CCR3_fields
 .rodata.DMA1_CMAR2_fields
                0x08011bc8        0x8 build/decoder/STM32F30x_decoder.o
                0x08011bc8                DMA1_CMAR2_fields
 .rodata.DMA1_CPAR2_fields
                0x08011bd0        0x8 build/decoder/STM32F30x_decoder.o
                0x08011bd0                DMA1_CPAR2_fields
 .rodata.DMA1_CNDTR2_fields
                0x08011bd8        0x8 build/decoder/STM32F30x_decoder.o
                0x08011bd8                DMA1_CNDTR2_fields
 .rodata.DMA1_CCR2_fields
                0x08011be0       0x60 build/decoder/STM32F30x_decoder.o
                0x08011be0                DMA1_CCR2_fields
 .rodata.DMA1_CMAR1_fields
                0x08011c40        0x8 build/decoder/STM32F30x_decoder.o
                0x08011c40                DMA1_CMAR1_fields
 .rodata.DMA1_CPAR1_fields
                0x08011c48        0x8 build/decoder/STM32F30x_decoder.o
                0x08011c48                DMA1_CPAR1_fields
 .rodata.DMA1_CNDTR1_fields
                0x08011c50        0x8 build/decoder/STM32F30x_decoder.o
                0x08011c50                DMA1_CNDTR1_fields
 .rodata.DMA1_CCR1_fields
                0x08011c58       0x60 build/decoder/STM32F30x_decoder.o
                0x08011c58                DMA1_CCR1_fields
 .rodata.DMA1_IFCR_fields
                0x08011cb8       0xe0 build/decoder/STM32F30x_decoder.o
                0x08011cb8                DMA1_IFCR_fields
 .rodata.DMA1_ISR_fields
                0x08011d98       0xe0 build/decoder/STM32F30x_decoder.o
                0x08011d98                DMA1_ISR_fields
 .rodata.TIM17_registers
                0x08011e78      0x100 build/decoder/STM32F30x_decoder.o
                0x08011e78                TIM17_registers
 .rodata.TIM17_DMAR_fields
                0x08011f78        0x8 build/decoder/STM32F30x_decoder.o
                0x08011f78                TIM17_DMAR_fields
 .rodata.TIM17_DCR_fields
                0x08011f80       0x10 build/decoder/STM32F30x_decoder.o
                0x08011f80                TIM17_DCR_fields
 .rodata.TIM17_BDTR_fields
                0x08011f90       0x48 build/decoder/STM32F30x_decoder.o
                0x08011f90                TIM17_BDTR_fields
 .rodata.TIM17_CCR1_fields
                0x08011fd8        0x8 build/decoder/STM32F30x_decoder.o
                0x08011fd8                TIM17_CCR1_fields
 .rodata.TIM17_RCR_fields
                0x08011fe0        0x8 build/decoder/STM32F30x_decoder.o
                0x08011fe0                TIM17_RCR_fields
 .rodata.TIM17_ARR_fields
                0x08011fe8        0x8 build/decoder/STM32F30x_decoder.o
                0x08011fe8                TIM17_ARR_fields
 .rodata.TIM17_PSC_fields
                0x08011ff0        0x8 build/decoder/STM32F30x_decoder.o
                0x08011ff0                TIM17_PSC_fields
 .rodata.TIM17_CNT_fields
                0x08011ff8       0x10 build/decoder/STM32F30x_decoder.o
                0x08011ff8                TIM17_CNT_fields
 .rodata.TIM17_CCER_fields
                0x08012008       0x20 build/decoder/STM32F30x_decoder.o
                0x08012008                TIM17_CCER_fields
 .rodata.TIM17_CCMR1_Input_fields
                0x08012028       0x18 build/decoder/STM32F30x_decoder.o
                0x08012028                TIM17_CCMR1_Input_fields
 .rodata.TIM17_CCMR1_Output_fields
                0x08012040       0x28 build/decoder/STM32F30x_decoder.o
                0x08012040                TIM17_CCMR1_Output_fields
 .rodata.TIM17_EGR_fields
                0x08012068       0x28 build/decoder/STM32F30x_decoder.o
                0x08012068                TIM17_EGR_fields
 .rodata.TIM17_SR_fields
                0x08012090       0x30 build/decoder/STM32F30x_decoder.o
                0x08012090                TIM17_SR_fields
 .rodata.TIM17_DIER_fields
                0x080120c0       0x48 build/decoder/STM32F30x_decoder.o
                0x080120c0                TIM17_DIER_fields
 .rodata.TIM17_CR2_fields
                0x08012108       0x28 build/decoder/STM32F30x_decoder.o
                0x08012108                TIM17_CR2_fields
 .rodata.TIM17_CR1_fields
                0x08012130       0x38 build/decoder/STM32F30x_decoder.o
                0x08012130                TIM17_CR1_fields
 .rodata.TIM16_registers
                0x08012168      0x110 build/decoder/STM32F30x_decoder.o
                0x08012168                TIM16_registers
 .rodata.TIM16_DMAR_fields
                0x08012278        0x8 build/decoder/STM32F30x_decoder.o
                0x08012278                TIM16_DMAR_fields
 .rodata.TIM16_DCR_fields
                0x08012280       0x10 build/decoder/STM32F30x_decoder.o
                0x08012280                TIM16_DCR_fields
 .rodata.TIM16_BDTR_fields
                0x08012290       0x48 build/decoder/STM32F30x_decoder.o
                0x08012290                TIM16_BDTR_fields
 .rodata.TIM16_CCR1_fields
                0x080122d8        0x8 build/decoder/STM32F30x_decoder.o
                0x080122d8                TIM16_CCR1_fields
 .rodata.TIM16_RCR_fields
                0x080122e0        0x8 build/decoder/STM32F30x_decoder.o
                0x080122e0                TIM16_RCR_fields
 .rodata.TIM16_ARR_fields
                0x080122e8        0x8 build/decoder/STM32F30x_decoder.o
                0x080122e8                TIM16_ARR_fields
 .rodata.TIM16_PSC_fields
                0x080122f0        0x8 build/decoder/STM32F30x_decoder.o
                0x080122f0                TIM16_PSC_fields
 .rodata.TIM16_CNT_fields
                0x080122f8       0x10 build/decoder/STM32F30x_decoder.o
                0x080122f8                TIM16_CNT_fields
 .rodata.TIM16_CCER_fields
                0x08012308       0x20 build/decoder/STM32F30x_decoder.o
                0x08012308                TIM16_CCER_fields
 .rodata.TIM16_CCMR1_Input_fields
                0x08012328       0x18 build/decoder/STM32F30x_decoder.o
                0x08012328                TIM16_CCMR1_Input_fields
 .rodata.TIM16_CCMR1_Output_fields
                0x08012340       0x28 build/decoder/STM32F30x_decoder.o
                0x08012340                TIM16_CCMR1_Output_fields
 .rodata.TIM16_EGR_fields
                0x08012368       0x28 build/decoder/STM32F30x_decoder.o
                0x08012368                TIM16_EGR_fields
 .rodata.TIM16_SR_fields