Archive member included to satisfy reference by file (symbol)

/usr/lib/gcc/arm-none-eabi/13.2.1/../../../arm-none-eabi/lib/thumb/v7e-m+fp/hard/libg.a(libc_a-strlen.o)
                              build/parser.o (strlen)
/usr/lib/gcc/arm-none-eabi/13.2.1/../../../arm-none-eabi/lib/thumb/v7e-m+fp/hard/libg.a(libc_a-memset.o)
                              /usr/lib/gcc/arm-none-eabi/13.2.1/../../../arm-none-eabi/lib/thumb/v7e-m+fp/hard/crt0.o (memset)
/usr/lib/gcc/arm-none-eabi/13.2.1/../../../arm-none-eabi/lib/thumb/v7e-m+fp/hard/libg.a(libc_a-strtok.o)
                              build/parser.o (strtok)
/usr/lib/gcc/arm-none-eabi/13.2.1/../../../arm-none-eabi/lib/thumb/v7e-m+fp/hard/libg.a(libc_a-strtoul.o)
                              build/parser.o (strtoul)
/usr/lib/gcc/arm-none-eabi/13.2.1/../../../arm-none-eabi/lib/thumb/v7e-m+fp/hard/libg.a(libc_a-setvbuf.o)
                              build/terminal.o (setvbuf)
/usr/lib/gcc/arm-none-eabi/13.2.1/../../../arm-none-eabi/lib/thumb/v7e-m+fp/hard/libg.a(libc_a-errno.o)
                              build/syscall.o (__errno)
/usr/lib/gcc/arm-none-eabi/13.2.1/../../../arm-none-eabi/lib/thumb/v7e-m+fp/hard/libg.a(libc_a-impure.o)
                              build/terminal.o (_impure_ptr)
/usr/lib/gcc/arm-none-eabi/13.2.1/../../../arm-none-eabi/lib/thumb/v7e-m+fp/hard/libg.a(libc_a-strcasecmp.o)
                              build/parser.o (strcasecmp)
/usr/lib/gcc/arm-none-eabi/13.2.1/../../../arm-none-eabi/lib/thumb/v7e-m+fp/hard/libg.a(libc_a-putchar.o)
                              build/parser.o (putchar)
/usr/lib/gcc/arm-none-eabi/13.2.1/../../../arm-none-eabi/lib/thumb/v7e-m+fp/hard/libg.a(libc_a-freer.o)
                              /usr/lib/gcc/arm-none-eabi/13.2.1/../../../arm-none-eabi/lib/thumb/v7e-m+fp/hard/libg.a(libc_a-setvbuf.o) (_free_r)
/usr/lib/gcc/arm-none-eabi/13.2.1/../../../arm-none-eabi/lib/thumb/v7e-m+fp/hard/libg.a(libc_a-strtok_r.o)
                              /usr/lib/gcc/arm-none-eabi/13.2.1/../../../arm-none-eabi/lib/thumb/v7e-m+fp/hard/libg.a(libc_a-strtok.o) (__strtok_r)
/usr/lib/gcc/arm-none-eabi/13.2.1/../../../arm-none-eabi/lib/thumb/v7e-m+fp/hard/libg.a(libc_a-strtol.o)
                              build/parser.o (strtol)
/usr/lib/gcc/arm-none-eabi/13.2.1/../../../arm-none-eabi/lib/thumb/v7e-m+fp/hard/libg.a(libc_a-malloc.o)
                              /usr/lib/gcc/arm-none-eabi/13.2.1/../../../arm-none-eabi/lib/thumb/v7e-m+fp/hard/libg.a(libc_a-setvbuf.o) (malloc)
/usr/lib/gcc/arm-none-eabi/13.2.1/../../../arm-none-eabi/lib/thumb/v7e-m+fp/hard/libg.a(libc_a-putc.o)
                              /usr/lib/gcc/arm-none-eabi/13.2.1/../../../arm-none-eabi/lib/thumb/v7e-m+fp/hard/libg.a(libc_a-putchar.o) (_putc_r)
/usr/lib/gcc/arm-none-eabi/13.2.1/../../../arm-none-eabi/lib/thumb/v7e-m+fp/hard/libg.a(libc_a-sysconf.o)
                              /usr/lib/gcc/arm-none-eabi/13.2.1/../../../arm-none-eabi/lib/thumb/v7e-m+fp/hard/libg.a(libc_a-freer.o) (sysconf)
/usr/lib/gcc/arm-none-eabi/13.2.1/../../../arm-none-eabi/lib/thumb/v7e-m+fp/hard/libg.a(libc_a-init.o)
                              /usr/lib/gcc/arm-none-eabi/13.2.1/../../../arm-none-eabi/lib/thumb/v7e-m+fp/hard/crt0.o (__libc_init_array)
/usr/lib/gcc/arm-none-eabi/13.2.1/../../../arm-none-eabi/lib/thumb/v7e-m+fp/hard/libg.a(libc_a-wbuf.o)
                              /usr/lib/gcc/arm-none-eabi/13.2.1/../../../arm-none-eabi/lib/thumb/v7e-m+fp/hard/libg.a(libc_a-putc.o) (__swbuf_r)
/usr/lib/gcc/arm-none-eabi/13.2.1/../../../arm-none-eabi/lib/thumb/v7e-m+fp/hard/libg.a(libc_a-mlock.o)
                              /usr/lib/gcc/arm-none-eabi/13.2.1/../../../arm-none-eabi/lib/thumb/v7e-m+fp/hard/libg.a(libc_a-freer.o) (__malloc_lock)
/usr/lib/gcc/arm-none-eabi/13.2.1/../../../arm-none-eabi/lib/thumb/v7e-m+fp/hard/libg.a(libc_a-findfp.o)
                              /usr/lib/gcc/arm-none-eabi/13.2.1/../../../arm-none-eabi/lib/thumb/v7e-m+fp/hard/libg.a(libc_a-setvbuf.o) (__sinit)
/usr/lib/gcc/arm-none-eabi/13.2.1/../../../arm-none-eabi/lib/thumb/v7e-m+fp/hard/libg.a(libc_a-puts.o)
                              build/main.o (puts)
/usr/lib/gcc/arm-none-eabi/13.2.1/../../../arm-none-eabi/lib/thumb/v7e-m+fp/hard/libg.a(libc_a-fvwrite.o)
                              /usr/lib/gcc/arm-none-eabi/13.2.1/../../../arm-none-eabi/lib/thumb/v7e-m+fp/hard/libg.a(libc_a-puts.o) (__sfvwrite_r)
/usr/lib/gcc/arm-none-eabi/13.2.1/../../../arm-none-eabi/lib/thumb/v7e-m+fp/hard/libg.a(libc_a-exit.o)
                              /usr/lib/gcc/arm-none-eabi/13.2.1/../../../arm-none-eabi/lib/thumb/v7e-m+fp/hard/crt0.o (exit)
/usr/lib/gcc/arm-none-eabi/13.2.1/../../../arm-none-eabi/lib/thumb/v7e-m+fp/hard/libg.a(libc_a-ctype_.o)
                              build/parser.o (_ctype_)
/usr/lib/gcc/arm-none-eabi/13.2.1/../../../arm-none-eabi/lib/thumb/v7e-m+fp/hard/libg.a(libc_a-atexit.o)
[...]
Memory Configuration

Name             Origin             Length             Attributes
FLASH            0x08000000         0x00040000         xr
RAM              0x20000000         0x0000a000         xrw
CCMRAM           0x10000000         0x00002000         rw
*default*        0x00000000         0xffffffff

Linker script and memory map

LOAD /usr/lib/gcc/arm-none-eabi/13.2.1/thumb/v7e-m+fp/hard/crti.o
LOAD /usr/lib/gcc/arm-none-eabi/13.2.1/thumb/v7e-m+fp/hard/crtbegin.o
LOAD /usr/lib/gcc/arm-none-eabi/13.2.1/../../../arm-none-eabi/lib/thumb/v7e-m+fp/hard/crt0.o
LOAD build/main.o
LOAD build/mycode.o
LOAD build/mytest.o
LOAD build/mes/scao8658_hook.o
LOAD build/mes/scao8658_asm.o
LOAD build/monitor.o
LOAD build/parser.o
LOAD build/dump.o
LOAD build/syscall.o
LOAD build/terminal.o
LOAD build/decoder/decoder.o
LOAD build/decoder/STM32F30x_decoder.o
LOAD build/Drivers/CMSIS/Device/ST/STM32F3xx/Source/Templates/system_stm32f3xx.o
LOAD build/Drivers/STM32F3xx_HAL_Driver/Src/stm32f3xx_hal_rcc.o
LOAD build/Drivers/STM32F3xx_HAL_Driver/Src/stm32f3xx_hal.o
LOAD build/Drivers/STM32F3xx_HAL_Driver/Src/stm32f3xx_hal_cortex.o
LOAD build/Drivers/STM32F3xx_HAL_Driver/Src/stm32f3xx_hal_uart.o
LOAD build/Drivers/STM32F3xx_HAL_Driver/Src/stm32f3xx_hal_gpio.o
LOAD build/Drivers/STM32F3xx_HAL_Driver/Src/stm32f3xx_hal_pcd.o
LOAD build/Drivers/STM32F3xx_HAL_Driver/Src/stm32f3xx_hal_pcd_ex.o
LOAD build/Drivers/STM32F3xx_HAL_Driver/Src/stm32f3xx_hal_i2c.o
LOAD build/Drivers/STM32F3xx_HAL_Driver/Src/stm32f3xx_hal_spi.o
LOAD build/Drivers/STM32_USB_Device_Library/Core/Src/usbd_core.o
LOAD build/Drivers/STM32_USB_Device_Library/Core/Src/usbd_ctlreq.o
LOAD build/Drivers/STM32_USB_Device_Library/Core/Src/usbd_ioreq.o
LOAD build/Drivers/STM32_USB_Device_Library/Class/CDC/Src/usbd_cdc.o
LOAD build/usbd_conf.o
LOAD build/usbd_desc.o
LOAD build/usbd_cdc_interface.o
LOAD build/Drivers/BSP/STM32F3-Discovery/stm32f3_discovery.o
LOAD build/Drivers/BSP/STM32F3-Discovery/stm32f3_discovery_accelerometer.o
LOAD build/Drivers/BSP/STM32F3-Discovery/stm32f3_discovery_gyroscope.o
LOAD build/Drivers/BSP/Components/lsm303dlhc/lsm303dlhc.o
LOAD build/Drivers/BSP/Components/l3gd20/l3gd20.o
LOAD build/Drivers/BSP/Components/i3g4250d/i3g4250d.o
LOAD build/Drivers/BSP/Components/lsm303agr/lsm303agr.o
LOAD build/Drivers/CMSIS/Device/ST/STM32F3xx/Source/Templates/gcc/startup_stm32f303xc.o
START GROUP
LOAD /usr/lib/gcc/arm-none-eabi/13.2.1/thumb/v7e-m+fp/hard/libgcc.a
LOAD /usr/lib/gcc/arm-none-eabi/13.2.1/../../../arm-none-eabi/lib/thumb/v7e-m+fp/hard/libg.a
LOAD /usr/lib/gcc/arm-none-eabi/13.2.1/../../../arm-none-eabi/lib/thumb/v7e-m+fp/hard/libc.a
END GROUP
START GROUP
LOAD /usr/lib/gcc/arm-none-eabi/13.2.1/thumb/v7e-m+fp/hard/libgcc.a
LOAD /usr/lib/gcc/arm-none-eabi/13.2.1/../../../arm-none-eabi/lib/thumb/v7e-m+fp/hard/libc.a
LOAD /usr/lib/gcc/arm-none-eabi/13.2.1/../../../arm-none-eabi/lib/thumb/v7e-m+fp/hard/libnosys.a
END GROUP
LOAD /usr/lib/gcc/arm-none-eabi/13.2.1/thumb/v7e-m+fp/hard/crtend.o
LOAD /usr/lib/gcc/arm-none-eabi/13.2.1/thumb/v7e-m+fp/hard/crtn.o
                0x20008000                        _estack = 0x20008000
                0x00001000                        _Min_Heap_Size = 0x1000
                0x00000400                        _Min_Stack_Size = 0x400

.isr_vector     0x08000000      0x188
                0x08000000                        . = ALIGN (0x4)
 *(.isr_vector)
 .isr_vector    0x08000000      0x188 build/Drivers/CMSIS/Device/ST/STM32F3xx/Source/Templates/gcc/startup_stm32f303xc.o
                0x08000000                g_pfnVectors
                0x08000188                        . = ALIGN (0x4)

.text           0x080001c0     0xac30
                0x080001c0                        . = ALIGN (0x4)
 *(.text)
 .text          0x080001c0       0x88 /usr/lib/gcc/arm-none-eabi/13.2.1/thumb/v7e-m+fp/hard/crtbegin.o
 .text          0x08000248       0x34 build/mycode.o
                0x08000248                mytest
                0x0800025c                my_Tick
                0x08000270                my_Loop
                0x08000274                my_Init
 .text          0x0800027c       0x24 build/mes/scao8658_asm.o
                0x0800027c                scao8658_add_test
                0x08000290                busy_delay
 *fill*         0x080002a0       0x20 
 .text          0x080002c0       0xd8 /usr/lib/gcc/arm-none-eabi/13.2.1/../../../arm-none-eabi/lib/thumb/v7e-m+fp/hard/libg.a(libc_a-strlen.o)
                0x080002c0                strlen
 .text          0x08000398       0xa4 /usr/lib/gcc/arm-none-eabi/13.2.1/../../../arm-none-eabi/lib/thumb/v7e-m+fp/hard/libg.a(libc_a-memset.o)
                0x08000398                memset
 .text          0x0800043c       0x10 /usr/lib/gcc/arm-none-eabi/13.2.1/../../../arm-none-eabi/lib/thumb/v7e-m+fp/hard/libg.a(libc_a-strtok.o)
                0x0800043c                strtok
 .text          0x0800044c      0x168 /usr/lib/gcc/arm-none-eabi/13.2.1/../../../arm-none-eabi/lib/thumb/v7e-m+fp/hard/libg.a(libc_a-strtoul.o)
                0x08000580                _strtoul_r
                0x08000584                strtoul_l
                0x0800059c                strtoul
 .text          0x080005b4      0x164 /usr/lib/gcc/arm-none-eabi/13.2.1/../../../arm-none-eabi/lib/thumb/v7e-m+fp/hard/libg.a(libc_a-setvbuf.o)
                0x080005b4                setvbuf
 .text          0x08000718        0xc /usr/lib/gcc/arm-none-eabi/13.2.1/../../../arm-none-eabi/lib/thumb/v7e-m+fp/hard/libg.a(libc_a-errno.o)
                0x08000718                __errno
 .text          0x08000724       0x4c /usr/lib/gcc/arm-none-eabi/13.2.1/../../../arm-none-eabi/lib/thumb/v7e-m+fp/hard/libg.a(libc_a-strcasecmp.o)
                0x08000724                strcasecmp
 .text          0x08000770       0x18 /usr/lib/gcc/arm-none-eabi/13.2.1/../../../arm-none-eabi/lib/thumb/v7e-m+fp/hard/libg.a(libc_a-putchar.o)
                0x08000770                _putchar_r
                0x08000778                putchar
 .text          0x08000788      0x2b0 /usr/lib/gcc/arm-none-eabi/13.2.1/../../../arm-none-eabi/lib/thumb/v7e-m+fp/hard/libg.a(libc_a-freer.o)
                0x08000788                _malloc_trim_r
                0x08000840                _free_r
 .text          0x08000a38       0x6c /usr/lib/gcc/arm-none-eabi/13.2.1/../../../arm-none-eabi/lib/thumb/v7e-m+fp/hard/libg.a(libc_a-strtok_r.o)
                0x08000a38                __strtok_r
                0x08000a9c                strtok_r
 .text          0x08000aa4       0x20 /usr/lib/gcc/arm-none-eabi/13.2.1/../../../arm-none-eabi/lib/thumb/v7e-m+fp/hard/libg.a(libc_a-malloc.o)
                0x08000aa4                malloc
                0x08000ab4                free
 .text          0x08000ac4       0xa4 /usr/lib/gcc/arm-none-eabi/13.2.1/../../../arm-none-eabi/lib/thumb/v7e-m+fp/hard/libg.a(libc_a-putc.o)
                0x08000ac4                _putc_r
                0x08000b10                putc
 .text          0x08000b68       0x1c /usr/lib/gcc/arm-none-eabi/13.2.1/../../../arm-none-eabi/lib/thumb/v7e-m+fp/hard/libg.a(libc_a-sysconf.o)
                0x08000b68                sysconf
 .text          0x08000b84       0x50 /usr/lib/gcc/arm-none-eabi/13.2.1/../../../arm-none-eabi/lib/thumb/v7e-m+fp/hard/libg.a(libc_a-init.o)
                0x08000b84                __libc_init_array
 .text          0x08000bd4       0xc4 /usr/lib/gcc/arm-none-eabi/13.2.1/../../../arm-none-eabi/lib/thumb/v7e-m+fp/hard/libg.a(libc_a-wbuf.o)
                0x08000bd4                __swbuf_r
                0x08000c80                __swbuf
 .text          0x08000c98        0x8 /usr/lib/gcc/arm-none-eabi/13.2.1/../../../arm-none-eabi/lib/thumb/v7e-m+fp/hard/libg.a(libc_a-mlock.o)
                0x08000c98                __malloc_lock
                0x08000c9c                __malloc_unlock
 .text          0x08000ca0      0x224 /usr/lib/gcc/arm-none-eabi/13.2.1/../../../arm-none-eabi/lib/thumb/v7e-m+fp/hard/libg.a(libc_a-findfp.o)
                0x08000dd0                __sfp
                0x08000e74                __sinit
                0x08000e94                __sfp_lock_acquire
                0x08000e98                __sfp_lock_release
                0x08000e9c                __fp_lock_all
                0x08000eb0                __fp_unlock_all
 .text          0x08000ec4       0x7c /usr/lib/gcc/arm-none-eabi/13.2.1/../../../arm-none-eabi/lib/thumb/v7e-m+fp/hard/libg.a(libc_a-puts.o)
                0x08000ec4                _puts_r
                0x08000f30                puts
 .text          0x08000f40      0x300 /usr/lib/gcc/arm-none-eabi/13.2.1/../../../arm-none-eabi/lib/thumb/v7e-m+fp/hard/libg.a(libc_a-fvwrite.o)
                0x08000f40                __sfvwrite_r
 .text          0x08001240        0xc /usr/lib/gcc/arm-none-eabi/13.2.1/../../../arm-none-eabi/lib/thumb/v7e-m+fp/hard/libg.a(libc_a-atexit.o)
                0x08001240                atexit
 .text          0x0800124c       0x48 /usr/lib/gcc/arm-none-eabi/13.2.1/../../../arm-none-eabi/lib/thumb/v7e-m+fp/hard/libg.a(libc_a-printf.o)
                0x0800124c                _printf_r
                0x0800126c                printf
 .text          0x08001294       0xbc /usr/lib/gcc/arm-none-eabi/13.2.1/../../../arm-none-eabi/lib/thumb/v7e-m+fp/hard/libg.a(libc_a-strcpy.o)
                0x08001294                strcpy
 .text          0x08001350       0x28 /usr/lib/gcc/arm-none-eabi/13.2.1/../../../arm-none-eabi/lib/thumb/v7e-m+fp/hard/libg.a(libc_a-fini.o)
                0x08001350                __libc_fini_array
 .text          0x08001378       0x44 /usr/lib/gcc/arm-none-eabi/13.2.1/../../../arm-none-eabi/lib/thumb/v7e-m+fp/hard/libg.a(libc_a-fwalk.o)
                0x08001378                _fwalk_sglue
 *fill*         0x080013bc        0x4 
 .text          0x080013c0     0x14ac /usr/lib/gcc/arm-none-eabi/13.2.1/../../../arm-none-eabi/lib/thumb/v7e-m+fp/hard/libg.a(libc_a-vfprintf.o)
                0x080013c0                _vfprintf_r
                0x080027e4                vfprintf
 .text          0x0800286c      0x13c /usr/lib/gcc/arm-none-eabi/13.2.1/../../../arm-none-eabi/lib/thumb/v7e-m+fp/hard/libg.a(libc_a-makebuf.o)
                0x0800286c                __smakebuf_r
                0x08002948                __swhatbuf_r
 *fill*         0x080029a8        0x8 
 .text          0x080029b0       0xa0 /usr/lib/gcc/arm-none-eabi/13.2.1/../../../arm-none-eabi/lib/thumb/v7e-m+fp/hard/libg.a(libc_a-memchr.o)
                0x080029b0                memchr
 .text          0x08002a50      0x1ac /usr/lib/gcc/arm-none-eabi/13.2.1/../../../arm-none-eabi/lib/thumb/v7e-m+fp/hard/libg.a(libc_a-fflush.o)
                0x08002a50                __sflush_r
                0x08002b88                _fflush_r
                0x08002bb4                fflush
 .text          0x08002bfc      0x100 /usr/lib/gcc/arm-none-eabi/13.2.1/../../../arm-none-eabi/lib/thumb/v7e-m+fp/hard/libg.a(libc_a-memmove.o)
                0x08002bfc                memmove
 .text          0x08002cfc      0x554 /usr/lib/gcc/arm-none-eabi/13.2.1/../../../arm-none-eabi/lib/thumb/v7e-m+fp/hard/libg.a(libc_a-mallocr.o)
                0x08002cfc                _malloc_r
 .text          0x08003250      0xfb0 /usr/lib/gcc/arm-none-eabi/13.2.1/../../../arm-none-eabi/lib/thumb/v7e-m+fp/hard/libg.a(libc_a-dtoa.o)
                0x0800337c                _dtoa_r
 .text          0x08004200       0xc4 /usr/lib/gcc/arm-none-eabi/13.2.1/../../../arm-none-eabi/lib/thumb/v7e-m+fp/hard/libg.a(libc_a-wsetup.o)
                0x08004200                __swsetup_r
 .text          0x080042c4       0x90 /usr/lib/gcc/arm-none-eabi/13.2.1/../../../arm-none-eabi/lib/thumb/v7e-m+fp/hard/libg.a(libc_a-fclose.o)
                0x080042c4                _fclose_r
                0x08004344                fclose
 .text          0x08004354      0x134 /usr/lib/gcc/arm-none-eabi/13.2.1/../../../arm-none-eabi/lib/thumb/v7e-m+fp/hard/libg.a(libc_a-memcpy.o)
                0x08004354                memcpy
 .text          0x08004488       0x94 /usr/lib/gcc/arm-none-eabi/13.2.1/../../../arm-none-eabi/lib/thumb/v7e-m+fp/hard/libg.a(libc_a-stdio.o)
                0x08004488                __sread
                0x080044ac                __seofread
                0x080044b0                __swrite
                0x080044f0                __sseek
                0x08004514                __sclose
 .text          0x0800451c       0x64 /usr/lib/gcc/arm-none-eabi/13.2.1/../../../arm-none-eabi/lib/thumb/v7e-m+fp/hard/libg.a(libc_a-__atexit.o)
                0x0800451c                __register_exitproc
 .text          0x08004580      0x344 /usr/lib/gcc/arm-none-eabi/13.2.1/../../../arm-none-eabi/lib/thumb/v7e-m+fp/hard/libg.a(libc_a-reallocr.o)
                0x08004580                _realloc_r
 .text          0x080048c4       0x20 /usr/lib/gcc/arm-none-eabi/13.2.1/../../../arm-none-eabi/lib/thumb/v7e-m+fp/hard/libg.a(libc_a-sprint_r.o)
                0x080048c4                __sprint_r
 .text          0x080048e4       0x4c /usr/lib/gcc/arm-none-eabi/13.2.1/../../../arm-none-eabi/lib/thumb/v7e-m+fp/hard/libg.a(libc_a-assert.o)
                0x080048e4                __assert_func
                0x08004924                __assert
 .text          0x08004930      0xab8 /usr/lib/gcc/arm-none-eabi/13.2.1/../../../arm-none-eabi/lib/thumb/v7e-m+fp/hard/libg.a(libc_a-mprec.o)
                0x08004930                _Balloc
                0x0800497c                _Bfree
                0x08004990                __multadd
                0x08004a30                __s2b
                0x08004ae4                __hi0bits
                0x08004b28                __lo0bits
                0x08004b88                __i2b
                0x08004be4                __multiply
                0x08004d50                __pow5mult
                0x08004e04                __lshift
                0x08004ef4                __mcmp
                0x08004f38                __mdiff
                0x080050b0                __ulp
                0x08005114                __b2d
                0x080051d0                __d2b
                0x08005290                __ratio
                0x080052f0                _mprec_log10
                0x08005330                __copybits
                0x0800538c                __any_on
 .text          0x080053e8       0x14 /usr/lib/gcc/arm-none-eabi/13.2.1/../../../arm-none-eabi/lib/thumb/v7e-m+fp/hard/libg.a(libc_a-localeconv.o)
                0x080053e8                __localeconv_l
                0x080053ec                _localeconv_r
                0x080053f4                localeconv
 .text          0x080053fc       0x40 /usr/lib/gcc/arm-none-eabi/13.2.1/../../../arm-none-eabi/lib/thumb/v7e-m+fp/hard/libg.a(libc_a-mbtowc_r.o)
                0x080053fc                _mbtowc_r
                0x08005410                __ascii_mbtowc
 .text          0x0800543c       0x10 /usr/lib/gcc/arm-none-eabi/13.2.1/../../../arm-none-eabi/lib/thumb/v7e-m+fp/hard/libg.a(libc_a-abort.o)
                0x0800543c                abort
 .text          0x0800544c       0x6c /usr/lib/gcc/arm-none-eabi/13.2.1/../../../arm-none-eabi/lib/thumb/v7e-m+fp/hard/libg.a(libc_a-callocr.o)
                0x0800544c                _calloc_r
 .text          0x080054b8       0x44 /usr/lib/gcc/arm-none-eabi/13.2.1/../../../arm-none-eabi/lib/thumb/v7e-m+fp/hard/libg.a(libc_a-fiprintf.o)
                0x080054b8                _fiprintf_r
                0x080054d4                fiprintf
 .text          0x080054fc       0x30 /usr/lib/gcc/arm-none-eabi/13.2.1/../../../arm-none-eabi/lib/thumb/v7e-m+fp/hard/libg.a(libc_a-wctomb_r.o)
                0x080054fc                _wctomb_r
                0x08005510                __ascii_wctomb
 .text          0x0800552c      0x280 /usr/lib/gcc/arm-none-eabi/13.2.1/../../../arm-none-eabi/lib/thumb/v7e-m+fp/hard/libg.a(libc_a-signal.o)
                0x0800552c                _init_signal_r
                0x0800555c                _signal_r
                0x080055ac                _raise_r
                0x08005600                __sigtramp_r
                0x08005664                raise
                0x080056bc                signal
                0x0800570c                _init_signal
                0x08005744                __sigtramp
 .text          0x080057ac       0x30 /usr/lib/gcc/arm-none-eabi/13.2.1/../../../arm-none-eabi/lib/thumb/v7e-m+fp/hard/libg.a(libc_a-signalr.o)
                0x080057ac                _kill_r
                0x080057d8                _getpid_r
 .text          0x080057dc      0xb44 /usr/lib/gcc/arm-none-eabi/13.2.1/../../../arm-none-eabi/lib/thumb/v7e-m+fp/hard/libg.a(libc_a-vfiprintf.o)
                0x080057dc                _vfiprintf_r
                0x08006298                vfiprintf
 .text          0x08006320      0x378 /usr/lib/gcc/arm-none-eabi/13.2.1/thumb/v7e-m+fp/hard/libgcc.a(_arm_addsubdf3.o)
                0x08006320                __aeabi_drsub
                0x08006328                __aeabi_dsub
                0x08006328                __subdf3
                0x0800632c                __adddf3
                0x0800632c                __aeabi_dadd
                0x080065a4                __aeabi_ui2d
                0x080065a4                __floatunsidf
                0x080065c4                __floatsidf
                0x080065c4                __aeabi_i2d
                0x080065e8                __extendsfdf2
                0x080065e8                __aeabi_f2d
                0x0800662c                __aeabi_ul2d
                0x0800662c                __floatundidf
                0x0800663c                __floatdidf
                0x0800663c                __aeabi_l2d
 .text          0x08006698      0x424 /usr/lib/gcc/arm-none-eabi/13.2.1/thumb/v7e-m+fp/hard/libgcc.a(_arm_muldivdf3.o)
                0x08006698                __aeabi_dmul
                0x08006698                __muldf3
                0x080068ec                __aeabi_ddiv
                0x080068ec                __divdf3
 .text          0x08006abc      0x110 /usr/lib/gcc/arm-none-eabi/13.2.1/thumb/v7e-m+fp/hard/libgcc.a(_arm_cmpdf2.o)
                0x08006abc                __gtdf2
                0x08006abc                __gedf2
                0x08006ac4                __ltdf2
                0x08006ac4                __ledf2
                0x08006acc                __cmpdf2
                0x08006acc                __eqdf2
                0x08006acc                __nedf2
                0x08006b48                __aeabi_cdrcmple
                0x08006b58                __aeabi_cdcmple
                0x08006b58                __aeabi_cdcmpeq
                0x08006b68                __aeabi_dcmpeq
                0x08006b7c                __aeabi_dcmplt
                0x08006b90                __aeabi_dcmple
                0x08006ba4                __aeabi_dcmpge
                0x08006bb8                __aeabi_dcmpgt
 .text          0x08006bcc       0x2c /usr/lib/gcc/arm-none-eabi/13.2.1/thumb/v7e-m+fp/hard/libgcc.a(_arm_unorddf2.o)
                0x08006bcc                __aeabi_dcmpun
                0x08006bcc                __unorddf2
 .text          0x08006bf8       0x50 /usr/lib/gcc/arm-none-eabi/13.2.1/thumb/v7e-m+fp/hard/libgcc.a(_arm_fixdfsi.o)
                0x08006bf8                __fixdfsi
                0x08006bf8                __aeabi_d2iz
 .text          0x08006c48       0x10 /usr/lib/gcc/arm-none-eabi/13.2.1/../../../arm-none-eabi/lib/thumb/v7e-m+fp/hard/libnosys.a(getpid.o)
                0x08006c48                _getpid
 .text          0x08006c58       0x10 /usr/lib/gcc/arm-none-eabi/13.2.1/../../../arm-none-eabi/lib/thumb/v7e-m+fp/hard/libnosys.a(kill.o)
                0x08006c58                _kill
 .text          0x08006c68        0x4 /usr/lib/gcc/arm-none-eabi/13.2.1/../../../arm-none-eabi/lib/thumb/v7e-m+fp/hard/libnosys.a(_exit.o)
                0x08006c68                _exit
 *(.text*)
 .text.CmdLED   0x08006c6c       0x5c build/main.o
                0x08006c6c                CmdLED
 .text.CmdGyro  0x08006cc8       0x4c build/main.o
                0x08006cc8                CmdGyro
 .text.CmdButton
                0x08006d14       0x2c build/main.o
                0x08006d14                CmdButton
 .text.Error_Handler
                0x08006d40        0xa build/main.o
                0x08006d40                Error_Handler
 *fill*         0x08006d4a        0x2 
 .text.startup.main
                0x08006d4c       0x8c build/main.o
                0x08006d4c                main
 .text.SysTick_Handler
                0x08006dd8        0xe build/main.o
                0x08006dd8                SysTick_Handler
 *fill*         0x08006de6        0x2 
 .text.CmdTest  0x08006de8       0x30 build/mytest.o
                0x08006de8                CmdTest
 .text.AddTest  0x08006e18       0x44 build/mes/scao8658_hook.o
                0x08006e18                AddTest
 .text.CmdW     0x08006e5c       0x1c build/monitor.o
                0x08006e5c                CmdW
 .text.CmdR     0x08006e78       0x20 build/monitor.o
                0x08006e78                CmdR
 .text.parse    0x08006e98       0xf0 build/parser.o
                0x08006e98                parse
 .text.TaskInput
                0x08006f88      0x13c build/parser.o
                0x08006f88                TaskInput
 .text.fetch_uint32_arg
                0x080070c4       0x28 build/parser.o
                0x080070c4                fetch_uint32_arg
 .text.fetch_string_arg
                0x080070ec       0x20 build/parser.o
                0x080070ec                fetch_string_arg
 .text.DumpBuffer
                0x0800710c       0xa8 build/dump.o
                0x0800710c                DumpBuffer
 .text.CmdDump  0x080071b4       0x54 build/dump.o
                0x080071b4                CmdDump
 .text._sbrk_r  0x08007208       0x30 build/syscall.o
                0x08007208                _sbrk_r
 .text._close_r
                0x08007238        0x6 build/syscall.o
                0x08007238                _close_r
 .text._fstat_r
                0x0800723e        0xa build/syscall.o
                0x0800723e                _fstat_r
 .text._isatty_r
                0x08007248        0x4 build/syscall.o
                0x08007248                _isatty_r
 .text._lseek_r
                0x0800724c        0x4 build/syscall.o
                0x0800724c                _lseek_r
 .text.USBD_CDC_DataIn
                0x08007250       0x7c build/terminal.o
 .text.CmdStats
                0x080072cc       0x48 build/terminal.o
                0x080072cc                CmdStats
 .text.TerminalInit
                0x08007314       0x7c build/terminal.o
                0x08007314                TerminalInit
 .text.TerminalRead
                0x08007390       0x4c build/terminal.o
                0x08007390                TerminalRead
 .text._read_r  0x080073dc        0xa build/terminal.o
                0x080073dc                _read_r
 .text.TerminalReadNonBlock
                0x080073e6       0x10 build/terminal.o
                0x080073e6                TerminalReadNonBlock
 .text.TerminalReadAnyNonBlock
                0x080073f6       0x12 build/terminal.o
                0x080073f6                TerminalReadAnyNonBlock
 .text.TerminalOutputBufferWrite
                0x08007408       0xec build/terminal.o
                0x08007408                TerminalOutputBufferWrite
 .text._write_r
                0x080074f4       0x40 build/terminal.o
                0x080074f4                _write_r
 .text.TerminalInputBufferWrite
                0x08007534       0x64 build/terminal.o
                0x08007534                TerminalInputBufferWrite
 .text.USB_LP_CAN_RX0_IRQHandler
                0x08007598        0xc build/terminal.o
                0x08007598                USB_LP_CAN_RX0_IRQHandler
 .text.Uncompress
                0x080075a4       0x7c build/decoder/decoder.o
 .text.DecodeReadRegister
                0x08007620       0x54 build/decoder/decoder.o
                0x08007620                DecodeReadRegister
 .text.DecodeWriteRegister
                0x08007674       0x54 build/decoder/decoder.o
                0x08007674                DecodeWriteRegister
 .text.DecodeField
                0x080076c8       0x4c build/decoder/decoder.o
                0x080076c8                DecodeField
 .text.DecodeRegister
                0x08007714       0x5c build/decoder/decoder.o
                0x08007714                DecodeRegister
 .text.DecodePeripheral
                0x08007770       0x54 build/decoder/decoder.o
                0x08007770                DecodePeripheral
 .text.DecodePrintPeripherals
                0x080077c4       0x54 build/decoder/decoder.o
                0x080077c4                DecodePrintPeripherals
 .text.DecodePrintRegisters
                0x08007818       0x64 build/decoder/decoder.o
                0x08007818                DecodePrintRegisters
 .text.CmdDecode
                0x0800787c      0x270 build/decoder/decoder.o
                0x0800787c                CmdDecode
 .text.SystemInit
                0x08007aec       0x68 build/Drivers/CMSIS/Device/ST/STM32F3xx/Source/Templates/system_stm32f3xx.o
                0x08007aec                SystemInit
 .text.HAL_RCC_OscConfig
                0x08007b54      0x58c build/Drivers/STM32F3xx_HAL_Driver/Src/stm32f3xx_hal_rcc.o
                0x08007b54                HAL_RCC_OscConfig
 .text.HAL_RCC_ClockConfig
                0x080080e0      0x298 build/Drivers/STM32F3xx_HAL_Driver/Src/stm32f3xx_hal_rcc.o
                0x080080e0                HAL_RCC_ClockConfig
 .text.HAL_RCC_GetSysClockFreq
                0x08008378       0x6c build/Drivers/STM32F3xx_HAL_Driver/Src/stm32f3xx_hal_rcc.o
                0x08008378                HAL_RCC_GetSysClockFreq
 .text.HAL_RCC_GetHCLKFreq
                0x080083e4       0x38 build/Drivers/STM32F3xx_HAL_Driver/Src/stm32f3xx_hal_rcc.o
                0x080083e4                HAL_RCC_GetHCLKFreq
 .text.HAL_MspInit
                0x0800841c        0x2 build/Drivers/STM32F3xx_HAL_Driver/Src/stm32f3xx_hal.o
                0x0800841c                HAL_MspInit
 .text.HAL_InitTick
                0x0800841e       0x24 build/Drivers/STM32F3xx_HAL_Driver/Src/stm32f3xx_hal.o
                0x0800841e                HAL_InitTick
 *fill*         0x08008442        0x2 
 .text.HAL_Init
                0x08008444       0x24 build/Drivers/STM32F3xx_HAL_Driver/Src/stm32f3xx_hal.o
                0x08008444                HAL_Init
 .text.HAL_IncTick
                0x08008468       0x10 build/Drivers/STM32F3xx_HAL_Driver/Src/stm32f3xx_hal.o
                0x08008468                HAL_IncTick
 .text.HAL_GetTick
                0x08008478        0xc build/Drivers/STM32F3xx_HAL_Driver/Src/stm32f3xx_hal.o
                0x08008478                HAL_GetTick
 .text.HAL_Delay
                0x08008484       0x1a build/Drivers/STM32F3xx_HAL_Driver/Src/stm32f3xx_hal.o
                0x08008484                HAL_Delay
 *fill*         0x0800849e        0x2 
 .text.HAL_NVIC_SetPriorityGrouping
                0x080084a0       0x24 build/Drivers/STM32F3xx_HAL_Driver/Src/stm32f3xx_hal_cortex.o
                0x080084a0                HAL_NVIC_SetPriorityGrouping
 .text.HAL_NVIC_SetPriority
                0x080084c4       0x64 build/Drivers/STM32F3xx_HAL_Driver/Src/stm32f3xx_hal_cortex.o
                0x080084c4                HAL_NVIC_SetPriority
 .text.HAL_NVIC_EnableIRQ
                0x08008528       0x18 build/Drivers/STM32F3xx_HAL_Driver/Src/stm32f3xx_hal_cortex.o
                0x08008528                HAL_NVIC_EnableIRQ
 .text.HAL_SYSTICK_Config
                0x08008540       0x28 build/Drivers/STM32F3xx_HAL_Driver/Src/stm32f3xx_hal_cortex.o
                0x08008540                HAL_SYSTICK_Config
 .text.HAL_GPIO_Init
                0x08008568      0x17c build/Drivers/STM32F3xx_HAL_Driver/Src/stm32f3xx_hal_gpio.o
                0x08008568                HAL_GPIO_Init
 .text.HAL_GPIO_ReadPin
                0x080086e4        0xc build/Drivers/STM32F3xx_HAL_Driver/Src/stm32f3xx_hal_gpio.o
                0x080086e4                HAL_GPIO_ReadPin
 .text.HAL_GPIO_WritePin
                0x080086f0        0xa build/Drivers/STM32F3xx_HAL_Driver/Src/stm32f3xx_hal_gpio.o
                0x080086f0                HAL_GPIO_WritePin
 .text.HAL_GPIO_TogglePin
                0x080086fa        0x8 build/Drivers/STM32F3xx_HAL_Driver/Src/stm32f3xx_hal_gpio.o
                0x080086fa                HAL_GPIO_TogglePin
 .text.HAL_PCD_Init
                0x08008702       0x92 build/Drivers/STM32F3xx_HAL_Driver/Src/stm32f3xx_hal_pcd.o
                0x08008702                HAL_PCD_Init
 .text.HAL_PCD_Start
                0x08008794        0xc build/Drivers/STM32F3xx_HAL_Driver/Src/stm32f3xx_hal_pcd.o
                0x08008794                HAL_PCD_Start
 .text.HAL_PCD_SetAddress
                0x080087a0       0x2c build/Drivers/STM32F3xx_HAL_Driver/Src/stm32f3xx_hal_pcd.o
                0x080087a0                HAL_PCD_SetAddress
 .text.HAL_PCD_EP_Open
                0x080087cc      0x2e8 build/Drivers/STM32F3xx_HAL_Driver/Src/stm32f3xx_hal_pcd.o
                0x080087cc                HAL_PCD_EP_Open
 .text.HAL_PCD_EP_Close
                0x08008ab4      0x1be build/Drivers/STM32F3xx_HAL_Driver/Src/stm32f3xx_hal_pcd.o
                0x08008ab4                HAL_PCD_EP_Close
 *fill*         0x08008c72        0x2 
 .text.HAL_PCD_EP_Receive
                0x08008c74       0xc8 build/Drivers/STM32F3xx_HAL_Driver/Src/stm32f3xx_hal_pcd.o
                0x08008c74                HAL_PCD_EP_Receive
 .text.HAL_PCD_EP_GetRxCount
                0x08008d3c       0x10 build/Drivers/STM32F3xx_HAL_Driver/Src/stm32f3xx_hal_pcd.o
                0x08008d3c                HAL_PCD_EP_GetRxCount
 .text.HAL_PCD_EP_Transmit
                0x08008d4c      0x116 build/Drivers/STM32F3xx_HAL_Driver/Src/stm32f3xx_hal_pcd.o
                0x08008d4c                HAL_PCD_EP_Transmit
 *fill*         0x08008e62        0x2 
 .text.HAL_PCD_IRQHandler
                0x08008e64      0x488 build/Drivers/STM32F3xx_HAL_Driver/Src/stm32f3xx_hal_pcd.o
                0x08008e64                HAL_PCD_IRQHandler
 .text.HAL_PCD_EP_SetStall
                0x080092ec       0xa2 build/Drivers/STM32F3xx_HAL_Driver/Src/stm32f3xx_hal_pcd.o
                0x080092ec                HAL_PCD_EP_SetStall
 .text.HAL_PCD_EP_ClrStall
                0x0800938e       0xbe build/Drivers/STM32F3xx_HAL_Driver/Src/stm32f3xx_hal_pcd.o
                0x0800938e                HAL_PCD_EP_ClrStall
 .text.HAL_PCDEx_PMAConfig
                0x0800944c       0x36 build/Drivers/STM32F3xx_HAL_Driver/Src/stm32f3xx_hal_pcd_ex.o
                0x0800944c                HAL_PCDEx_PMAConfig
 .text.PCD_WritePMA
                0x08009482       0x1c build/Drivers/STM32F3xx_HAL_Driver/Src/stm32f3xx_hal_pcd_ex.o
                0x08009482                PCD_WritePMA
 .text.PCD_ReadPMA
                0x0800949e       0x1c build/Drivers/STM32F3xx_HAL_Driver/Src/stm32f3xx_hal_pcd_ex.o
                0x0800949e                PCD_ReadPMA
 .text.HAL_PCDEx_SetConnectionState
                0x080094ba        0x2 build/Drivers/STM32F3xx_HAL_Driver/Src/stm32f3xx_hal_pcd_ex.o
                0x080094ba                HAL_PCDEx_SetConnectionState
 .text.SPI_WaitFifoStateUntilTimeout
                0x080094bc       0x94 build/Drivers/STM32F3xx_HAL_Driver/Src/stm32f3xx_hal_spi.o
 .text.SPI_WaitFlagStateUntilTimeout
                0x08009550       0x82 build/Drivers/STM32F3xx_HAL_Driver/Src/stm32f3xx_hal_spi.o
 .text.SPI_EndRxTxTransaction
                0x080095d2       0x48 build/Drivers/STM32F3xx_HAL_Driver/Src/stm32f3xx_hal_spi.o
 .text.HAL_SPI_MspInit
                0x0800961a        0x2 build/Drivers/STM32F3xx_HAL_Driver/Src/stm32f3xx_hal_spi.o
                0x0800961a                HAL_SPI_MspInit
 .text.HAL_SPI_Init
                0x0800961c       0xa4 build/Drivers/STM32F3xx_HAL_Driver/Src/stm32f3xx_hal_spi.o
                0x0800961c                HAL_SPI_Init
 .text.HAL_SPI_MspDeInit
                0x080096c0        0x2 build/Drivers/STM32F3xx_HAL_Driver/Src/stm32f3xx_hal_spi.o
                0x080096c0                HAL_SPI_MspDeInit
 .text.HAL_SPI_DeInit
                0x080096c2       0x2a build/Drivers/STM32F3xx_HAL_Driver/Src/stm32f3xx_hal_spi.o
                0x080096c2                HAL_SPI_DeInit
 .text.HAL_SPI_TransmitReceive
                0x080096ec      0x274 build/Drivers/STM32F3xx_HAL_Driver/Src/stm32f3xx_hal_spi.o
                0x080096ec                HAL_SPI_TransmitReceive
 .text.HAL_SPI_GetState
                0x08009960        0x6 build/Drivers/STM32F3xx_HAL_Driver/Src/stm32f3xx_hal_spi.o
                0x08009960                HAL_SPI_GetState
 .text.USBD_Init
                0x08009966       0x2a build/Drivers/STM32_USB_Device_Library/Core/Src/usbd_core.o
                0x08009966                USBD_Init
 .text.USBD_RegisterClass
                0x08009990        0xe build/Drivers/STM32_USB_Device_Library/Core/Src/usbd_core.o
                0x08009990                USBD_RegisterClass
 .text.USBD_Start
                0x0800999e        0xa build/Drivers/STM32_USB_Device_Library/Core/Src/usbd_core.o
                0x0800999e                USBD_Start
 .text.USBD_SetClassConfig
                0x080099a8       0x1a build/Drivers/STM32_USB_Device_Library/Core/Src/usbd_core.o
                0x080099a8                USBD_SetClassConfig
 .text.USBD_ClrClassConfig
                0x080099c2        0xe build/Drivers/STM32_USB_Device_Library/Core/Src/usbd_core.o
                0x080099c2                USBD_ClrClassConfig
 .text.USBD_LL_SetupStage
                0x080099d0       0x5a build/Drivers/STM32_USB_Device_Library/Core/Src/usbd_core.o
                0x080099d0                USBD_LL_SetupStage
 .text.USBD_LL_DataOutStage
                0x08009a2a       0x60 build/Drivers/STM32_USB_Device_Library/Core/Src/usbd_core.o
                0x08009a2a                USBD_LL_DataOutStage
 .text.USBD_LL_DataInStage
                0x08009a8a       0x8c build/Drivers/STM32_USB_Device_Library/Core/Src/usbd_core.o
                0x08009a8a                USBD_LL_DataInStage
 .text.USBD_LL_Reset
                0x08009b16       0x3e build/Drivers/STM32_USB_Device_Library/Core/Src/usbd_core.o
                0x08009b16                USBD_LL_Reset
 .text.USBD_LL_SetSpeed
                0x08009b54        0x6 build/Drivers/STM32_USB_Device_Library/Core/Src/usbd_core.o
                0x08009b54                USBD_LL_SetSpeed
 .text.USBD_LL_SOF
                0x08009b5a       0x18 build/Drivers/STM32_USB_Device_Library/Core/Src/usbd_core.o
                0x08009b5a                USBD_LL_SOF
 .text.USBD_CtlError.constprop.0
                0x08009b72       0x16 build/Drivers/STM32_USB_Device_Library/Core/Src/usbd_ctlreq.o
 .text.USBD_StdDevReq
                0x08009b88      0x1f4 build/Drivers/STM32_USB_Device_Library/Core/Src/usbd_ctlreq.o
                0x08009b88                USBD_StdDevReq
 .text.USBD_StdItfReq
                0x08009d7c       0x30 build/Drivers/STM32_USB_Device_Library/Core/Src/usbd_ctlreq.o
                0x08009d7c                USBD_StdItfReq
 .text.USBD_StdEPReq
                0x08009dac       0xb8 build/Drivers/STM32_USB_Device_Library/Core/Src/usbd_ctlreq.o
                0x08009dac                USBD_StdEPReq
 .text.USBD_ParseSetupRequest
                0x08009e64       0x16 build/Drivers/STM32_USB_Device_Library/Core/Src/usbd_ctlreq.o
                0x08009e64                USBD_ParseSetupRequest
 .text.USBD_GetString
                0x08009e7a       0x38 build/Drivers/STM32_USB_Device_Library/Core/Src/usbd_ctlreq.o
                0x08009e7a                USBD_GetString
 .text.USBD_CtlSendData
                0x08009eb2       0x1a build/Drivers/STM32_USB_Device_Library/Core/Src/usbd_ioreq.o
                0x08009eb2                USBD_CtlSendData
 .text.USBD_CtlContinueSendData
                0x08009ecc       0x10 build/Drivers/STM32_USB_Device_Library/Core/Src/usbd_ioreq.o
                0x08009ecc                USBD_CtlContinueSendData
 .text.USBD_CtlPrepareRx
                0x08009edc       0x1a build/Drivers/STM32_USB_Device_Library/Core/Src/usbd_ioreq.o
                0x08009edc                USBD_CtlPrepareRx
 .text.USBD_CtlContinueRx
                0x08009ef6       0x10 build/Drivers/STM32_USB_Device_Library/Core/Src/usbd_ioreq.o
                0x08009ef6                USBD_CtlContinueRx
 .text.USBD_CtlSendStatus
                0x08009f06       0x16 build/Drivers/STM32_USB_Device_Library/Core/Src/usbd_ioreq.o
                0x08009f06                USBD_CtlSendStatus
 .text.USBD_CtlReceiveStatus
                0x08009f1c       0x16 build/Drivers/STM32_USB_Device_Library/Core/Src/usbd_ioreq.o
                0x08009f1c                USBD_CtlReceiveStatus
 .text.USBD_CDC_DataIn
                0x08009f32       0x12 build/Drivers/STM32_USB_Device_Library/Class/CDC/Src/usbd_cdc.o
 .text.USBD_CDC_EP0_RxReady
                0x08009f44       0x28 build/Drivers/STM32_USB_Device_Library/Class/CDC/Src/usbd_cdc.o
 .text.USBD_CDC_GetFSCfgDesc
                0x08009f6c        0xc build/Drivers/STM32_USB_Device_Library/Class/CDC/Src/usbd_cdc.o
 .text.USBD_CDC_GetHSCfgDesc
                0x08009f78        0xc build/Drivers/STM32_USB_Device_Library/Class/CDC/Src/usbd_cdc.o
 .text.USBD_CDC_GetOtherSpeedCfgDesc
                0x08009f84        0xc build/Drivers/STM32_USB_Device_Library/Class/CDC/Src/usbd_cdc.o
 .text.USBD_CDC_GetDeviceQualifierDescriptor
                0x08009f90        0xc build/Drivers/STM32_USB_Device_Library/Class/CDC/Src/usbd_cdc.o
                0x08009f90                USBD_CDC_GetDeviceQualifierDescriptor
 .text.USBD_CDC_DataOut
                0x08009f9c       0x2e build/Drivers/STM32_USB_Device_Library/Class/CDC/Src/usbd_cdc.o
 .text.USBD_CDC_Setup
                0x08009fca       0x56 build/Drivers/STM32_USB_Device_Library/Class/CDC/Src/usbd_cdc.o
 .text.USBD_CDC_DeInit
                0x0800a020       0x3a build/Drivers/STM32_USB_Device_Library/Class/CDC/Src/usbd_cdc.o
 .text.USBD_CDC_Init
                0x0800a05a       0x7e build/Drivers/STM32_USB_Device_Library/Class/CDC/Src/usbd_cdc.o
 .text.USBD_CDC_RegisterInterface
                0x0800a0d8        0xe build/Drivers/STM32_USB_Device_Library/Class/CDC/Src/usbd_cdc.o
                0x0800a0d8                USBD_CDC_RegisterInterface
 .text.USBD_CDC_SetTxBuffer
                0x0800a0e6       0x10 build/Drivers/STM32_USB_Device_Library/Class/CDC/Src/usbd_cdc.o
                0x0800a0e6                USBD_CDC_SetTxBuffer
 .text.USBD_CDC_SetRxBuffer
                0x0800a0f6        0xc build/Drivers/STM32_USB_Device_Library/Class/CDC/Src/usbd_cdc.o
                0x0800a0f6                USBD_CDC_SetRxBuffer
 .text.USBD_CDC_TransmitPacket
                0x0800a102       0x2e build/Drivers/STM32_USB_Device_Library/Class/CDC/Src/usbd_cdc.o
                0x0800a102                USBD_CDC_TransmitPacket
 .text.USBD_CDC_ReceivePacket
                0x0800a130       0x26 build/Drivers/STM32_USB_Device_Library/Class/CDC/Src/usbd_cdc.o
                0x0800a130                USBD_CDC_ReceivePacket
 *fill*         0x0800a156        0x2 
 .text.HAL_PCD_MspInit
                0x0800a158       0x98 build/usbd_conf.o
                0x0800a158                HAL_PCD_MspInit
 .text.HAL_PCD_SetupStageCallback
                0x0800a1f0        0xc build/usbd_conf.o
                0x0800a1f0                HAL_PCD_SetupStageCallback
 .text.HAL_PCD_DataOutStageCallback
                0x0800a1fc       0x12 build/usbd_conf.o
                0x0800a1fc                HAL_PCD_DataOutStageCallback
 .text.HAL_PCD_DataInStageCallback
                0x0800a20e       0x10 build/usbd_conf.o
                0x0800a20e                HAL_PCD_DataInStageCallback
 .text.HAL_PCD_SOFCallback
                0x0800a21e        0x8 build/usbd_conf.o
                0x0800a21e                HAL_PCD_SOFCallback
 .text.HAL_PCD_ResetCallback
                0x0800a226       0x1a build/usbd_conf.o
                0x0800a226                HAL_PCD_ResetCallback
 .text.HAL_PCD_SuspendCallback
                0x0800a240        0x2 build/usbd_conf.o
                0x0800a240                HAL_PCD_SuspendCallback
 .text.HAL_PCD_ResumeCallback
                0x0800a242        0x2 build/usbd_conf.o
                0x0800a242                HAL_PCD_ResumeCallback
 .text.USBD_LL_Init
                0x0800a244       0x7c build/usbd_conf.o
                0x0800a244                USBD_LL_Init
 .text.USBD_LL_Start
                0x0800a2c0        0xe build/usbd_conf.o
                0x0800a2c0                USBD_LL_Start
 .text.USBD_LL_OpenEP
                0x0800a2ce       0x14 build/usbd_conf.o
                0x0800a2ce                USBD_LL_OpenEP
 .text.USBD_LL_CloseEP
                0x0800a2e2        0xe build/usbd_conf.o
                0x0800a2e2                USBD_LL_CloseEP
 .text.USBD_LL_StallEP
                0x0800a2f0        0xe build/usbd_conf.o
                0x0800a2f0                USBD_LL_StallEP
 .text.USBD_LL_ClearStallEP
                0x0800a2fe        0xe build/usbd_conf.o
                0x0800a2fe                USBD_LL_ClearStallEP
 .text.USBD_LL_IsStallEP
                0x0800a30c       0x26 build/usbd_conf.o
                0x0800a30c                USBD_LL_IsStallEP
 .text.USBD_LL_SetUSBAddress
                0x0800a332        0xe build/usbd_conf.o
                0x0800a332                USBD_LL_SetUSBAddress
 .text.USBD_LL_Transmit
                0x0800a340        0xe build/usbd_conf.o
                0x0800a340                USBD_LL_Transmit
 .text.USBD_LL_PrepareReceive
                0x0800a34e        0xe build/usbd_conf.o
                0x0800a34e                USBD_LL_PrepareReceive
 .text.USBD_LL_GetRxDataSize
                0x0800a35c        0xc build/usbd_conf.o
                0x0800a35c                USBD_LL_GetRxDataSize
 .text.USBD_static_malloc
                0x0800a368        0x8 build/usbd_conf.o
                0x0800a368                USBD_static_malloc
 .text.USBD_static_free
                0x0800a370        0x2 build/usbd_conf.o
                0x0800a370                USBD_static_free
 *fill*         0x0800a372        0x2 
 .text.USBD_VCP_DeviceDescriptor
                0x0800a374        0xc build/usbd_desc.o
                0x0800a374                USBD_VCP_DeviceDescriptor
 .text.USBD_VCP_LangIDStrDescriptor
                0x0800a380        0xc build/usbd_desc.o
                0x0800a380                USBD_VCP_LangIDStrDescriptor
 .text.IntToUnicode
                0x0800a38c       0x2a build/usbd_desc.o
 *fill*         0x0800a3b6        0x2 
 .text.USBD_VCP_SerialStrDescriptor
                0x0800a3b8       0x3c build/usbd_desc.o
                0x0800a3b8                USBD_VCP_SerialStrDescriptor
 .text.USBD_VCP_ProductStrDescriptor
                0x0800a3f4       0x1c build/usbd_desc.o
                0x0800a3f4                USBD_VCP_ProductStrDescriptor
 .text.USBD_VCP_ManufacturerStrDescriptor
                0x0800a410       0x1c build/usbd_desc.o
                0x0800a410                USBD_VCP_ManufacturerStrDescriptor
 .text.USBD_VCP_ConfigStrDescriptor
                0x0800a42c       0x1c build/usbd_desc.o
                0x0800a42c                USBD_VCP_ConfigStrDescriptor
 .text.USBD_VCP_InterfaceStrDescriptor
                0x0800a448       0x1c build/usbd_desc.o
                0x0800a448                USBD_VCP_InterfaceStrDescriptor
 .text.CDC_Itf_DeInit
                0x0800a464        0x4 build/usbd_cdc_interface.o
 .text.CDC_Itf_Control
                0x0800a468       0x48 build/usbd_cdc_interface.o
 .text.CDC_Itf_Receive
                0x0800a4b0       0x1c build/usbd_cdc_interface.o
 .text.CDC_Itf_Init
                0x0800a4cc       0x18 build/usbd_cdc_interface.o
 .text.SPIx_Init
                0x0800a4e4       0x88 build/Drivers/BSP/STM32F3-Discovery/stm32f3_discovery.o
 .text.SPIx_WriteRead
                0x0800a56c       0x40 build/Drivers/BSP/STM32F3-Discovery/stm32f3_discovery.o
 .text.BSP_LED_Init
                0x0800a5ac       0x5c build/Drivers/BSP/STM32F3-Discovery/stm32f3_discovery.o
                0x0800a5ac                BSP_LED_Init
 .text.BSP_LED_On
                0x0800a608       0x1c build/Drivers/BSP/STM32F3-Discovery/stm32f3_discovery.o
                0x0800a608                BSP_LED_On
 .text.BSP_LED_Off
                0x0800a624       0x1c build/Drivers/BSP/STM32F3-Discovery/stm32f3_discovery.o
                0x0800a624                BSP_LED_Off
 .text.BSP_LED_Toggle
                0x0800a640       0x18 build/Drivers/BSP/STM32F3-Discovery/stm32f3_discovery.o
                0x0800a640                BSP_LED_Toggle
 .text.BSP_PB_Init
                0x0800a658       0x74 build/Drivers/BSP/STM32F3-Discovery/stm32f3_discovery.o
                0x0800a658                BSP_PB_Init
 .text.BSP_PB_GetState
                0x0800a6cc       0x14 build/Drivers/BSP/STM32F3-Discovery/stm32f3_discovery.o
                0x0800a6cc                BSP_PB_GetState
 .text.GYRO_IO_Init
                0x0800a6e0       0x64 build/Drivers/BSP/STM32F3-Discovery/stm32f3_discovery.o
                0x0800a6e0                GYRO_IO_Init
 .text.GYRO_IO_Write
                0x0800a744       0x44 build/Drivers/BSP/STM32F3-Discovery/stm32f3_discovery.o
                0x0800a744                GYRO_IO_Write
 .text.GYRO_IO_Read
                0x0800a788       0x48 build/Drivers/BSP/STM32F3-Discovery/stm32f3_discovery.o
                0x0800a788                GYRO_IO_Read
 .text.BSP_GYRO_Init
                0x0800a7d0       0x68 build/Drivers/BSP/STM32F3-Discovery/stm32f3_discovery_gyroscope.o
                0x0800a7d0                BSP_GYRO_Init
 .text.BSP_GYRO_GetXYZ
                0x0800a838       0x10 build/Drivers/BSP/STM32F3-Discovery/stm32f3_discovery_gyroscope.o
                0x0800a838                BSP_GYRO_GetXYZ
 .text.L3GD20_DeInit
                0x0800a848        0x2 build/Drivers/BSP/Components/l3gd20/l3gd20.o
                0x0800a848                L3GD20_DeInit
 .text.L3GD20_Init
                0x0800a84a       0x34 build/Drivers/BSP/Components/l3gd20/l3gd20.o
                0x0800a84a                L3GD20_Init
 .text.L3GD20_LowPower
                0x0800a87e       0x18 build/Drivers/BSP/Components/l3gd20/l3gd20.o
                0x0800a87e                L3GD20_LowPower
 .text.L3GD20_ReadID
                0x0800a896       0x1c build/Drivers/BSP/Components/l3gd20/l3gd20.o
                0x0800a896                L3GD20_ReadID
 .text.L3GD20_RebootCmd
                0x0800a8b2       0x2c build/Drivers/BSP/Components/l3gd20/l3gd20.o
                0x0800a8b2                L3GD20_RebootCmd
 .text.L3GD20_INT1InterruptConfig
                0x0800a8de       0x5e build/Drivers/BSP/Components/l3gd20/l3gd20.o
                0x0800a8de                L3GD20_INT1InterruptConfig
 .text.L3GD20_EnableIT
                0x0800a93c       0x40 build/Drivers/BSP/Components/l3gd20/l3gd20.o
                0x0800a93c                L3GD20_EnableIT
 .text.L3GD20_DisableIT
                0x0800a97c       0x3c build/Drivers/BSP/Components/l3gd20/l3gd20.o
                0x0800a97c                L3GD20_DisableIT
 .text.L3GD20_FilterConfig
                0x0800a9b8       0x2e build/Drivers/BSP/Components/l3gd20/l3gd20.o
                0x0800a9b8                L3GD20_FilterConfig
 .text.L3GD20_FilterCmd
                0x0800a9e6       0x2e build/Drivers/BSP/Components/l3gd20/l3gd20.o
                0x0800a9e6                L3GD20_FilterCmd
 .text.L3GD20_ReadXYZAngRate
                0x0800aa14       0xc8 build/Drivers/BSP/Components/l3gd20/l3gd20.o
                0x0800aa14                L3GD20_ReadXYZAngRate
 .text.I3G4250D_DeInit
                0x0800aadc        0x2 build/Drivers/BSP/Components/i3g4250d/i3g4250d.o
                0x0800aadc                I3G4250D_DeInit
 .text.I3G4250D_Init
                0x0800aade       0x34 build/Drivers/BSP/Components/i3g4250d/i3g4250d.o
                0x0800aade                I3G4250D_Init
 .text.I3G4250D_LowPower
                0x0800ab12       0x18 build/Drivers/BSP/Components/i3g4250d/i3g4250d.o
                0x0800ab12                I3G4250D_LowPower
 .text.I3G4250D_ReadID
                0x0800ab2a       0x1c build/Drivers/BSP/Components/i3g4250d/i3g4250d.o
                0x0800ab2a                I3G4250D_ReadID
 .text.I3G4250D_RebootCmd
                0x0800ab46       0x2c build/Drivers/BSP/Components/i3g4250d/i3g4250d.o
                0x0800ab46                I3G4250D_RebootCmd
 .text.I3G4250D_INT1InterruptConfig
                0x0800ab72       0x5e build/Drivers/BSP/Components/i3g4250d/i3g4250d.o
                0x0800ab72                I3G4250D_INT1InterruptConfig
 .text.I3G4250D_EnableIT
                0x0800abd0       0x40 build/Drivers/BSP/Components/i3g4250d/i3g4250d.o
                0x0800abd0                I3G4250D_EnableIT
 .text.I3G4250D_DisableIT
                0x0800ac10       0x3c build/Drivers/BSP/Components/i3g4250d/i3g4250d.o
                0x0800ac10                I3G4250D_DisableIT
 .text.I3G4250D_FilterConfig
                0x0800ac4c       0x2e build/Drivers/BSP/Components/i3g4250d/i3g4250d.o
                0x0800ac4c                I3G4250D_FilterConfig
 .text.I3G4250D_FilterCmd
                0x0800ac7a       0x2e build/Drivers/BSP/Components/i3g4250d/i3g4250d.o
                0x0800ac7a                I3G4250D_FilterCmd
 .text.I3G4250D_ReadXYZAngRate
                0x0800aca8       0xc8 build/Drivers/BSP/Components/i3g4250d/i3g4250d.o
                0x0800aca8                I3G4250D_ReadXYZAngRate
 .text.Reset_Handler
                0x0800ad70       0x50 build/Drivers/CMSIS/Device/ST/STM32F3xx/Source/Templates/gcc/startup_stm32f303xc.o
                0x0800ad70                Reset_Handler
 .text.Default_Handler
                0x0800adc0        0x2 build/Drivers/CMSIS/Device/ST/STM32F3xx/Source/Templates/gcc/startup_stm32f303xc.o
                0x0800adc0                RTC_Alarm_IRQHandler
                0x0800adc0                TIM8_TRG_COM_IRQHandler
                0x0800adc0                TIM8_CC_IRQHandler
                0x0800adc0                DebugMon_Handler
                0x0800adc0                TIM1_CC_IRQHandler
                0x0800adc0                HardFault_Handler
                0x0800adc0                USB_HP_IRQHandler
                0x0800adc0                PVD_IRQHandler
                0x0800adc0                TAMP_STAMP_IRQHandler
                0x0800adc0                PendSV_Handler
                0x0800adc0                NMI_Handler
                0x0800adc0                EXTI3_IRQHandler
                0x0800adc0                USB_HP_CAN_TX_IRQHandler
                0x0800adc0                EXTI0_IRQHandler
                0x0800adc0                I2C2_EV_IRQHandler
                0x0800adc0                FPU_IRQHandler
                0x0800adc0                TIM1_UP_TIM16_IRQHandler
                0x0800adc0                UsageFault_Handler
                0x0800adc0                ADC1_2_IRQHandler
                0x0800adc0                SPI1_IRQHandler
                0x0800adc0                CAN_SCE_IRQHandler
                0x0800adc0                TIM6_DAC_IRQHandler
                0x0800adc0                TIM8_UP_IRQHandler
                0x0800adc0                DMA2_Channel2_IRQHandler
                0x0800adc0                DMA1_Channel4_IRQHandler
                0x0800adc0                USART3_IRQHandler
                0x0800adc0                DMA1_Channel7_IRQHandler
                0x0800adc0                UART5_IRQHandler
                0x0800adc0                ADC3_IRQHandler
                0x0800adc0                TIM4_IRQHandler
                0x0800adc0                CAN_RX1_IRQHandler
                0x0800adc0                DMA2_Channel1_IRQHandler
                0x0800adc0                I2C1_EV_IRQHandler
                0x0800adc0                DMA1_Channel6_IRQHandler
                0x0800adc0                UART4_IRQHandler
                0x0800adc0                DMA2_Channel4_IRQHandler
                0x0800adc0                TIM3_IRQHandler
                0x0800adc0                RCC_IRQHandler
                0x0800adc0                DMA1_Channel1_IRQHandler
                0x0800adc0                Default_Handler
                0x0800adc0                USBWakeUp_RMP_IRQHandler
                0x0800adc0                EXTI15_10_IRQHandler
                0x0800adc0                TIM7_IRQHandler
                0x0800adc0                EXTI9_5_IRQHandler
                0x0800adc0                RTC_WKUP_IRQHandler
                0x0800adc0                SPI2_IRQHandler
                0x0800adc0                MemManage_Handler
                0x0800adc0                SVC_Handler
                0x0800adc0                DMA2_Channel5_IRQHandler
                0x0800adc0                DMA1_Channel5_IRQHandler
                0x0800adc0                USB_LP_IRQHandler
                0x0800adc0                EXTI4_IRQHandler
                0x0800adc0                TIM1_TRG_COM_TIM17_IRQHandler
                0x0800adc0                DMA1_Channel3_IRQHandler
                0x0800adc0                ADC4_IRQHandler
                0x0800adc0                WWDG_IRQHandler
                0x0800adc0                TIM2_IRQHandler
                0x0800adc0                COMP7_IRQHandler
                0x0800adc0                COMP1_2_3_IRQHandler
                0x0800adc0                EXTI1_IRQHandler
                0x0800adc0                USART2_IRQHandler
                0x0800adc0                COMP4_5_6_IRQHandler
                0x0800adc0                I2C2_ER_IRQHandler
                0x0800adc0                DMA1_Channel2_IRQHandler
                0x0800adc0                TIM8_BRK_IRQHandler
                0x0800adc0                FLASH_IRQHandler
                0x0800adc0                BusFault_Handler
                0x0800adc0                USART1_IRQHandler
                0x0800adc0                SPI3_IRQHandler
                0x0800adc0                I2C1_ER_IRQHandler
                0x0800adc0                USBWakeUp_IRQHandler
                0x0800adc0                DMA2_Channel3_IRQHandler
                0x0800adc0                EXTI2_TSC_IRQHandler
                0x0800adc0                TIM1_BRK_TIM15_IRQHandler
 *fill*         0x0800adc2        0x2 
 .text.startup  0x0800adc4       0x14 /usr/lib/gcc/arm-none-eabi/13.2.1/../../../arm-none-eabi/lib/thumb/v7e-m+fp/hard/libg.a(libc_a-__call_atexit.o)
 *(.glue_7)
 .glue_7        0x0800add8        0x0 linker stubs
 *(.glue_7t)
 .glue_7t       0x0800add8        0x0 linker stubs
 *(.eh_frame)
 .eh_frame      0x0800add8        0x0 /usr/lib/gcc/arm-none-eabi/13.2.1/thumb/v7e-m+fp/hard/crtbegin.o
 *(.init)
 .init          0x0800add8        0x4 /usr/lib/gcc/arm-none-eabi/13.2.1/thumb/v7e-m+fp/hard/crti.o
                0x0800add8                _init
 .init          0x0800addc        0x8 /usr/lib/gcc/arm-none-eabi/13.2.1/thumb/v7e-m+fp/hard/crtn.o
 *(.fini)
 .fini          0x0800ade4        0x4 /usr/lib/gcc/arm-none-eabi/13.2.1/thumb/v7e-m+fp/hard/crti.o
                0x0800ade4                _fini
 .fini          0x0800ade8        0x8 /usr/lib/gcc/arm-none-eabi/13.2.1/thumb/v7e-m+fp/hard/crtn.o
                0x0800adf0                        . = ALIGN (0x4)
                0x0800adf0                        _etext = .

.vfp11_veneer   0x0800adf0        0x0
 .vfp11_veneer  0x0800adf0        0x0 linker stubs

.v4_bx          0x0800adf0        0x0
 .v4_bx         0x0800adf0        0x0 linker stubs

.iplt           0x0800adf0        0x0
 .iplt          0x0800adf0        0x0 /usr/lib/gcc/arm-none-eabi/13.2.1/thumb/v7e-m+fp/hard/crtbegin.o

.rodata         0x0800adf0     0xf9b4
                0x0800adf0                        . = ALIGN (0x4)
 *(.rodata)
 .rodata        0x0800adf0      0x494 build/decoder/STM32F30x_decoder.o
 .rodata        0x0800b284      0x101 /usr/lib/gcc/arm-none-eabi/13.2.1/../../../arm-none-eabi/lib/thumb/v7e-m+fp/hard/libg.a(libc_a-ctype_.o)
                0x0800b284                _ctype_
 *fill*         0x0800b385        0x3 
 .rodata        0x0800b388       0x20 /usr/lib/gcc/arm-none-eabi/13.2.1/../../../arm-none-eabi/lib/thumb/v7e-m+fp/hard/libg.a(libc_a-vfprintf.o)
 .rodata        0x0800b3a8      0x128 /usr/lib/gcc/arm-none-eabi/13.2.1/../../../arm-none-eabi/lib/thumb/v7e-m+fp/hard/libg.a(libc_a-mprec.o)
                0x0800b3b8                __mprec_tens
                0x0800b480                __mprec_tinytens
                0x0800b4a8                __mprec_bigtens
 .rodata        0x0800b4d0       0x20 /usr/lib/gcc/arm-none-eabi/13.2.1/../../../arm-none-eabi/lib/thumb/v7e-m+fp/hard/libg.a(libc_a-vfiprintf.o)
 *(.rodata*)
 .rodata.CmdLED.str1.1
                0x0800b4f0     0x3433 build/main.o
                                 0x68 (size before relaxing)
 .rodata.CmdGyro.str1.1
                0x0800e923       0x2f build/main.o
 .rodata.CmdButton.str1.1
                0x0800e923       0x2a build/main.o
 .rodata.main.str1.1
                0x0800e923       0x1f build/main.o
 .rodata.str1.1
                0x0800e923       0x7b build/main.o
 .rodata.LEDs   0x0800e923        0x8 build/main.o
                0x0800e923                LEDs
 .rodata.CmdTest.str1.1
                0x0800e92b       0x47 build/mytest.o
 .rodata.str1.1
                0x0800e92b       0x16 build/mytest.o
 .rodata.AddTest.str1.1
                0x0800e92b       0x64 build/mes/scao8658_hook.o
 .rodata.str1.1
                0x0800e92b       0x27 build/mes/scao8658_hook.o
 .rodata.CmdR.str1.1
                0x0800e92b       0x10 build/monitor.o
 .rodata.str1.1
                0x0800e92b       0x3d build/monitor.o
 .rodata.parse.str1.1
                0x0800e92b       0xd6 build/parser.o
 .rodata.TaskInput.str1.1
                0x0800e92b        0xe build/parser.o
 .rodata.__FUNCTION__.0
                0x0800e92b        0x6 build/parser.o
 .rodata.DumpBuffer.str1.1
                0x0800e931       0x16 build/dump.o
 .rodata.CmdDump.str1.1
                0x0800e931      0x1ca build/dump.o
 .rodata.str1.1
                0x0800e931       0x1e build/dump.o
 .rodata.CmdStats.str1.1
                0x0800e931       0x78 build/terminal.o
 .rodata._write_r.str1.1
                0x0800e931        0x2 build/terminal.o
 .rodata.str1.1
                0x0800e931       0x32 build/terminal.o
 .rodata.Uncompress.str1.1
                0x0800e931       0x26 build/decoder/decoder.o
 .rodata.DecodeReadRegister.str1.1
                0x0800e931       0x35 build/decoder/decoder.o
 .rodata.DecodeField.str1.1
                0x0800e931       0x35 build/decoder/decoder.o
 .rodata.DecodeRegister.str1.1
                0x0800e931       0x3b build/decoder/decoder.o
 .rodata.DecodePeripheral.str1.1
                0x0800e931       0x28 build/decoder/decoder.o
 .rodata.DecodePrintPeripherals.str1.1
                0x0800e931        0x9 build/decoder/decoder.o
 .rodata.CmdDecode.str1.1
                0x0800e931      0x405 build/decoder/decoder.o
 .rodata.str1.1
                0x0800e931       0x28 build/decoder/decoder.o
 .rodata.str1.1
                0x0800e931     0x2921 build/decoder/STM32F30x_decoder.o
 *fill*         0x0800e931        0x3 
 .rodata.Peripherals
                0x0800e934      0x370 build/decoder/STM32F30x_decoder.o
                0x0800e934                Peripherals
 .rodata.DBGMCU_registers
                0x0800eca4       0x40 build/decoder/STM32F30x_decoder.o
                0x0800eca4                DBGMCU_registers
 .rodata.DBGMCU_APB2FZ_fields
                0x0800ece4       0x20 build/decoder/STM32F30x_decoder.o
                0x0800ece4                DBGMCU_APB2FZ_fields
 .rodata.DBGMCU_APB1FZ_fields
                0x0800ed04       0x80 build/decoder/STM32F30x_decoder.o
                0x0800ed04                DBGMCU_APB1FZ_fields
 .rodata.DBGMCU_CR_fields
                0x0800ed84       0x28 build/decoder/STM32F30x_decoder.o
                0x0800ed84                DBGMCU_CR_fields
 .rodata.DBGMCU_IDCODE_fields
                0x0800edac       0x10 build/decoder/STM32F30x_decoder.o
                0x0800edac                DBGMCU_IDCODE_fields
 .rodata.FPU_registers
                0x0800edbc       0x60 build/decoder/STM32F30x_decoder.o
                0x0800edbc                FPU_registers
 .rodata.FPU_MVFR1_fields
                0x0800ee1c       0x20 build/decoder/STM32F30x_decoder.o
                0x0800ee1c                FPU_MVFR1_fields
 .rodata.FPU_MVFR0_fields
                0x0800ee3c       0x40 build/decoder/STM32F30x_decoder.o
                0x0800ee3c                FPU_MVFR0_fields
 .rodata.FPU_FPDSCR_fields
                0x0800ee7c       0x20 build/decoder/STM32F30x_decoder.o
                0x0800ee7c                FPU_FPDSCR_fields
 .rodata.FPU_FPCAR_fields
                0x0800ee9c        0x8 build/decoder/STM32F30x_decoder.o
                0x0800ee9c                FPU_FPCAR_fields
 .rodata.FPU_FPCCR_fields
                0x0800eea4       0x48 build/decoder/STM32F30x_decoder.o
                0x0800eea4                FPU_FPCCR_fields
 .rodata.FPU_CPACR_fields
                0x0800eeec       0x50 build/decoder/STM32F30x_decoder.o
                0x0800eeec                FPU_CPACR_fields
 .rodata.NVIC_registers
                0x0800ef3c      0x260 build/decoder/STM32F30x_decoder.o
                0x0800ef3c                NVIC_registers
 .rodata.NVIC_STIR_fields
                0x0800f19c        0x8 build/decoder/STM32F30x_decoder.o
                0x0800f19c                NVIC_STIR_fields
 .rodata.NVIC_IPR20_fields
                0x0800f1a4       0x20 build/decoder/STM32F30x_decoder.o
                0x0800f1a4                NVIC_IPR20_fields
 .rodata.NVIC_IPR19_fields
                0x0800f1c4       0x20 build/decoder/STM32F30x_decoder.o
                0x0800f1c4                NVIC_IPR19_fields
 .rodata.NVIC_IPR18_fields
                0x0800f1e4       0x20 build/decoder/STM32F30x_decoder.o
                0x0800f1e4                NVIC_IPR18_fields
 .rodata.NVIC_IPR17_fields
                0x0800f204       0x20 build/decoder/STM32F30x_decoder.o
                0x0800f204                NVIC_IPR17_fields
 .rodata.NVIC_IPR16_fields
                0x0800f224       0x20 build/decoder/STM32F30x_decoder.o
                0x0800f224                NVIC_IPR16_fields
 .rodata.NVIC_IPR15_fields
                0x0800f244       0x20 build/decoder/STM32F30x_decoder.o
                0x0800f244                NVIC_IPR15_fields
 .rodata.NVIC_IPR14_fields
                0x0800f264       0x20 build/decoder/STM32F30x_decoder.o
                0x0800f264                NVIC_IPR14_fields
 .rodata.NVIC_IPR13_fields
                0x0800f284       0x20 build/decoder/STM32F30x_decoder.o
                0x0800f284                NVIC_IPR13_fields
 .rodata.NVIC_IPR12_fields
                0x0800f2a4       0x20 build/decoder/STM32F30x_decoder.o
                0x0800f2a4                NVIC_IPR12_fields
 .rodata.NVIC_IPR11_fields
                0x0800f2c4       0x20 build/decoder/STM32F30x_decoder.o
                0x0800f2c4                NVIC_IPR11_fields
 .rodata.NVIC_IPR10_fields
                0x0800f2e4       0x20 build/decoder/STM32F30x_decoder.o
                0x0800f2e4                NVIC_IPR10_fields
 .rodata.NVIC_IPR9_fields
                0x0800f304       0x20 build/decoder/STM32F30x_decoder.o
                0x0800f304                NVIC_IPR9_fields
 .rodata.NVIC_IPR8_fields
                0x0800f324       0x20 build/decoder/STM32F30x_decoder.o
                0x0800f324                NVIC_IPR8_fields
 .rodata.NVIC_IPR7_fields
                0x0800f344       0x20 build/decoder/STM32F30x_decoder.o
                0x0800f344                NVIC_IPR7_fields
 .rodata.NVIC_IPR6_fields
                0x0800f364       0x20 build/decoder/STM32F30x_decoder.o
                0x0800f364                NVIC_IPR6_fields
 .rodata.NVIC_IPR5_fields
                0x0800f384       0x20 build/decoder/STM32F30x_decoder.o
                0x0800f384                NVIC_IPR5_fields
 .rodata.NVIC_IPR4_fields
                0x0800f3a4       0x20 build/decoder/STM32F30x_decoder.o
                0x0800f3a4                NVIC_IPR4_fields
 .rodata.NVIC_IPR3_fields
                0x0800f3c4       0x20 build/decoder/STM32F30x_decoder.o
                0x0800f3c4                NVIC_IPR3_fields
 .rodata.NVIC_IPR2_fields
                0x0800f3e4       0x20 build/decoder/STM32F30x_decoder.o
                0x0800f3e4                NVIC_IPR2_fields
 .rodata.NVIC_IPR1_fields
                0x0800f404       0x20 build/decoder/STM32F30x_decoder.o
                0x0800f404                NVIC_IPR1_fields
 .rodata.NVIC_IPR0_fields
                0x0800f424       0x20 build/decoder/STM32F30x_decoder.o
                0x0800f424                NVIC_IPR0_fields
 .rodata.NVIC_IABR2_fields
                0x0800f444        0x8 build/decoder/STM32F30x_decoder.o
                0x0800f444                NVIC_IABR2_fields
 .rodata.NVIC_IABR1_fields
                0x0800f44c        0x8 build/decoder/STM32F30x_decoder.o
                0x0800f44c                NVIC_IABR1_fields
 .rodata.NVIC_IABR0_fields
                0x0800f454        0x8 build/decoder/STM32F30x_decoder.o
                0x0800f454                NVIC_IABR0_fields
 .rodata.NVIC_ICPR2_fields
                0x0800f45c        0x8 build/decoder/STM32F30x_decoder.o
                0x0800f45c                NVIC_ICPR2_fields
 .rodata.NVIC_ICPR1_fields
                0x0800f464        0x8 build/decoder/STM32F30x_decoder.o
                0x0800f464                NVIC_ICPR1_fields
 .rodata.NVIC_ICPR0_fields
                0x0800f46c        0x8 build/decoder/STM32F30x_decoder.o
                0x0800f46c                NVIC_ICPR0_fields
 .rodata.NVIC_ISPR2_fields
                0x0800f474        0x8 build/decoder/STM32F30x_decoder.o
                0x0800f474                NVIC_ISPR2_fields
 .rodata.NVIC_ISPR1_fields
                0x0800f47c        0x8 build/decoder/STM32F30x_decoder.o
                0x0800f47c                NVIC_ISPR1_fields
 .rodata.NVIC_ISPR0_fields
                0x0800f484        0x8 build/decoder/STM32F30x_decoder.o
                0x0800f484                NVIC_ISPR0_fields
 .rodata.NVIC_ICER2_fields
                0x0800f48c        0x8 build/decoder/STM32F30x_decoder.o
                0x0800f48c                NVIC_ICER2_fields
 .rodata.NVIC_ICER1_fields
                0x0800f494        0x8 build/decoder/STM32F30x_decoder.o
                0x0800f494                NVIC_ICER1_fields
 .rodata.NVIC_ICER0_fields
                0x0800f49c        0x8 build/decoder/STM32F30x_decoder.o
                0x0800f49c                NVIC_ICER0_fields
 .rodata.NVIC_ISER2_fields
                0x0800f4a4        0x8 build/decoder/STM32F30x_decoder.o
                0x0800f4a4                NVIC_ISER2_fields
 .rodata.NVIC_ISER1_fields
                0x0800f4ac        0x8 build/decoder/STM32F30x_decoder.o
                0x0800f4ac                NVIC_ISER1_fields
 .rodata.NVIC_ISER0_fields
                0x0800f4b4        0x8 build/decoder/STM32F30x_decoder.o
                0x0800f4b4                NVIC_ISER0_fields
 .rodata.NVIC_ICTR_fields
                0x0800f4bc        0x8 build/decoder/STM32F30x_decoder.o
                0x0800f4bc                NVIC_ICTR_fields
 .rodata.ADC1_2_registers
                0x0800f4c4       0x30 build/decoder/STM32F30x_decoder.o
                0x0800f4c4                ADC1_2_registers
 .rodata.ADC1_2_CDR_fields
                0x0800f4f4       0x10 build/decoder/STM32F30x_decoder.o
                0x0800f4f4                ADC1_2_CDR_fields
 .rodata.ADC1_2_CCR_fields
                0x0800f504       0x40 build/decoder/STM32F30x_decoder.o
                0x0800f504                ADC1_2_CCR_fields
 .rodata.ADC1_2_CSR_fields
                0x0800f544       0xb0 build/decoder/STM32F30x_decoder.o
                0x0800f544                ADC1_2_CSR_fields
 .rodata.ADC1_registers
                0x0800f5f4      0x1b0 build/decoder/STM32F30x_decoder.o
                0x0800f5f4                ADC1_registers
 .rodata.ADC1_CALFACT_fields
                0x0800f7a4       0x10 build/decoder/STM32F30x_decoder.o
                0x0800f7a4                ADC1_CALFACT_fields
 .rodata.ADC1_DIFSEL_fields
                0x0800f7b4       0x10 build/decoder/STM32F30x_decoder.o
                0x0800f7b4                ADC1_DIFSEL_fields
 .rodata.ADC1_AWD3CR_fields
                0x0800f7c4        0x8 build/decoder/STM32F30x_decoder.o
                0x0800f7c4                ADC1_AWD3CR_fields
 .rodata.ADC1_AWD2CR_fields
                0x0800f7cc        0x8 build/decoder/STM32F30x_decoder.o
                0x0800f7cc                ADC1_AWD2CR_fields
 .rodata.ADC1_JDR4_fields
                0x0800f7d4        0x8 build/decoder/STM32F30x_decoder.o
                0x0800f7d4                ADC1_JDR4_fields
 .rodata.ADC1_JDR3_fields
                0x0800f7dc        0x8 build/decoder/STM32F30x_decoder.o
                0x0800f7dc                ADC1_JDR3_fields
 .rodata.ADC1_JDR2_fields
                0x0800f7e4        0x8 build/decoder/STM32F30x_decoder.o
                0x0800f7e4                ADC1_JDR2_fields
 .rodata.ADC1_JDR1_fields
                0x0800f7ec        0x8 build/decoder/STM32F30x_decoder.o
                0x0800f7ec                ADC1_JDR1_fields
 .rodata.ADC1_OFR4_fields
                0x0800f7f4       0x18 build/decoder/STM32F30x_decoder.o
                0x0800f7f4                ADC1_OFR4_fields
 .rodata.ADC1_OFR3_fields
                0x0800f80c       0x18 build/decoder/STM32F30x_decoder.o
                0x0800f80c                ADC1_OFR3_fields
 .rodata.ADC1_OFR2_fields
                0x0800f824       0x18 build/decoder/STM32F30x_decoder.o
                0x0800f824                ADC1_OFR2_fields
 .rodata.ADC1_OFR1_fields
                0x0800f83c       0x18 build/decoder/STM32F30x_decoder.o
                0x0800f83c                ADC1_OFR1_fields
 .rodata.ADC1_JSQR_fields
                0x0800f854       0x38 build/decoder/STM32F30x_decoder.o
                0x0800f854                ADC1_JSQR_fields
 .rodata.ADC1_DR_fields
                0x0800f88c        0x8 build/decoder/STM32F30x_decoder.o
                0x0800f88c                ADC1_DR_fields
 .rodata.ADC1_SQR4_fields
                0x0800f894       0x10 build/decoder/STM32F30x_decoder.o
                0x0800f894                ADC1_SQR4_fields
 .rodata.ADC1_SQR3_fields
                0x0800f8a4       0x28 build/decoder/STM32F30x_decoder.o
                0x0800f8a4                ADC1_SQR3_fields
 .rodata.ADC1_SQR2_fields
                0x0800f8cc       0x28 build/decoder/STM32F30x_decoder.o
                0x0800f8cc                ADC1_SQR2_fields
 .rodata.ADC1_SQR1_fields
                0x0800f8f4       0x28 build/decoder/STM32F30x_decoder.o
                0x0800f8f4                ADC1_SQR1_fields
 .rodata.ADC1_TR3_fields
                0x0800f91c       0x10 build/decoder/STM32F30x_decoder.o
                0x0800f91c                ADC1_TR3_fields
 .rodata.ADC1_TR2_fields
                0x0800f92c       0x10 build/decoder/STM32F30x_decoder.o
                0x0800f92c                ADC1_TR2_fields
 .rodata.ADC1_TR1_fields
                0x0800f93c       0x10 build/decoder/STM32F30x_decoder.o
                0x0800f93c                ADC1_TR1_fields
 .rodata.ADC1_SMPR2_fields
                0x0800f94c       0x48 build/decoder/STM32F30x_decoder.o
                0x0800f94c                ADC1_SMPR2_fields
 .rodata.ADC1_SMPR1_fields
                0x0800f994       0x48 build/decoder/STM32F30x_decoder.o
                0x0800f994                ADC1_SMPR1_fields
 .rodata.ADC1_CFGR_fields
                0x0800f9dc       0x98 build/decoder/STM32F30x_decoder.o
                0x0800f9dc                ADC1_CFGR_fields
 .rodata.ADC1_CR_fields
                0x0800fa74       0x50 build/decoder/STM32F30x_decoder.o
                0x0800fa74                ADC1_CR_fields
 .rodata.ADC1_IER_fields
                0x0800fac4       0x58 build/decoder/STM32F30x_decoder.o
                0x0800fac4                ADC1_IER_fields
 .rodata.ADC1_ISR_fields
                0x0800fb1c       0x58 build/decoder/STM32F30x_decoder.o
                0x0800fb1c                ADC1_ISR_fields
 .rodata.GPIOB_registers
                0x0800fb74       0xb0 build/decoder/STM32F30x_decoder.o
                0x0800fb74                GPIOB_registers
 .rodata.GPIOB_BRR_fields
                0x0800fc24       0x80 build/decoder/STM32F30x_decoder.o
                0x0800fc24                GPIOB_BRR_fields
 .rodata.GPIOB_AFRH_fields
                0x0800fca4       0x40 build/decoder/STM32F30x_decoder.o
                0x0800fca4                GPIOB_AFRH_fields
 .rodata.GPIOB_AFRL_fields
                0x0800fce4       0x40 build/decoder/STM32F30x_decoder.o
                0x0800fce4                GPIOB_AFRL_fields
 .rodata.GPIOB_LCKR_fields
                0x0800fd24       0x88 build/decoder/STM32F30x_decoder.o
                0x0800fd24                GPIOB_LCKR_fields
 .rodata.GPIOB_BSRR_fields
                0x0800fdac      0x100 build/decoder/STM32F30x_decoder.o
                0x0800fdac                GPIOB_BSRR_fields
 .rodata.GPIOB_ODR_fields
                0x0800feac       0x80 build/decoder/STM32F30x_decoder.o
                0x0800feac                GPIOB_ODR_fields
 .rodata.GPIOB_IDR_fields
                0x0800ff2c       0x80 build/decoder/STM32F30x_decoder.o
                0x0800ff2c                GPIOB_IDR_fields
 .rodata.GPIOB_PUPDR_fields
                0x0800ffac       0x80 build/decoder/STM32F30x_decoder.o
                0x0800ffac                GPIOB_PUPDR_fields
 .rodata.GPIOB_OSPEEDR_fields
                0x0801002c       0x80 build/decoder/STM32F30x_decoder.o
                0x0801002c                GPIOB_OSPEEDR_fields
 .rodata.GPIOB_OTYPER_fields
                0x080100ac       0x80 build/decoder/STM32F30x_decoder.o
                0x080100ac                GPIOB_OTYPER_fields
 .rodata.GPIOB_MODER_fields
                0x0801012c       0x80 build/decoder/STM32F30x_decoder.o
                0x0801012c                GPIOB_MODER_fields
 .rodata.GPIOA_registers
                0x080101ac       0xb0 build/decoder/STM32F30x_decoder.o
                0x080101ac                GPIOA_registers
 .rodata.GPIOA_BRR_fields
                0x0801025c       0x80 build/decoder/STM32F30x_decoder.o
                0x0801025c                GPIOA_BRR_fields
 .rodata.GPIOA_AFRH_fields
                0x080102dc       0x40 build/decoder/STM32F30x_decoder.o
                0x080102dc                GPIOA_AFRH_fields
 .rodata.GPIOA_AFRL_fields
                0x0801031c       0x40 build/decoder/STM32F30x_decoder.o
                0x0801031c                GPIOA_AFRL_fields
 .rodata.GPIOA_LCKR_fields
                0x0801035c       0x88 build/decoder/STM32F30x_decoder.o
                0x0801035c                GPIOA_LCKR_fields
 .rodata.GPIOA_BSRR_fields
                0x080103e4      0x100 build/decoder/STM32F30x_decoder.o
                0x080103e4                GPIOA_BSRR_fields
 .rodata.GPIOA_ODR_fields
                0x080104e4       0x80 build/decoder/STM32F30x_decoder.o
                0x080104e4                GPIOA_ODR_fields
 .rodata.GPIOA_IDR_fields
                0x08010564       0x80 build/decoder/STM32F30x_decoder.o
                0x08010564                GPIOA_IDR_fields
 .rodata.GPIOA_PUPDR_fields
                0x080105e4       0x80 build/decoder/STM32F30x_decoder.o
                0x080105e4                GPIOA_PUPDR_fields
 .rodata.GPIOA_OSPEEDR_fields
                0x08010664       0x80 build/decoder/STM32F30x_decoder.o
                0x08010664                GPIOA_OSPEEDR_fields
 .rodata.GPIOA_OTYPER_fields
                0x080106e4       0x80 build/decoder/STM32F30x_decoder.o
                0x080106e4                GPIOA_OTYPER_fields
 .rodata.GPIOA_MODER_fields
                0x08010764       0x80 build/decoder/STM32F30x_decoder.o
                0x08010764                GPIOA_MODER_fields
 .rodata.TSC_registers
                0x080107e4      0x110 build/decoder/STM32F30x_decoder.o
                0x080107e4                TSC_registers
 .rodata.TSC_IOG8CR_fields
                0x080108f4        0x8 build/decoder/STM32F30x_decoder.o
                0x080108f4                TSC_IOG8CR_fields
 .rodata.TSC_IOG7CR_fields
                0x080108fc        0x8 build/decoder/STM32F30x_decoder.o
                0x080108fc                TSC_IOG7CR_fields
 .rodata.TSC_IOG6CR_fields
                0x08010904        0x8 build/decoder/STM32F30x_decoder.o
                0x08010904                TSC_IOG6CR_fields
 .rodata.TSC_IOG5CR_fields
                0x0801090c        0x8 build/decoder/STM32F30x_decoder.o
                0x0801090c                TSC_IOG5CR_fields
 .rodata.TSC_IOG4CR_fields
                0x08010914        0x8 build/decoder/STM32F30x_decoder.o
                0x08010914                TSC_IOG4CR_fields
 .rodata.TSC_IOG3CR_fields
                0x0801091c        0x8 build/decoder/STM32F30x_decoder.o
                0x0801091c                TSC_IOG3CR_fields
 .rodata.TSC_IOG2CR_fields
                0x08010924        0x8 build/decoder/STM32F30x_decoder.o
                0x08010924                TSC_IOG2CR_fields
 .rodata.TSC_IOG1CR_fields
                0x0801092c        0x8 build/decoder/STM32F30x_decoder.o
                0x0801092c                TSC_IOG1CR_fields
 .rodata.TSC_IOGCSR_fields
                0x08010934       0x80 build/decoder/STM32F30x_decoder.o
                0x08010934                TSC_IOGCSR_fields
 .rodata.TSC_IOCCR_fields
                0x080109b4      0x100 build/decoder/STM32F30x_decoder.o
                0x080109b4                TSC_IOCCR_fields
 .rodata.TSC_IOSCR_fields
                0x08010ab4      0x100 build/decoder/STM32F30x_decoder.o
                0x08010ab4                TSC_IOSCR_fields
 .rodata.TSC_IOASCR_fields
                0x08010bb4      0x100 build/decoder/STM32F30x_decoder.o
                0x08010bb4                TSC_IOASCR_fields
 .rodata.TSC_IOHCR_fields
                0x08010cb4      0x100 build/decoder/STM32F30x_decoder.o
                0x08010cb4                TSC_IOHCR_fields
 .rodata.TSC_ISR_fields
                0x08010db4       0x10 build/decoder/STM32F30x_decoder.o
                0x08010db4                TSC_ISR_fields
 .rodata.TSC_ICR_fields
                0x08010dc4       0x10 build/decoder/STM32F30x_decoder.o
                0x08010dc4                TSC_ICR_fields
 .rodata.TSC_IER_fields
                0x08010dd4       0x10 build/decoder/STM32F30x_decoder.o
                0x08010dd4                TSC_IER_fields
 .rodata.TSC_CR_fields
                0x08010de4       0x60 build/decoder/STM32F30x_decoder.o
                0x08010de4                TSC_CR_fields
 .rodata.CRC_registers
                0x08010e44       0x50 build/decoder/STM32F30x_decoder.o
                0x08010e44                CRC_registers
 .rodata.CRC_POL_fields
                0x08010e94        0x8 build/decoder/STM32F30x_decoder.o
                0x08010e94                CRC_POL_fields
 .rodata.CRC_INIT_fields
                0x08010e9c        0x8 build/decoder/STM32F30x_decoder.o
                0x08010e9c                CRC_INIT_fields
 .rodata.CRC_CR_fields
                0x08010ea4       0x20 build/decoder/STM32F30x_decoder.o
                0x08010ea4                CRC_CR_fields
 .rodata.CRC_IDR_fields
                0x08010ec4        0x8 build/decoder/STM32F30x_decoder.o
                0x08010ec4                CRC_IDR_fields
 .rodata.CRC_DR_fields
                0x08010ecc        0x8 build/decoder/STM32F30x_decoder.o
                0x08010ecc                CRC_DR_fields
 .rodata.Flash_registers
                0x08010ed4       0x80 build/decoder/STM32F30x_decoder.o
                0x08010ed4                Flash_registers
 .rodata.Flash_WRPR_fields
                0x08010f54        0x8 build/decoder/STM32F30x_decoder.o
                0x08010f54                Flash_WRPR_fields
 .rodata.Flash_OBR_fields
                0x08010f5c       0x58 build/decoder/STM32F30x_decoder.o
                0x08010f5c                Flash_OBR_fields
 .rodata.Flash_AR_fields
                0x08010fb4        0x8 build/decoder/STM32F30x_decoder.o
                0x08010fb4                Flash_AR_fields
 .rodata.Flash_CR_fields
                0x08010fbc       0x58 build/decoder/STM32F30x_decoder.o
                0x08010fbc                Flash_CR_fields
 .rodata.Flash_SR_fields
                0x08011014       0x20 build/decoder/STM32F30x_decoder.o
                0x08011014                Flash_SR_fields
 .rodata.Flash_OPTKEYR_fields
                0x08011034        0x8 build/decoder/STM32F30x_decoder.o
                0x08011034                Flash_OPTKEYR_fields
 .rodata.Flash_KEYR_fields
                0x0801103c        0x8 build/decoder/STM32F30x_decoder.o
                0x0801103c                Flash_KEYR_fields
 .rodata.Flash_ACR_fields
                0x08011044       0x18 build/decoder/STM32F30x_decoder.o
                0x08011044                Flash_ACR_fields
 .rodata.RCC_registers
                0x0801105c       0xd0 build/decoder/STM32F30x_decoder.o
                0x0801105c                RCC_registers
 .rodata.RCC_CFGR3_fields
                0x0801112c       0x48 build/decoder/STM32F30x_decoder.o
                0x0801112c                RCC_CFGR3_fields
 .rodata.RCC_CFGR2_fields
                0x08011174       0x18 build/decoder/STM32F30x_decoder.o
                0x08011174                RCC_CFGR2_fields
 .rodata.RCC_AHBRSTR_fields
                0x0801118c       0x48 build/decoder/STM32F30x_decoder.o
                0x0801118c                RCC_AHBRSTR_fields
 .rodata.RCC_CSR_fields
                0x080111d4       0x50 build/decoder/STM32F30x_decoder.o
                0x080111d4                RCC_CSR_fields
 .rodata.RCC_BDCR_fields
                0x08011224       0x38 build/decoder/STM32F30x_decoder.o
                0x08011224                RCC_BDCR_fields
 .rodata.RCC_APB1ENR_fields
                0x0801125c       0x78 build/decoder/STM32F30x_decoder.o
                0x0801125c                RCC_APB1ENR_fields
 .rodata.RCC_APB2ENR_fields
                0x080112d4       0x40 build/decoder/STM32F30x_decoder.o
                0x080112d4                RCC_APB2ENR_fields
 .rodata.RCC_AHBENR_fields
                0x08011314       0x70 build/decoder/STM32F30x_decoder.o
                0x08011314                RCC_AHBENR_fields
 .rodata.RCC_APB1RSTR_fields
                0x08011384       0x90 build/decoder/STM32F30x_decoder.o
                0x08011384                RCC_APB1RSTR_fields
 .rodata.RCC_APB2RSTR_fields
                0x08011414       0x40 build/decoder/STM32F30x_decoder.o
                0x08011414                RCC_APB2RSTR_fields
 .rodata.RCC_CIR_fields
                0x08011454       0x88 build/decoder/STM32F30x_decoder.o
                0x08011454                RCC_CIR_fields
 .rodata.RCC_CFGR_fields
                0x080114dc       0x60 build/decoder/STM32F30x_decoder.o
                0x080114dc                RCC_CFGR_fields
 .rodata.RCC_CR_fields
                0x0801153c       0x50 build/decoder/STM32F30x_decoder.o
                0x0801153c                RCC_CR_fields
 .rodata.DMA1_registers
                0x0801158c      0x1e0 build/decoder/STM32F30x_decoder.o
                0x0801158c                DMA1_registers
 .rodata.DMA1_CMAR7_fields
                0x0801176c        0x8 build/decoder/STM32F30x_decoder.o
                0x0801176c                DMA1_CMAR7_fields
 .rodata.DMA1_CPAR7_fields
                0x08011774        0x8 build/decoder/STM32F30x_decoder.o
                0x08011774                DMA1_CPAR7_fields
 .rodata.DMA1_CNDTR7_fields
                0x0801177c        0x8 build/decoder/STM32F30x_decoder.o
                0x0801177c                DMA1_CNDTR7_fields
 .rodata.DMA1_CCR7_fields
                0x08011784       0x60 build/decoder/STM32F30x_decoder.o
                0x08011784                DMA1_CCR7_fields
 .rodata.DMA1_CMAR6_fields
                0x080117e4        0x8 build/decoder/STM32F30x_decoder.o
                0x080117e4                DMA1_CMAR6_fields
 .rodata.DMA1_CPAR6_fields
                0x080117ec        0x8 build/decoder/STM32F30x_decoder.o
                0x080117ec                DMA1_CPAR6_fields
 .rodata.DMA1_CNDTR6_fields
                0x080117f4        0x8 build/decoder/STM32F30x_decoder.o
                0x080117f4                DMA1_CNDTR6_fields
 .rodata.DMA1_CCR6_fields
                0x080117fc       0x60 build/decoder/STM32F30x_decoder.o
                0x080117fc                DMA1_CCR6_fields
 .rodata.DMA1_CMAR5_fields
                0x0801185c        0x8 build/decoder/STM32F30x_decoder.o
                0x0801185c                DMA1_CMAR5_fields
 .rodata.DMA1_CPAR5_fields
                0x08011864        0x8 build/decoder/STM32F30x_decoder.o
                0x08011864                DMA1_CPAR5_fields
 .rodata.DMA1_CNDTR5_fields
                0x0801186c        0x8 build/decoder/STM32F30x_decoder.o
                0x0801186c                DMA1_CNDTR5_fields
 .rodata.DMA1_CCR5_fields
                0x08011874       0x60 build/decoder/STM32F30x_decoder.o
                0x08011874                DMA1_CCR5_fields
 .rodata.DMA1_CMAR4_fields
                0x080118d4        0x8 build/decoder/STM32F30x_decoder.o
                0x080118d4                DMA1_CMAR4_fields
 .rodata.DMA1_CPAR4_fields
                0x080118dc        0x8 build/decoder/STM32F30x_decoder.o
                0x080118dc                DMA1_CPAR4_fields
 .rodata.DMA1_CNDTR4_fields
                0x080118e4        0x8 build/decoder/STM32F30x_decoder.o
                0x080118e4                DMA1_CNDTR4_fields
 .rodata.DMA1_CCR4_fields
                0x080118ec       0x60 build/decoder/STM32F30x_decoder.o
                0x080118ec                DMA1_CCR4_fields
 .rodata.DMA1_CMAR3_fields
                0x0801194c        0x8 build/decoder/STM32F30x_decoder.o
                0x0801194c                DMA1_CMAR3_fields
 .rodata.DMA1_CPAR3_fields
                0x08011954        0x8 build/decoder/STM32F30x_decoder.o
                0x08011954                DMA1_CPAR3_fields
 .rodata.DMA1_CNDTR3_fields
                0x0801195c        0x8 build/decoder/STM32F30x_decoder.o
                0x0801195c                DMA1_CNDTR3_fields
 .rodata.DMA1_CCR3_fields
                0x08011964       0x60 build/decoder/STM32F30x_decoder.o
                0x08011964                DMA1_CCR3_fields
 .rodata.DMA1_CMAR2_fields
                0x080119c4        0x8 build/decoder/STM32F30x_decoder.o
                0x080119c4                DMA1_CMAR2_fields
 .rodata.DMA1_CPAR2_fields
                0x080119cc        0x8 build/decoder/STM32F30x_decoder.o
                0x080119cc                DMA1_CPAR2_fields
 .rodata.DMA1_CNDTR2_fields
                0x080119d4        0x8 build/decoder/STM32F30x_decoder.o
                0x080119d4                DMA1_CNDTR2_fields
 .rodata.DMA1_CCR2_fields
                0x080119dc       0x60 build/decoder/STM32F30x_decoder.o
                0x080119dc                DMA1_CCR2_fields
 .rodata.DMA1_CMAR1_fields
                0x08011a3c        0x8 build/decoder/STM32F30x_decoder.o
                0x08011a3c                DMA1_CMAR1_fields
 .rodata.DMA1_CPAR1_fields
                0x08011a44        0x8 build/decoder/STM32F30x_decoder.o
                0x08011a44                DMA1_CPAR1_fields
 .rodata.DMA1_CNDTR1_fields
                0x08011a4c        0x8 build/decoder/STM32F30x_decoder.o
                0x08011a4c                DMA1_CNDTR1_fields
 .rodata.DMA1_CCR1_fields
                0x08011a54       0x60 build/decoder/STM32F30x_decoder.o
                0x08011a54                DMA1_CCR1_fields
 .rodata.DMA1_IFCR_fields
                0x08011ab4       0xe0 build/decoder/STM32F30x_decoder.o
                0x08011ab4                DMA1_IFCR_fields
 .rodata.DMA1_ISR_fields
                0x08011b94       0xe0 build/decoder/STM32F30x_decoder.o
                0x08011b94                DMA1_ISR_fields
 .rodata.TIM17_registers
                0x08011c74      0x100 build/decoder/STM32F30x_decoder.o
                0x08011c74                TIM17_registers
 .rodata.TIM17_DMAR_fields
                0x08011d74        0x8 build/decoder/STM32F30x_decoder.o
                0x08011d74                TIM17_DMAR_fields
 .rodata.TIM17_DCR_fields
                0x08011d7c       0x10 build/decoder/STM32F30x_decoder.o
                0x08011d7c                TIM17_DCR_fields
 .rodata.TIM17_BDTR_fields
                0x08011d8c       0x48 build/decoder/STM32F30x_decoder.o
                0x08011d8c                TIM17_BDTR_fields
 .rodata.TIM17_CCR1_fields
                0x08011dd4        0x8 build/decoder/STM32F30x_decoder.o
                0x08011dd4                TIM17_CCR1_fields
 .rodata.TIM17_RCR_fields
                0x08011ddc        0x8 build/decoder/STM32F30x_decoder.o
                0x08011ddc                TIM17_RCR_fields
 .rodata.TIM17_ARR_fields
                0x08011de4        0x8 build/decoder/STM32F30x_decoder.o
                0x08011de4                TIM17_ARR_fields
 .rodata.TIM17_PSC_fields
                0x08011dec        0x8 build/decoder/STM32F30x_decoder.o
                0x08011dec                TIM17_PSC_fields
 .rodata.TIM17_CNT_fields
                0x08011df4       0x10 build/decoder/STM32F30x_decoder.o
                0x08011df4                TIM17_CNT_fields
 .rodata.TIM17_CCER_fields
                0x08011e04       0x20 build/decoder/STM32F30x_decoder.o
                0x08011e04                TIM17_CCER_fields
 .rodata.TIM17_CCMR1_Input_fields
                0x08011e24       0x18 build/decoder/STM32F30x_decoder.o
                0x08011e24                TIM17_CCMR1_Input_fields
 .rodata.TIM17_CCMR1_Output_fields
                0x08011e3c       0x28 build/decoder/STM32F30x_decoder.o
                0x08011e3c                TIM17_CCMR1_Output_fields
 .rodata.TIM17_EGR_fields
                0x08011e64       0x28 build/decoder/STM32F30x_decoder.o
                0x08011e64                TIM17_EGR_fields
 .rodata.TIM17_SR_fields
                0x08011e8c       0x30 build/decoder/STM32F30x_decoder.o
                0x08011e8c                TIM17_SR_fields
 .rodata.TIM17_DIER_fields
                0x08011ebc       0x48 build/decoder/STM32F30x_decoder.o
                0x08011ebc                TIM17_DIER_fields
 .rodata.TIM17_CR2_fields
                0x08011f04       0x28 build/decoder/STM32F30x_decoder.o
                0x08011f04                TIM17_CR2_fields
 .rodata.TIM17_CR1_fields
                0x08011f2c       0x38 build/decoder/STM32F30x_decoder.o
                0x08011f2c                TIM17_CR1_fields
 .rodata.TIM16_registers
                0x08011f64      0x110 build/decoder/STM32F30x_decoder.o
                0x08011f64                TIM16_registers
 .rodata.TIM16_DMAR_fields
                0x08012074        0x8 build/decoder/STM32F30x_decoder.o
                0x08012074                TIM16_DMAR_fields
 .rodata.TIM16_DCR_fields
                0x0801207c       0x10 build/decoder/STM32F30x_decoder.o
                0x0801207c                TIM16_DCR_fields
 .rodata.TIM16_BDTR_fields
                0x0801208c       0x48 build/decoder/STM32F30x_decoder.o
                0x0801208c                TIM16_BDTR_fields
 .rodata.TIM16_CCR1_fields
                0x080120d4        0x8 build/decoder/STM32F30x_decoder.o
                0x080120d4                TIM16_CCR1_fields
 .rodata.TIM16_RCR_fields
                0x080120dc        0x8 build/decoder/STM32F30x_decoder.o
                0x080120dc                TIM16_RCR_fields
 .rodata.TIM16_ARR_fields
                0x080120e4        0x8 build/decoder/STM32F30x_decoder.o
                0x080120e4                TIM16_ARR_fields
 .rodata.TIM16_PSC_fields
                0x080120ec        0x8 build/decoder/STM32F30x_decoder.o
                0x080120ec                TIM16_PSC_fields
 .rodata.TIM16_CNT_fields
                0x080120f4       0x10 build/decoder/STM32F30x_decoder.o
                0x080120f4                TIM16_CNT_fields
 .rodata.TIM16_CCER_fields
                0x08012104       0x20 build/decoder/STM32F30x_decoder.o
                0x08012104                TIM16_CCER_fields
 .rodata.TIM16_CCMR1_Input_fields
                0x08012124       0x18 build/decoder/STM32F30x_decoder.o
                0x08012124                TIM16_CCMR1_Input_fields
 .rodata.TIM16_CCMR1_Output_fields
                0x0801213c       0x28 build/decoder/STM32F30x_decoder.o
                0x0801213c                TIM16_CCMR1_Output_fields
 .rodata.TIM16_EGR_fields
                0x08012164       0x28 build/decoder/STM32F30x_decoder.o
                0x08012164                TIM16_EGR_fields
 .rodata.TIM16_SR_fields
                0x0801218c       0x30 build/decoder/STM32F30x_decoder.o
                0x0801218c                TIM16_SR_fields
 .rodata.TIM16_DIER_fields
                0x080121bc       0x48 build/decoder/STM32F30x_decoder.o
                0x080121bc                TIM16_DIER_fields
 .rodata.TIM16_CR2_fields
                0x08012204       0x28 build/decoder/STM32F30x_decoder.o
                0x08012204                TIM16_CR2_fields
 .rodata.TIM16_CR1_fields
                0x0801222c       0x38 build/decoder/STM32F30x_decoder.o
                0x0801222c                TIM16_CR1_fields